Archive member included to satisfy reference by file (symbol)

c:/program files (x86)/atmel/studio/7.0/toolchain/arm/arm-gnu-toolchain/bin/../lib/gcc/arm-none-eabi/6.3.1/thumb/v6-m\libgcc.a(_aeabi_uldivmod.o)
                              hpl/sercom/hpl_sercom.o (__aeabi_uldivmod)
c:/program files (x86)/atmel/studio/7.0/toolchain/arm/arm-gnu-toolchain/bin/../lib/gcc/arm-none-eabi/6.3.1/thumb/v6-m\libgcc.a(_muldi3.o)
                              hpl/sercom/hpl_sercom.o (__aeabi_lmul)
c:/program files (x86)/atmel/studio/7.0/toolchain/arm/arm-gnu-toolchain/bin/../lib/gcc/arm-none-eabi/6.3.1/thumb/v6-m\libgcc.a(_fixunssfsi.o)
                              hpl/tsens/hpl_tsens.o (__aeabi_f2uiz)
c:/program files (x86)/atmel/studio/7.0/toolchain/arm/arm-gnu-toolchain/bin/../lib/gcc/arm-none-eabi/6.3.1/thumb/v6-m\libgcc.a(_fixunsdfsi.o)
                              hpl/sercom/hpl_sercom.o (__aeabi_d2uiz)
c:/program files (x86)/atmel/studio/7.0/toolchain/arm/arm-gnu-toolchain/bin/../lib/gcc/arm-none-eabi/6.3.1/thumb/v6-m\libgcc.a(_udivmoddi4.o)
                              c:/program files (x86)/atmel/studio/7.0/toolchain/arm/arm-gnu-toolchain/bin/../lib/gcc/arm-none-eabi/6.3.1/thumb/v6-m\libgcc.a(_aeabi_uldivmod.o) (__udivmoddi4)
c:/program files (x86)/atmel/studio/7.0/toolchain/arm/arm-gnu-toolchain/bin/../lib/gcc/arm-none-eabi/6.3.1/thumb/v6-m\libgcc.a(mulsf3.o)
                              hpl/tsens/hpl_tsens.o (__aeabi_fmul)
c:/program files (x86)/atmel/studio/7.0/toolchain/arm/arm-gnu-toolchain/bin/../lib/gcc/arm-none-eabi/6.3.1/thumb/v6-m\libgcc.a(subsf3.o)
                              c:/program files (x86)/atmel/studio/7.0/toolchain/arm/arm-gnu-toolchain/bin/../lib/gcc/arm-none-eabi/6.3.1/thumb/v6-m\libgcc.a(_fixunssfsi.o) (__aeabi_fsub)
c:/program files (x86)/atmel/studio/7.0/toolchain/arm/arm-gnu-toolchain/bin/../lib/gcc/arm-none-eabi/6.3.1/thumb/v6-m\libgcc.a(fixsfsi.o)
                              c:/program files (x86)/atmel/studio/7.0/toolchain/arm/arm-gnu-toolchain/bin/../lib/gcc/arm-none-eabi/6.3.1/thumb/v6-m\libgcc.a(_fixunssfsi.o) (__aeabi_f2iz)
c:/program files (x86)/atmel/studio/7.0/toolchain/arm/arm-gnu-toolchain/bin/../lib/gcc/arm-none-eabi/6.3.1/thumb/v6-m\libgcc.a(floatunsisf.o)
                              hpl/tsens/hpl_tsens.o (__aeabi_ui2f)
c:/program files (x86)/atmel/studio/7.0/toolchain/arm/arm-gnu-toolchain/bin/../lib/gcc/arm-none-eabi/6.3.1/thumb/v6-m\libgcc.a(divdf3.o)
                              hpl/sercom/hpl_sercom.o (__aeabi_ddiv)
c:/program files (x86)/atmel/studio/7.0/toolchain/arm/arm-gnu-toolchain/bin/../lib/gcc/arm-none-eabi/6.3.1/thumb/v6-m\libgcc.a(muldf3.o)
                              hpl/sercom/hpl_sercom.o (__aeabi_dmul)
c:/program files (x86)/atmel/studio/7.0/toolchain/arm/arm-gnu-toolchain/bin/../lib/gcc/arm-none-eabi/6.3.1/thumb/v6-m\libgcc.a(subdf3.o)
                              hpl/sercom/hpl_sercom.o (__aeabi_dsub)
c:/program files (x86)/atmel/studio/7.0/toolchain/arm/arm-gnu-toolchain/bin/../lib/gcc/arm-none-eabi/6.3.1/thumb/v6-m\libgcc.a(fixdfsi.o)
                              c:/program files (x86)/atmel/studio/7.0/toolchain/arm/arm-gnu-toolchain/bin/../lib/gcc/arm-none-eabi/6.3.1/thumb/v6-m\libgcc.a(_fixunsdfsi.o) (__aeabi_d2iz)
c:/program files (x86)/atmel/studio/7.0/toolchain/arm/arm-gnu-toolchain/bin/../lib/gcc/arm-none-eabi/6.3.1/thumb/v6-m\libgcc.a(floatsidf.o)
                              hpl/sercom/hpl_sercom.o (__aeabi_i2d)
c:/program files (x86)/atmel/studio/7.0/toolchain/arm/arm-gnu-toolchain/bin/../lib/gcc/arm-none-eabi/6.3.1/thumb/v6-m\libgcc.a(floatunsidf.o)
                              hpl/sercom/hpl_sercom.o (__aeabi_ui2d)
c:/program files (x86)/atmel/studio/7.0/toolchain/arm/arm-gnu-toolchain/bin/../lib/gcc/arm-none-eabi/6.3.1/thumb/v6-m\libgcc.a(_dvmd_tls.o)
                              c:/program files (x86)/atmel/studio/7.0/toolchain/arm/arm-gnu-toolchain/bin/../lib/gcc/arm-none-eabi/6.3.1/thumb/v6-m\libgcc.a(_aeabi_uldivmod.o) (__aeabi_ldiv0)
c:/program files (x86)/atmel/studio/7.0/toolchain/arm/arm-gnu-toolchain/bin/../lib/gcc/arm-none-eabi/6.3.1/thumb/v6-m\libgcc.a(_arm_cmpdf2.o)
                              c:/program files (x86)/atmel/studio/7.0/toolchain/arm/arm-gnu-toolchain/bin/../lib/gcc/arm-none-eabi/6.3.1/thumb/v6-m\libgcc.a(_fixunsdfsi.o) (__aeabi_dcmpge)
c:/program files (x86)/atmel/studio/7.0/toolchain/arm/arm-gnu-toolchain/bin/../lib/gcc/arm-none-eabi/6.3.1/thumb/v6-m\libgcc.a(_arm_cmpsf2.o)
                              c:/program files (x86)/atmel/studio/7.0/toolchain/arm/arm-gnu-toolchain/bin/../lib/gcc/arm-none-eabi/6.3.1/thumb/v6-m\libgcc.a(_fixunssfsi.o) (__aeabi_fcmpge)
c:/program files (x86)/atmel/studio/7.0/toolchain/arm/arm-gnu-toolchain/bin/../lib/gcc/arm-none-eabi/6.3.1/thumb/v6-m\libgcc.a(_clzsi2.o)
                              c:/program files (x86)/atmel/studio/7.0/toolchain/arm/arm-gnu-toolchain/bin/../lib/gcc/arm-none-eabi/6.3.1/thumb/v6-m\libgcc.a(mulsf3.o) (__clzsi2)
[...]
Memory Configuration

Name             Origin             Length             Attributes
rom              0x00000000         0x00020000         xr
ram              0x20000000         0x00004000         xrw
*default*        0x00000000         0xffffffff

Linker script and memory map

LOAD c:/program files (x86)/atmel/studio/7.0/toolchain/arm/arm-gnu-toolchain/bin/../lib/gcc/arm-none-eabi/6.3.1/thumb/v6-m/crti.o
LOAD c:/program files (x86)/atmel/studio/7.0/toolchain/arm/arm-gnu-toolchain/bin/../lib/gcc/arm-none-eabi/6.3.1/thumb/v6-m/crtbegin.o
LOAD c:/program files (x86)/atmel/studio/7.0/toolchain/arm/arm-gnu-toolchain/bin/../lib/gcc/arm-none-eabi/6.3.1/../../../../arm-none-eabi/lib/thumb/v6-m/crt0.o
LOAD atmel_start.o
LOAD Device_Startup/startup_samc21.o
LOAD Device_Startup/system_samc21.o
LOAD driver_init.o
LOAD examples/driver_examples.o
LOAD hal/src/hal_adc_sync.o
LOAD hal/src/hal_atomic.o
LOAD hal/src/hal_can_async.o
LOAD hal/src/hal_delay.o
LOAD hal/src/hal_gpio.o
LOAD hal/src/hal_init.o
LOAD hal/src/hal_io.o
LOAD hal/src/hal_sleep.o
LOAD hal/src/hal_temp_sync.o
LOAD hal/src/hal_usart_sync.o
LOAD hal/utils/src/utils_assert.o
LOAD hal/utils/src/utils_event.o
LOAD hal/utils/src/utils_list.o
LOAD hal/utils/src/utils_syscalls.o
LOAD hpl/adc/hpl_adc.o
LOAD hpl/can/hpl_can.o
LOAD hpl/core/hpl_core_m0plus_base.o
LOAD hpl/core/hpl_init.o
LOAD hpl/divas/hpl_divas.o
LOAD hpl/dmac/hpl_dmac.o
LOAD hpl/gclk/hpl_gclk.o
LOAD hpl/mclk/hpl_mclk.o
LOAD hpl/osc32kctrl/hpl_osc32kctrl.o
LOAD hpl/oscctrl/hpl_oscctrl.o
LOAD hpl/pm/hpl_pm.o
LOAD hpl/sercom/hpl_sercom.o
LOAD hpl/tsens/hpl_tsens.o
LOAD main.o
LOAD stdio_redirect/gcc/read.o
LOAD stdio_redirect/gcc/write.o
LOAD stdio_redirect/stdio_io.o
LOAD stdio_start.o
START GROUP
LOAD c:/program files (x86)/atmel/studio/7.0/toolchain/arm/arm-gnu-toolchain/bin/../lib/gcc/arm-none-eabi/6.3.1/../../../../arm-none-eabi/lib/thumb/v6-m\libm.a
END GROUP
START GROUP
LOAD c:/program files (x86)/atmel/studio/7.0/toolchain/arm/arm-gnu-toolchain/bin/../lib/gcc/arm-none-eabi/6.3.1/thumb/v6-m\libgcc.a
LOAD c:/program files (x86)/atmel/studio/7.0/toolchain/arm/arm-gnu-toolchain/bin/../lib/gcc/arm-none-eabi/6.3.1/../../../../arm-none-eabi/lib/thumb/v6-m\libc_nano.a
END GROUP
START GROUP
LOAD c:/program files (x86)/atmel/studio/7.0/toolchain/arm/arm-gnu-toolchain/bin/../lib/gcc/arm-none-eabi/6.3.1/thumb/v6-m\libgcc.a
LOAD c:/program files (x86)/atmel/studio/7.0/toolchain/arm/arm-gnu-toolchain/bin/../lib/gcc/arm-none-eabi/6.3.1/../../../../arm-none-eabi/lib/thumb/v6-m\libc_nano.a
END GROUP
LOAD c:/program files (x86)/atmel/studio/7.0/toolchain/arm/arm-gnu-toolchain/bin/../lib/gcc/arm-none-eabi/6.3.1/thumb/v6-m/crtend.o
LOAD c:/program files (x86)/atmel/studio/7.0/toolchain/arm/arm-gnu-toolchain/bin/../lib/gcc/arm-none-eabi/6.3.1/thumb/v6-m/crtn.o
                0x00001000                STACK_SIZE = DEFINED (STACK_SIZE)?STACK_SIZE:DEFINED (__stack_size__)?__stack_size__:0x1000

.text           0x00000000     0x407c
                0x00000000                . = ALIGN (0x4)
                0x00000000                _sfixed = .
 *(.vectors .vectors.*)
 .vectors       0x00000000       0xbc Device_Startup/startup_samc21.o
                0x00000000                exception_table
 *(.text .text.* .gnu.linkonce.t.*)
 .text          0x000000bc       0x60 c:/program files (x86)/atmel/studio/7.0/toolchain/arm/arm-gnu-toolchain/bin/../lib/gcc/arm-none-eabi/6.3.1/thumb/v6-m/crtbegin.o
 .text.atmel_start_init
                0x0000011c       0x14 atmel_start.o
                0x0000011c                atmel_start_init
 .text.Dummy_Handler
                0x00000130        0x2 Device_Startup/startup_samc21.o
                0x00000130                SVCall_Handler
                0x00000130                DMAC_Handler
                0x00000130                HardFault_Handler
                0x00000130                TC2_Handler
                0x00000130                AC_Handler
                0x00000130                SysTick_Handler
                0x00000130                PendSV_Handler
                0x00000130                SERCOM1_Handler
                0x00000130                NonMaskableInt_Handler
                0x00000130                TCC1_Handler
                0x00000130                SERCOM2_Handler
                0x00000130                TCC0_Handler
                0x00000130                RTC_Handler
                0x00000130                ADC1_Handler
                0x00000130                EIC_Handler
                0x00000130                WDT_Handler
                0x00000130                TC4_Handler
                0x00000130                TC1_Handler
                0x00000130                TC3_Handler
                0x00000130                SDADC_Handler
                0x00000130                Dummy_Handler
                0x00000130                SERCOM5_Handler
                0x00000130                CAN1_Handler
                0x00000130                ADC0_Handler
                0x00000130                TSENS_Handler
                0x00000130                TCC2_Handler
                0x00000130                EVSYS_Handler
                0x00000130                SERCOM3_Handler
                0x00000130                SERCOM4_Handler
                0x00000130                NVMCTRL_Handler
                0x00000130                SYSTEM_Handler
                0x00000130                SERCOM0_Handler
                0x00000130                DAC_Handler
                0x00000130                PTC_Handler
                0x00000130                FREQM_Handler
                0x00000130                TC0_Handler
 *fill*         0x00000132        0x2 
 .text.Reset_Handler
                0x00000134       0x88 Device_Startup/startup_samc21.o
                0x00000134                Reset_Handler
 .text.ADC_0_PORT_init
                0x000001bc      0x268 driver_init.o
                0x000001bc                ADC_0_PORT_init
 .text.ADC_0_CLOCK_init
                0x00000424       0x20 driver_init.o
                0x00000424                ADC_0_CLOCK_init
 .text.ADC_0_init
                0x00000444       0x34 driver_init.o
                0x00000444                ADC_0_init
 .text.DEBUG_UART_PORT_init
                0x00000478       0x3e driver_init.o
                0x00000478                DEBUG_UART_PORT_init
 *fill*         0x000004b6        0x2 
 .text.DEBUG_UART_CLOCK_init
                0x000004b8       0x24 driver_init.o
                0x000004b8                DEBUG_UART_CLOCK_init
 .text.DEBUG_UART_init
                0x000004dc       0x2c driver_init.o
                0x000004dc                DEBUG_UART_init
 .text.CAN_0_PORT_init
                0x00000508       0x3e driver_init.o
                0x00000508                CAN_0_PORT_init
 *fill*         0x00000546        0x2 
 .text.CAN_0_init
                0x00000548       0x3c driver_init.o
                0x00000548                CAN_0_init
 .text.TEMPERATURE_SENSOR_0_CLOCK_init
                0x00000584       0x20 driver_init.o
                0x00000584                TEMPERATURE_SENSOR_0_CLOCK_init
 .text.TEMPERATURE_SENSOR_0_init
                0x000005a4       0x20 driver_init.o
                0x000005a4                TEMPERATURE_SENSOR_0_init
 .text.system_init
                0x000005c4      0x19c driver_init.o
                0x000005c4                system_init
 .text.adc_sync_init
                0x00000760       0x34 hal/src/hal_adc_sync.o
                0x00000760                adc_sync_init
 .text.adc_sync_enable_channel
                0x00000794       0x2c hal/src/hal_adc_sync.o
                0x00000794                adc_sync_enable_channel
 .text.adc_sync_read_channel
                0x000007c0       0xc0 hal/src/hal_adc_sync.o
                0x000007c0                adc_sync_read_channel
 .text.can_tx_done
                0x00000880        0xc hal/src/hal_can_async.o
 .text.can_rx_done
                0x0000088c        0xc hal/src/hal_can_async.o
 .text.can_irq_handler
                0x00000898        0xc hal/src/hal_can_async.o
 .text.can_async_init
                0x000008a4       0x50 hal/src/hal_can_async.o
                0x000008a4                can_async_init
 .text.io_write
                0x000008f4       0x34 hal/src/hal_io.o
                0x000008f4                io_write
 .text.io_read  0x00000928       0x34 hal/src/hal_io.o
                0x00000928                io_read
 .text.temp_sync_init
                0x0000095c       0x34 hal/src/hal_temp_sync.o
                0x0000095c                temp_sync_init
 .text.temp_sync_enable
                0x00000990       0x28 hal/src/hal_temp_sync.o
                0x00000990                temp_sync_enable
 .text.temp_sync_read
                0x000009b8       0x34 hal/src/hal_temp_sync.o
                0x000009b8                temp_sync_read
 .text.usart_sync_write
                0x000009ec       0x7c hal/src/hal_usart_sync.o
 .text.usart_sync_read
                0x00000a68       0x68 hal/src/hal_usart_sync.o
 .text.usart_sync_init
                0x00000ad0       0x4c hal/src/hal_usart_sync.o
                0x00000ad0                usart_sync_init
 .text.usart_sync_enable
                0x00000b1c       0x2c hal/src/hal_usart_sync.o
                0x00000b1c                usart_sync_enable
 .text.assert   0x00000b48        0x8 hal/utils/src/utils_assert.o
                0x00000b48                assert
 .text._sbrk    0x00000b50       0x24 hal/utils/src/utils_syscalls.o
                0x00000b50                _sbrk
 .text._close   0x00000b74        0x6 hal/utils/src/utils_syscalls.o
                0x00000b74                _close
 .text._fstat   0x00000b7a        0xa hal/utils/src/utils_syscalls.o
                0x00000b7a                _fstat
 .text._isatty  0x00000b84        0x4 hal/utils/src/utils_syscalls.o
                0x00000b84                _isatty
 .text._lseek   0x00000b88        0x4 hal/utils/src/utils_syscalls.o
                0x00000b88                _lseek
 .text._adc_init
                0x00000b8c      0x170 hpl/adc/hpl_adc.o
 .text._adc_get_regs
                0x00000cfc       0x2c hpl/adc/hpl_adc.o
 .text._adc_sync_init
                0x00000d28       0x38 hpl/adc/hpl_adc.o
                0x00000d28                _adc_sync_init
 .text._adc_sync_enable_channel
                0x00000d60       0x14 hpl/adc/hpl_adc.o
                0x00000d60                _adc_sync_enable_channel
 .text._adc_sync_get_data_size
                0x00000d74       0x12 hpl/adc/hpl_adc.o
                0x00000d74                _adc_sync_get_data_size
 .text._adc_sync_is_channel_conversion_done
                0x00000d86        0xa hpl/adc/hpl_adc.o
                0x00000d86                _adc_sync_is_channel_conversion_done
 .text._adc_sync_convert
                0x00000d90       0x12 hpl/adc/hpl_adc.o
                0x00000d90                _adc_sync_convert
 .text._adc_sync_read_channel_data
                0x00000da2        0x8 hpl/adc/hpl_adc.o
                0x00000da2                _adc_sync_read_channel_data
 *fill*         0x00000daa        0x2 
 .text._adc_sync_set_inputs
                0x00000dac       0x38 hpl/adc/hpl_adc.o
                0x00000dac                _adc_sync_set_inputs
 .text._adc_get_adc_sync
                0x00000de4        0x4 hpl/adc/hpl_adc.o
                0x00000de4                _adc_get_adc_sync
 .text._can_async_init
                0x00000de8      0x11c hpl/can/hpl_can.o
                0x00000de8                _can_async_init
 .text.CAN0_Handler
                0x00000f04       0x6c hpl/can/hpl_can.o
                0x00000f04                CAN0_Handler
 .text._init_chip
                0x00000f70       0x44 hpl/core/hpl_init.o
                0x00000f70                _init_chip
 .text._div_init
                0x00000fb4        0xe hpl/divas/hpl_divas.o
                0x00000fb4                _div_init
 .text.__aeabi_uidiv
                0x00000fc2       0x34 hpl/divas/hpl_divas.o
                0x00000fc2                __aeabi_uidiv
 *fill*         0x00000ff6        0x2 
 .text.__aeabi_idivmod
                0x00000ff8       0x38 hpl/divas/hpl_divas.o
                0x00000ff8                __aeabi_idivmod
 .text.__aeabi_uidivmod
                0x00001030       0x38 hpl/divas/hpl_divas.o
                0x00001030                __aeabi_uidivmod
 .text._gclk_init_generators_by_fref
                0x00001068       0x54 hpl/gclk/hpl_gclk.o
                0x00001068                _gclk_init_generators_by_fref
 .text._mclk_init
                0x000010bc        0xc hpl/mclk/hpl_mclk.o
                0x000010bc                _mclk_init
 .text._osc32kctrl_init_sources
                0x000010c8       0x18 hpl/osc32kctrl/hpl_osc32kctrl.o
                0x000010c8                _osc32kctrl_init_sources
 .text._oscctrl_init_sources
                0x000010e0       0x20 hpl/oscctrl/hpl_oscctrl.o
                0x000010e0                _oscctrl_init_sources
 .text._oscctrl_init_referenced_generators
                0x00001100        0x2 hpl/oscctrl/hpl_oscctrl.o
                0x00001100                _oscctrl_init_referenced_generators
 *fill*         0x00001102        0x2 
 .text._usart_init
                0x00001104       0x9c hpl/sercom/hpl_sercom.o
 .text._usart_sync_init
                0x000011a0       0x2c hpl/sercom/hpl_sercom.o
                0x000011a0                _usart_sync_init
 .text._usart_sync_enable
                0x000011cc       0x14 hpl/sercom/hpl_sercom.o
                0x000011cc                _usart_sync_enable
 .text._usart_sync_write_byte
                0x000011e0        0x8 hpl/sercom/hpl_sercom.o
                0x000011e0                _usart_sync_write_byte
 .text._usart_sync_read_byte
                0x000011e8        0x8 hpl/sercom/hpl_sercom.o
                0x000011e8                _usart_sync_read_byte
 .text._usart_sync_is_ready_to_send
                0x000011f0        0xa hpl/sercom/hpl_sercom.o
                0x000011f0                _usart_sync_is_ready_to_send
 .text._usart_sync_is_transmit_done
                0x000011fa        0xa hpl/sercom/hpl_sercom.o
                0x000011fa                _usart_sync_is_transmit_done
 .text._usart_sync_is_byte_received
                0x00001204        0xa hpl/sercom/hpl_sercom.o
                0x00001204                _usart_sync_is_byte_received
 *fill*         0x0000120e        0x2 
 .text._temp_sync_init
                0x00001210       0xb4 hpl/tsens/hpl_tsens.o
                0x00001210                _temp_sync_init
 .text._temp_sync_enable
                0x000012c4       0x16 hpl/tsens/hpl_tsens.o
                0x000012c4                _temp_sync_enable
 .text._temp_sync_read
                0x000012da       0x4c hpl/tsens/hpl_tsens.o
                0x000012da                _temp_sync_read
 *fill*         0x00001326        0x2 
 .text.print_adc_voltage
                0x00001328       0xc8 main.o
                0x00001328                print_adc_voltage
 .text.main     0x000013f0      0x100 main.o
                0x000013f0                main
 .text._read    0x000014f0       0x28 stdio_redirect/gcc/read.o
                0x000014f0                _read
 .text._write   0x00001518       0x28 stdio_redirect/gcc/write.o
                0x00001518                _write
 .text.stdio_io_init
                0x00001540       0x2c stdio_redirect/stdio_io.o
                0x00001540                stdio_io_init
 .text.stdio_io_read
                0x0000156c       0x24 stdio_redirect/stdio_io.o
                0x0000156c                stdio_io_read
 .text.stdio_io_write
                0x00001590       0x24 stdio_redirect/stdio_io.o
                0x00001590                stdio_io_write
 .text.stdio_redirect_init
                0x000015b4       0x20 stdio_start.o
                0x000015b4                stdio_redirect_init
 .text          0x000015d4       0x30 c:/program files (x86)/atmel/studio/7.0/toolchain/arm/arm-gnu-toolchain/bin/../lib/gcc/arm-none-eabi/6.3.1/thumb/v6-m\libgcc.a(_fixunssfsi.o)
                0x000015d4                __fixunssfsi
                0x000015d4                __aeabi_f2uiz
 .text          0x00001604       0x3c c:/program files (x86)/atmel/studio/7.0/toolchain/arm/arm-gnu-toolchain/bin/../lib/gcc/arm-none-eabi/6.3.1/thumb/v6-m\libgcc.a(_fixunsdfsi.o)
                0x00001604                __aeabi_d2uiz
                0x00001604                __fixunsdfsi
 .text          0x00001640      0x240 c:/program files (x86)/atmel/studio/7.0/toolchain/arm/arm-gnu-toolchain/bin/../lib/gcc/arm-none-eabi/6.3.1/thumb/v6-m\libgcc.a(mulsf3.o)
                0x00001640                __aeabi_fmul
 .text          0x00001880      0x338 c:/program files (x86)/atmel/studio/7.0/toolchain/arm/arm-gnu-toolchain/bin/../lib/gcc/arm-none-eabi/6.3.1/thumb/v6-m\libgcc.a(subsf3.o)
                0x00001880                __aeabi_fsub
 .text          0x00001bb8       0x40 c:/program files (x86)/atmel/studio/7.0/toolchain/arm/arm-gnu-toolchain/bin/../lib/gcc/arm-none-eabi/6.3.1/thumb/v6-m\libgcc.a(fixsfsi.o)
                0x00001bb8                __aeabi_f2iz
 .text          0x00001bf8       0x8c c:/program files (x86)/atmel/studio/7.0/toolchain/arm/arm-gnu-toolchain/bin/../lib/gcc/arm-none-eabi/6.3.1/thumb/v6-m\libgcc.a(floatunsisf.o)
                0x00001bf8                __aeabi_ui2f
 .text          0x00001c84      0x500 c:/program files (x86)/atmel/studio/7.0/toolchain/arm/arm-gnu-toolchain/bin/../lib/gcc/arm-none-eabi/6.3.1/thumb/v6-m\libgcc.a(muldf3.o)
                0x00001c84                __aeabi_dmul
 .text          0x00002184      0x62c c:/program files (x86)/atmel/studio/7.0/toolchain/arm/arm-gnu-toolchain/bin/../lib/gcc/arm-none-eabi/6.3.1/thumb/v6-m\libgcc.a(subdf3.o)
                0x00002184                __aeabi_dsub
 .text          0x000027b0       0x68 c:/program files (x86)/atmel/studio/7.0/toolchain/arm/arm-gnu-toolchain/bin/../lib/gcc/arm-none-eabi/6.3.1/thumb/v6-m\libgcc.a(fixdfsi.o)
                0x000027b0                __aeabi_d2iz
 .text          0x00002818       0x70 c:/program files (x86)/atmel/studio/7.0/toolchain/arm/arm-gnu-toolchain/bin/../lib/gcc/arm-none-eabi/6.3.1/thumb/v6-m\libgcc.a(floatunsidf.o)
                0x00002818                __aeabi_ui2d
 .text          0x00002888       0x7c c:/program files (x86)/atmel/studio/7.0/toolchain/arm/arm-gnu-toolchain/bin/../lib/gcc/arm-none-eabi/6.3.1/thumb/v6-m\libgcc.a(_arm_cmpdf2.o)
                0x00002888                __aeabi_cdrcmple
                0x00002898                __aeabi_cdcmple
                0x00002898                __aeabi_cdcmpeq
                0x000028a8                __aeabi_dcmpeq
                0x000028b4                __aeabi_dcmplt
                0x000028c8                __aeabi_dcmple
                0x000028dc                __aeabi_dcmpgt
                0x000028f0                __aeabi_dcmpge
 .text          0x00002904       0x74 c:/program files (x86)/atmel/studio/7.0/toolchain/arm/arm-gnu-toolchain/bin/../lib/gcc/arm-none-eabi/6.3.1/thumb/v6-m\libgcc.a(_arm_cmpsf2.o)
                0x00002904                __aeabi_cfrcmple
                0x0000290c                __aeabi_cfcmpeq
                0x0000290c                __aeabi_cfcmple
                0x0000291c                __aeabi_fcmpeq
                0x00002928                __aeabi_fcmplt
                0x0000293c                __aeabi_fcmple
                0x00002950                __aeabi_fcmpgt
                0x00002964                __aeabi_fcmpge
 .text          0x00002978       0x3c c:/program files (x86)/atmel/studio/7.0/toolchain/arm/arm-gnu-toolchain/bin/../lib/gcc/arm-none-eabi/6.3.1/thumb/v6-m\libgcc.a(_clzsi2.o)
                0x00002978                __clzsi2
 .text          0x000029b4       0x4c c:/program files (x86)/atmel/studio/7.0/toolchain/arm/arm-gnu-toolchain/bin/../lib/gcc/arm-none-eabi/6.3.1/thumb/v6-m\libgcc.a(eqsf2.o)
                0x000029b4                __eqsf2
                0x000029b4                __nesf2
 .text          0x00002a00       0x80 c:/program files (x86)/atmel/studio/7.0/toolchain/arm/arm-gnu-toolchain/bin/../lib/gcc/arm-none-eabi/6.3.1/thumb/v6-m\libgcc.a(gesf2.o)
                0x00002a00                __gesf2
                0x00002a00                __gtsf2
 .text          0x00002a80       0x84 c:/program files (x86)/atmel/studio/7.0/toolchain/arm/arm-gnu-toolchain/bin/../lib/gcc/arm-none-eabi/6.3.1/thumb/v6-m\libgcc.a(lesf2.o)
                0x00002a80                __ltsf2
                0x00002a80                __lesf2
 .text          0x00002b04       0x74 c:/program files (x86)/atmel/studio/7.0/toolchain/arm/arm-gnu-toolchain/bin/../lib/gcc/arm-none-eabi/6.3.1/thumb/v6-m\libgcc.a(eqdf2.o)
                0x00002b04                __nedf2
                0x00002b04                __eqdf2
 .text          0x00002b78       0xc8 c:/program files (x86)/atmel/studio/7.0/toolchain/arm/arm-gnu-toolchain/bin/../lib/gcc/arm-none-eabi/6.3.1/thumb/v6-m\libgcc.a(gedf2.o)
                0x00002b78                __gedf2
                0x00002b78                __gtdf2
 .text          0x00002c40       0xc4 c:/program files (x86)/atmel/studio/7.0/toolchain/arm/arm-gnu-toolchain/bin/../lib/gcc/arm-none-eabi/6.3.1/thumb/v6-m\libgcc.a(ledf2.o)
                0x00002c40                __ledf2
                0x00002c40                __ltdf2
 .text.__libc_init_array
                0x00002d04       0x48 c:/program files (x86)/atmel/studio/7.0/toolchain/arm/arm-gnu-toolchain/bin/../lib/gcc/arm-none-eabi/6.3.1/../../../../arm-none-eabi/lib/thumb/v6-m\libc_nano.a(lib_a-init.o)
                0x00002d04                __libc_init_array
 .text.memset   0x00002d4c       0x10 c:/program files (x86)/atmel/studio/7.0/toolchain/arm/arm-gnu-toolchain/bin/../lib/gcc/arm-none-eabi/6.3.1/../../../../arm-none-eabi/lib/thumb/v6-m\libc_nano.a(lib_a-memset.o)
                0x00002d4c                memset
 .text.printf   0x00002d5c       0x34 c:/program files (x86)/atmel/studio/7.0/toolchain/arm/arm-gnu-toolchain/bin/../lib/gcc/arm-none-eabi/6.3.1/../../../../arm-none-eabi/lib/thumb/v6-m\libc_nano.a(lib_a-printf.o)
                0x00002d5c                iprintf
                0x00002d5c                printf
 .text._puts_r  0x00002d90       0xc0 c:/program files (x86)/atmel/studio/7.0/toolchain/arm/arm-gnu-toolchain/bin/../lib/gcc/arm-none-eabi/6.3.1/../../../../arm-none-eabi/lib/thumb/v6-m\libc_nano.a(lib_a-puts.o)
                0x00002d90                _puts_r
 .text.puts     0x00002e50       0x14 c:/program files (x86)/atmel/studio/7.0/toolchain/arm/arm-gnu-toolchain/bin/../lib/gcc/arm-none-eabi/6.3.1/../../../../arm-none-eabi/lib/thumb/v6-m\libc_nano.a(lib_a-puts.o)
                0x00002e50                puts
 .text.setbuf   0x00002e64       0x12 c:/program files (x86)/atmel/studio/7.0/toolchain/arm/arm-gnu-toolchain/bin/../lib/gcc/arm-none-eabi/6.3.1/../../../../arm-none-eabi/lib/thumb/v6-m\libc_nano.a(lib_a-setbuf.o)
                0x00002e64                setbuf
 *fill*         0x00002e76        0x2 
 .text.setvbuf  0x00002e78      0x158 c:/program files (x86)/atmel/studio/7.0/toolchain/arm/arm-gnu-toolchain/bin/../lib/gcc/arm-none-eabi/6.3.1/../../../../arm-none-eabi/lib/thumb/v6-m\libc_nano.a(lib_a-setvbuf.o)
                0x00002e78                setvbuf
 .text.__swbuf_r
                0x00002fd0       0xac c:/program files (x86)/atmel/studio/7.0/toolchain/arm/arm-gnu-toolchain/bin/../lib/gcc/arm-none-eabi/6.3.1/../../../../arm-none-eabi/lib/thumb/v6-m\libc_nano.a(lib_a-wbuf.o)
                0x00002fd0                __swbuf_r
 .text.__swsetup_r
                0x0000307c       0xec c:/program files (x86)/atmel/studio/7.0/toolchain/arm/arm-gnu-toolchain/bin/../lib/gcc/arm-none-eabi/6.3.1/../../../../arm-none-eabi/lib/thumb/v6-m\libc_nano.a(lib_a-wsetup.o)
                0x0000307c                __swsetup_r
 .text.__sflush_r
                0x00003168      0x114 c:/program files (x86)/atmel/studio/7.0/toolchain/arm/arm-gnu-toolchain/bin/../lib/gcc/arm-none-eabi/6.3.1/../../../../arm-none-eabi/lib/thumb/v6-m\libc_nano.a(lib_a-fflush.o)
                0x00003168                __sflush_r
 .text._fflush_r
                0x0000327c       0x58 c:/program files (x86)/atmel/studio/7.0/toolchain/arm/arm-gnu-toolchain/bin/../lib/gcc/arm-none-eabi/6.3.1/../../../../arm-none-eabi/lib/thumb/v6-m\libc_nano.a(lib_a-fflush.o)
                0x0000327c                _fflush_r
 .text._cleanup_r
                0x000032d4       0x10 c:/program files (x86)/atmel/studio/7.0/toolchain/arm/arm-gnu-toolchain/bin/../lib/gcc/arm-none-eabi/6.3.1/../../../../arm-none-eabi/lib/thumb/v6-m\libc_nano.a(lib_a-findfp.o)
                0x000032d4                _cleanup_r
 .text.std.isra.0
                0x000032e4       0x48 c:/program files (x86)/atmel/studio/7.0/toolchain/arm/arm-gnu-toolchain/bin/../lib/gcc/arm-none-eabi/6.3.1/../../../../arm-none-eabi/lib/thumb/v6-m\libc_nano.a(lib_a-findfp.o)
 .text.__sfmoreglue
                0x0000332c       0x2c c:/program files (x86)/atmel/studio/7.0/toolchain/arm/arm-gnu-toolchain/bin/../lib/gcc/arm-none-eabi/6.3.1/../../../../arm-none-eabi/lib/thumb/v6-m\libc_nano.a(lib_a-findfp.o)
                0x0000332c                __sfmoreglue
 .text.__sinit  0x00003358       0x68 c:/program files (x86)/atmel/studio/7.0/toolchain/arm/arm-gnu-toolchain/bin/../lib/gcc/arm-none-eabi/6.3.1/../../../../arm-none-eabi/lib/thumb/v6-m\libc_nano.a(lib_a-findfp.o)
                0x00003358                __sinit
 .text.__sfp    0x000033c0       0x80 c:/program files (x86)/atmel/studio/7.0/toolchain/arm/arm-gnu-toolchain/bin/../lib/gcc/arm-none-eabi/6.3.1/../../../../arm-none-eabi/lib/thumb/v6-m\libc_nano.a(lib_a-findfp.o)
                0x000033c0                __sfp
 .text._fwalk_reent
                0x00003440       0x42 c:/program files (x86)/atmel/studio/7.0/toolchain/arm/arm-gnu-toolchain/bin/../lib/gcc/arm-none-eabi/6.3.1/../../../../arm-none-eabi/lib/thumb/v6-m\libc_nano.a(lib_a-fwalk.o)
                0x00003440                _fwalk_reent
 *fill*         0x00003482        0x2 
 .text.__swhatbuf_r
                0x00003484       0x50 c:/program files (x86)/atmel/studio/7.0/toolchain/arm/arm-gnu-toolchain/bin/../lib/gcc/arm-none-eabi/6.3.1/../../../../arm-none-eabi/lib/thumb/v6-m\libc_nano.a(lib_a-makebuf.o)
                0x00003484                __swhatbuf_r
 .text.__smakebuf_r
                0x000034d4       0x88 c:/program files (x86)/atmel/studio/7.0/toolchain/arm/arm-gnu-toolchain/bin/../lib/gcc/arm-none-eabi/6.3.1/../../../../arm-none-eabi/lib/thumb/v6-m\libc_nano.a(lib_a-makebuf.o)
                0x000034d4                __smakebuf_r
 .text.malloc   0x0000355c       0x14 c:/program files (x86)/atmel/studio/7.0/toolchain/arm/arm-gnu-toolchain/bin/../lib/gcc/arm-none-eabi/6.3.1/../../../../arm-none-eabi/lib/thumb/v6-m\libc_nano.a(lib_a-malloc.o)
                0x0000355c                malloc
 .text._free_r  0x00003570       0x94 c:/program files (x86)/atmel/studio/7.0/toolchain/arm/arm-gnu-toolchain/bin/../lib/gcc/arm-none-eabi/6.3.1/../../../../arm-none-eabi/lib/thumb/v6-m\libc_nano.a(lib_a-nano-freer.o)
                0x00003570                _free_r
 .text._malloc_r
                0x00003604       0xbc c:/program files (x86)/atmel/studio/7.0/toolchain/arm/arm-gnu-toolchain/bin/../lib/gcc/arm-none-eabi/6.3.1/../../../../arm-none-eabi/lib/thumb/v6-m\libc_nano.a(lib_a-nano-mallocr.o)
                0x00003604                _malloc_r
 .text.__sfputc_r
                0x000036c0       0x2a c:/program files (x86)/atmel/studio/7.0/toolchain/arm/arm-gnu-toolchain/bin/../lib/gcc/arm-none-eabi/6.3.1/../../../../arm-none-eabi/lib/thumb/v6-m\libc_nano.a(lib_a-nano-vfprintf.o)
 .text.__sfputs_r
                0x000036ea       0x24 c:/program files (x86)/atmel/studio/7.0/toolchain/arm/arm-gnu-toolchain/bin/../lib/gcc/arm-none-eabi/6.3.1/../../../../arm-none-eabi/lib/thumb/v6-m\libc_nano.a(lib_a-nano-vfprintf.o)
                0x000036ea                __sfputs_r
 *fill*         0x0000370e        0x2 
 .text._vfprintf_r
                0x00003710      0x238 c:/program files (x86)/atmel/studio/7.0/toolchain/arm/arm-gnu-toolchain/bin/../lib/gcc/arm-none-eabi/6.3.1/../../../../arm-none-eabi/lib/thumb/v6-m\libc_nano.a(lib_a-nano-vfprintf.o)
                0x00003710                _vfprintf_r
                0x00003710                _vfiprintf_r
 .text._printf_common
                0x00003948       0xda c:/program files (x86)/atmel/studio/7.0/toolchain/arm/arm-gnu-toolchain/bin/../lib/gcc/arm-none-eabi/6.3.1/../../../../arm-none-eabi/lib/thumb/v6-m\libc_nano.a(lib_a-nano-vfprintf_i.o)
                0x00003948                _printf_common
 *fill*         0x00003a22        0x2 
 .text._printf_i
                0x00003a24      0x234 c:/program files (x86)/atmel/studio/7.0/toolchain/arm/arm-gnu-toolchain/bin/../lib/gcc/arm-none-eabi/6.3.1/../../../../arm-none-eabi/lib/thumb/v6-m\libc_nano.a(lib_a-nano-vfprintf_i.o)
                0x00003a24                _printf_i
 .text._sbrk_r  0x00003c58       0x24 c:/program files (x86)/atmel/studio/7.0/toolchain/arm/arm-gnu-toolchain/bin/../lib/gcc/arm-none-eabi/6.3.1/../../../../arm-none-eabi/lib/thumb/v6-m\libc_nano.a(lib_a-sbrkr.o)
                0x00003c58                _sbrk_r
 .text.__sread  0x00003c7c       0x28 c:/program files (x86)/atmel/studio/7.0/toolchain/arm/arm-gnu-toolchain/bin/../lib/gcc/arm-none-eabi/6.3.1/../../../../arm-none-eabi/lib/thumb/v6-m\libc_nano.a(lib_a-stdio.o)
                0x00003c7c                __sread
 .text.__swrite
                0x00003ca4       0x38 c:/program files (x86)/atmel/studio/7.0/toolchain/arm/arm-gnu-toolchain/bin/../lib/gcc/arm-none-eabi/6.3.1/../../../../arm-none-eabi/lib/thumb/v6-m\libc_nano.a(lib_a-stdio.o)
                0x00003ca4                __swrite
 .text.__sseek  0x00003cdc       0x2c c:/program files (x86)/atmel/studio/7.0/toolchain/arm/arm-gnu-toolchain/bin/../lib/gcc/arm-none-eabi/6.3.1/../../../../arm-none-eabi/lib/thumb/v6-m\libc_nano.a(lib_a-stdio.o)
                0x00003cdc                __sseek
 .text.__sclose
                0x00003d08        0xc c:/program files (x86)/atmel/studio/7.0/toolchain/arm/arm-gnu-toolchain/bin/../lib/gcc/arm-none-eabi/6.3.1/../../../../arm-none-eabi/lib/thumb/v6-m\libc_nano.a(lib_a-stdio.o)
                0x00003d08                __sclose
 .text._write_r
                0x00003d14       0x28 c:/program files (x86)/atmel/studio/7.0/toolchain/arm/arm-gnu-toolchain/bin/../lib/gcc/arm-none-eabi/6.3.1/../../../../arm-none-eabi/lib/thumb/v6-m\libc_nano.a(lib_a-writer.o)
                0x00003d14                _write_r
 .text._close_r
                0x00003d3c       0x24 c:/program files (x86)/atmel/studio/7.0/toolchain/arm/arm-gnu-toolchain/bin/../lib/gcc/arm-none-eabi/6.3.1/../../../../arm-none-eabi/lib/thumb/v6-m\libc_nano.a(lib_a-closer.o)
                0x00003d3c                _close_r
 .text._fstat_r
                0x00003d60       0x24 c:/program files (x86)/atmel/studio/7.0/toolchain/arm/arm-gnu-toolchain/bin/../lib/gcc/arm-none-eabi/6.3.1/../../../../arm-none-eabi/lib/thumb/v6-m\libc_nano.a(lib_a-fstatr.o)
                0x00003d60                _fstat_r
 .text._isatty_r
                0x00003d84       0x24 c:/program files (x86)/atmel/studio/7.0/toolchain/arm/arm-gnu-toolchain/bin/../lib/gcc/arm-none-eabi/6.3.1/../../../../arm-none-eabi/lib/thumb/v6-m\libc_nano.a(lib_a-isattyr.o)
                0x00003d84                _isatty_r
 .text._lseek_r
                0x00003da8       0x28 c:/program files (x86)/atmel/studio/7.0/toolchain/arm/arm-gnu-toolchain/bin/../lib/gcc/arm-none-eabi/6.3.1/../../../../arm-none-eabi/lib/thumb/v6-m\libc_nano.a(lib_a-lseekr.o)
                0x00003da8                _lseek_r
 .text.memchr   0x00003dd0       0x16 c:/program files (x86)/atmel/studio/7.0/toolchain/arm/arm-gnu-toolchain/bin/../lib/gcc/arm-none-eabi/6.3.1/../../../../arm-none-eabi/lib/thumb/v6-m\libc_nano.a(lib_a-memchr-stub.o)
                0x00003dd0                memchr
 .text.__malloc_lock
                0x00003de6        0x2 c:/program files (x86)/atmel/studio/7.0/toolchain/arm/arm-gnu-toolchain/bin/../lib/gcc/arm-none-eabi/6.3.1/../../../../arm-none-eabi/lib/thumb/v6-m\libc_nano.a(lib_a-mlock.o)
                0x00003de6                __malloc_lock
 .text.__malloc_unlock
                0x00003de8        0x2 c:/program files (x86)/atmel/studio/7.0/toolchain/arm/arm-gnu-toolchain/bin/../lib/gcc/arm-none-eabi/6.3.1/../../../../arm-none-eabi/lib/thumb/v6-m\libc_nano.a(lib_a-mlock.o)
                0x00003de8                __malloc_unlock
 *fill*         0x00003dea        0x2 
 .text._read_r  0x00003dec       0x28 c:/program files (x86)/atmel/studio/7.0/toolchain/arm/arm-gnu-toolchain/bin/../lib/gcc/arm-none-eabi/6.3.1/../../../../arm-none-eabi/lib/thumb/v6-m\libc_nano.a(lib_a-readr.o)
                0x00003dec                _read_r
 *(.glue_7t)
 .glue_7t       0x00003e14        0x0 linker stubs
 *(.glue_7)
 .glue_7        0x00003e14        0x0 linker stubs
 *(.rodata .rodata* .gnu.linkonce.r.*)
 .rodata.str1.4
                0x00003e14       0x1a hal/src/hal_adc_sync.o
 *fill*         0x00003e2e        0x2 
 .rodata.str1.4
                0x00003e30       0x1b hal/src/hal_can_async.o
 *fill*         0x00003e4b        0x1 
 .rodata.str1.4
                0x00003e4c       0x14 hal/src/hal_io.o
 .rodata.str1.4
                0x00003e60       0x1b hal/src/hal_temp_sync.o
 *fill*         0x00003e7b        0x1 
 .rodata.str1.4
                0x00003e7c       0x1c hal/src/hal_usart_sync.o
 .rodata        0x00003e98       0x1c hpl/adc/hpl_adc.o
 .rodata.str1.4
                0x00003eb4       0x15 hpl/adc/hpl_adc.o
 *fill*         0x00003ec9        0x3 
 .rodata.str1.4
                0x00003ecc       0x1b hpl/sercom/hpl_sercom.o
 *fill*         0x00003ee7        0x1 
 .rodata.str1.4
                0x00003ee8       0x5c main.o
                                 0x5a (size before relaxing)
 .rodata        0x00003f44       0x40 c:/program files (x86)/atmel/studio/7.0/toolchain/arm/arm-gnu-toolchain/bin/../lib/gcc/arm-none-eabi/6.3.1/thumb/v6-m\libgcc.a(mulsf3.o)
 .rodata        0x00003f84       0x40 c:/program files (x86)/atmel/studio/7.0/toolchain/arm/arm-gnu-toolchain/bin/../lib/gcc/arm-none-eabi/6.3.1/thumb/v6-m\libgcc.a(muldf3.o)
 .rodata._global_impure_ptr
                0x00003fc4        0x4 c:/program files (x86)/atmel/studio/7.0/toolchain/arm/arm-gnu-toolchain/bin/../lib/gcc/arm-none-eabi/6.3.1/../../../../arm-none-eabi/lib/thumb/v6-m\libc_nano.a(lib_a-impure.o)
                0x00003fc4                _global_impure_ptr
 .rodata.__sf_fake_stderr
                0x00003fc8       0x20 c:/program files (x86)/atmel/studio/7.0/toolchain/arm/arm-gnu-toolchain/bin/../lib/gcc/arm-none-eabi/6.3.1/../../../../arm-none-eabi/lib/thumb/v6-m\libc_nano.a(lib_a-findfp.o)
                0x00003fc8                __sf_fake_stderr
 .rodata.__sf_fake_stdin
                0x00003fe8       0x20 c:/program files (x86)/atmel/studio/7.0/toolchain/arm/arm-gnu-toolchain/bin/../lib/gcc/arm-none-eabi/6.3.1/../../../../arm-none-eabi/lib/thumb/v6-m\libc_nano.a(lib_a-findfp.o)
                0x00003fe8                __sf_fake_stdin
 .rodata.__sf_fake_stdout
                0x00004008       0x20 c:/program files (x86)/atmel/studio/7.0/toolchain/arm/arm-gnu-toolchain/bin/../lib/gcc/arm-none-eabi/6.3.1/../../../../arm-none-eabi/lib/thumb/v6-m\libc_nano.a(lib_a-findfp.o)
                0x00004008                __sf_fake_stdout
 .rodata._vfprintf_r.str1.1
                0x00004028       0x11 c:/program files (x86)/atmel/studio/7.0/toolchain/arm/arm-gnu-toolchain/bin/../lib/gcc/arm-none-eabi/6.3.1/../../../../arm-none-eabi/lib/thumb/v6-m\libc_nano.a(lib_a-nano-vfprintf.o)
 .rodata._printf_i.str1.1
                0x00004039       0x22 c:/program files (x86)/atmel/studio/7.0/toolchain/arm/arm-gnu-toolchain/bin/../lib/gcc/arm-none-eabi/6.3.1/../../../../arm-none-eabi/lib/thumb/v6-m\libc_nano.a(lib_a-nano-vfprintf_i.o)
 *(.ARM.extab* .gnu.linkonce.armextab.*)
                0x0000405c                . = ALIGN (0x4)
 *fill*         0x0000405b        0x1 
 *(.init)
 .init          0x0000405c        0x4 c:/program files (x86)/atmel/studio/7.0/toolchain/arm/arm-gnu-toolchain/bin/../lib/gcc/arm-none-eabi/6.3.1/thumb/v6-m/crti.o
                0x0000405c                _init
 .init          0x00004060        0x8 c:/program files (x86)/atmel/studio/7.0/toolchain/arm/arm-gnu-toolchain/bin/../lib/gcc/arm-none-eabi/6.3.1/thumb/v6-m/crtn.o
                0x00004068                . = ALIGN (0x4)
                0x00004068                __preinit_array_start = .
 *(.preinit_array)
                0x00004068                __preinit_array_end = .
                0x00004068                . = ALIGN (0x4)
                0x00004068                __init_array_start = .
 *(SORT(.init_array.*))
 *(.init_array)
 .init_array    0x00004068        0x4 c:/program files (x86)/atmel/studio/7.0/toolchain/arm/arm-gnu-toolchain/bin/../lib/gcc/arm-none-eabi/6.3.1/thumb/v6-m/crtbegin.o
                0x0000406c                __init_array_end = .
                0x0000406c                . = ALIGN (0x4)
 *crtbegin.o(.ctors)
 *(EXCLUDE_FILE(*crtend.o) .ctors)
 *(SORT(.ctors.*))
 *crtend.o(.ctors)
                0x0000406c                . = ALIGN (0x4)
 *(.fini)
 .fini          0x0000406c        0x4 c:/program files (x86)/atmel/studio/7.0/toolchain/arm/arm-gnu-toolchain/bin/../lib/gcc/arm-none-eabi/6.3.1/thumb/v6-m/crti.o
                0x0000406c                _fini
 .fini          0x00004070        0x8 c:/program files (x86)/atmel/studio/7.0/toolchain/arm/arm-gnu-toolchain/bin/../lib/gcc/arm-none-eabi/6.3.1/thumb/v6-m/crtn.o
                0x00004078                . = ALIGN (0x4)
                0x00004078                __fini_array_start = .
 *(.fini_array)
 .fini_array    0x00004078        0x4 c:/program files (x86)/atmel/studio/7.0/toolchain/arm/arm-gnu-toolchain/bin/../lib/gcc/arm-none-eabi/6.3.1/thumb/v6-m/crtbegin.o
 *(SORT(.fini_array.*))
                0x0000407c                __fini_array_end = .
 *crtbegin.o(.dtors)
 *(EXCLUDE_FILE(*crtend.o) .dtors)
 *(SORT(.dtors.*))
 *crtend.o(.dtors)
                0x0000407c                . = ALIGN (0x4)
                0x0000407c                _efixed = .
                [!provide]                PROVIDE (__exidx_start, .)

.vfp11_veneer   0x0000407c        0x0
 .vfp11_veneer  0x0000407c        0x0 linker stubs

.v4_bx          0x0000407c        0x0
 .v4_bx         0x0000407c        0x0 linker stubs

.iplt           0x0000407c        0x0
 .iplt          0x0000407c        0x0 c:/program files (x86)/atmel/studio/7.0/toolchain/arm/arm-gnu-toolchain/bin/../lib/gcc/arm-none-eabi/6.3.1/thumb/v6-m/crtbegin.o

.eh_frame       0x0000407c        0x0
 .eh_frame      0x0000407c        0x0 c:/program files (x86)/atmel/studio/7.0/toolchain/arm/arm-gnu-toolchain/bin/../lib/gcc/arm-none-eabi/6.3.1/thumb/v6-m/crtbegin.o

.rel.dyn        0x0000407c        0x0
 .rel.iplt      0x0000407c        0x0 c:/program files (x86)/atmel/studio/7.0/toolchain/arm/arm-gnu-toolchain/bin/../lib/gcc/arm-none-eabi/6.3.1/thumb/v6-m/crtbegin.o

.jcr            0x0000407c        0x0
 .jcr           0x0000407c        0x0 c:/program files (x86)/atmel/studio/7.0/toolchain/arm/arm-gnu-toolchain/bin/../lib/gcc/arm-none-eabi/6.3.1/thumb/v6-m/crtbegin.o

.igot.plt       0x0000407c        0x0
 .igot.plt      0x0000407c        0x0 c:/program files (x86)/atmel/studio/7.0/toolchain/arm/arm-gnu-toolchain/bin/../lib/gcc/arm-none-eabi/6.3.1/thumb/v6-m/crtbegin.o

.ARM.exidx
 *(.ARM.exidx* .gnu.linkonce.armexidx.*)
                [!provide]                PROVIDE (__exidx_end, .)
                0x0000407c                . = ALIGN (0x4)
                0x0000407c                _etext = .

.relocate       0x20000000       0x78 load address 0x0000407c
                0x20000000                . = ALIGN (0x4)
                0x20000000                _srelocate = .
 *(.ramfunc .ramfunc.*)
 *(.data .data.*)
 .data          0x20000000       0x14 hpl/can/hpl_can.o
                0x20000000                _can0_context
 .data._impure_ptr
                0x20000014        0x4 c:/program files (x86)/atmel/studio/7.0/toolchain/arm/arm-gnu-toolchain/bin/../lib/gcc/arm-none-eabi/6.3.1/../../../../arm-none-eabi/lib/thumb/v6-m\libc_nano.a(lib_a-impure.o)
                0x20000014                _impure_ptr
 .data.impure_data
                0x20000018       0x60 c:/program files (x86)/atmel/studio/7.0/toolchain/arm/arm-gnu-toolchain/bin/../lib/gcc/arm-none-eabi/6.3.1/../../../../arm-none-eabi/lib/thumb/v6-m\libc_nano.a(lib_a-impure.o)
                0x20000078                . = ALIGN (0x4)
                0x20000078                _erelocate = .

.bss            0x20000078      0x538 load address 0x000040f4
                0x20000078                . = ALIGN (0x4)
                0x20000078                _sbss = .
                0x20000078                _szero = .
 *(.bss .bss.*)
 .bss           0x20000078       0x1c c:/program files (x86)/atmel/studio/7.0/toolchain/arm/arm-gnu-toolchain/bin/../lib/gcc/arm-none-eabi/6.3.1/thumb/v6-m/crtbegin.o
 .bss           0x20000094        0x4 hal/utils/src/utils_syscalls.o
 .bss           0x20000098       0x2c hpl/can/hpl_can.o
 .bss           0x200000c4        0x4 stdio_redirect/stdio_io.o
 .bss.__malloc_free_list
                0x200000c8        0x4 c:/program files (x86)/atmel/studio/7.0/toolchain/arm/arm-gnu-toolchain/bin/../lib/gcc/arm-none-eabi/6.3.1/../../../../arm-none-eabi/lib/thumb/v6-m\libc_nano.a(lib_a-nano-mallocr.o)
                0x200000c8                __malloc_free_list
 .bss.__malloc_sbrk_start
                0x200000cc        0x4 c:/program files (x86)/atmel/studio/7.0/toolchain/arm/arm-gnu-toolchain/bin/../lib/gcc/arm-none-eabi/6.3.1/../../../../arm-none-eabi/lib/thumb/v6-m\libc_nano.a(lib_a-nano-mallocr.o)
                0x200000cc                __malloc_sbrk_start
 *(COMMON)
 COMMON         0x200000d0       0x3c driver_init.o
                0x200000d0                CAN_0
                0x200000f8                TEMPERATURE_SENSOR_0
                0x200000fc                ADC_0
                0x20000100                DEBUG_UART
 COMMON         0x2000010c      0x4a0 hpl/can/hpl_can.o
                0x2000010c                can0_rx_fifo
                0x2000058c                can0_tx_fifo
 COMMON         0x200005ac        0x4 c:/program files (x86)/atmel/studio/7.0/toolchain/arm/arm-gnu-toolchain/bin/../lib/gcc/arm-none-eabi/6.3.1/../../../../arm-none-eabi/lib/thumb/v6-m\libc_nano.a(lib_a-reent.o)
                0x200005ac                errno
                0x200005b0                . = ALIGN (0x4)
                0x200005b0                _ebss = .
                0x200005b0                _ezero = .

.stack          0x200005b0     0x1000 load address 0x0000462c
                0x200005b0                . = ALIGN (0x8)
                0x200005b0                _sstack = .
                0x200015b0                . = (. + STACK_SIZE)
 *fill*         0x200005b0     0x1000 
                0x200015b0                . = ALIGN (0x8)
                0x200015b0                _estack = .
                0x200015b0                . = ALIGN (0x4)
                0x200015b0                _end = .
OUTPUT(PS-010.elf elf32-littlearm)

.ARM.attributes
                0x00000000       0x28
 .ARM.attributes
                0x00000000       0x1e c:/program files (x86)/atmel/studio/7.0/toolchain/arm/arm-gnu-toolchain/bin/../lib/gcc/arm-none-eabi/6.3.1/thumb/v6-m/crti.o
 .ARM.attributes
                0x0000001e       0x2c c:/program files (x86)/atmel/studio/7.0/toolchain/arm/arm-gnu-toolchain/bin/../lib/gcc/arm-none-eabi/6.3.1/thumb/v6-m/crtbegin.o
 .ARM.attributes
                0x0000004a       0x32 atmel_start.o
 .ARM.attributes
                0x0000007c       0x32 Device_Startup/startup_samc21.o
 .ARM.attributes
                0x000000ae       0x32 driver_init.o
 .ARM.attributes
                0x000000e0       0x32 hal/src/hal_adc_sync.o
 .ARM.attributes
                0x00000112       0x32 hal/src/hal_can_async.o
 .ARM.attributes
                0x00000144       0x32 hal/src/hal_io.o
 .ARM.attributes
                0x00000176       0x32 hal/src/hal_temp_sync.o
 .ARM.attributes
                0x000001a8       0x32 hal/src/hal_usart_sync.o
 .ARM.attributes
                0x000001da       0x32 hal/utils/src/utils_assert.o
 .ARM.attributes
                0x0000020c       0x32 hal/utils/src/utils_syscalls.o
 .ARM.attributes
                0x0000023e       0x32 hpl/adc/hpl_adc.o
 .ARM.attributes
                0x00000270       0x32 hpl/can/hpl_can.o
 .ARM.attributes
                0x000002a2       0x32 hpl/core/hpl_init.o
 .ARM.attributes
                0x000002d4       0x32 hpl/divas/hpl_divas.o
 .ARM.attributes
                0x00000306       0x32 hpl/gclk/hpl_gclk.o
 .ARM.attributes
                0x00000338       0x32 hpl/mclk/hpl_mclk.o
 .ARM.attributes
                0x0000036a       0x32 hpl/osc32kctrl/hpl_osc32kctrl.o
 .ARM.attributes
                0x0000039c       0x32 hpl/oscctrl/hpl_oscctrl.o
 .ARM.attributes
                0x000003ce       0x32 hpl/sercom/hpl_sercom.o
 .ARM.attributes
                0x00000400       0x32 hpl/tsens/hpl_tsens.o
 .ARM.attributes
                0x00000432       0x32 main.o
 .ARM.attributes
                0x00000464       0x32 stdio_redirect/gcc/read.o
 .ARM.attributes
                0x00000496       0x32 stdio_redirect/gcc/write.o
 .ARM.attributes
                0x000004c8       0x32 stdio_redirect/stdio_io.o
 .ARM.attributes
                0x000004fa       0x32 stdio_start.o
 .ARM.attributes
                0x0000052c       0x2c c:/program files (x86)/atmel/studio/7.0/toolchain/arm/arm-gnu-toolchain/bin/../lib/gcc/arm-none-eabi/6.3.1/thumb/v6-m\libgcc.a(_fixunssfsi.o)
 .ARM.attributes
                0x00000558       0x2c c:/program files (x86)/atmel/studio/7.0/toolchain/arm/arm-gnu-toolchain/bin/../lib/gcc/arm-none-eabi/6.3.1/thumb/v6-m\libgcc.a(_fixunsdfsi.o)
 .ARM.attributes
                0x00000584       0x2c c:/program files (x86)/atmel/studio/7.0/toolchain/arm/arm-gnu-toolchain/bin/../lib/gcc/arm-none-eabi/6.3.1/thumb/v6-m\libgcc.a(mulsf3.o)
 .ARM.attributes
                0x000005b0       0x2c c:/program files (x86)/atmel/studio/7.0/toolchain/arm/arm-gnu-toolchain/bin/../lib/gcc/arm-none-eabi/6.3.1/thumb/v6-m\libgcc.a(subsf3.o)
 .ARM.attributes
                0x000005dc       0x2c c:/program files (x86)/atmel/studio/7.0/toolchain/arm/arm-gnu-toolchain/bin/../lib/gcc/arm-none-eabi/6.3.1/thumb/v6-m\libgcc.a(fixsfsi.o)
 .ARM.attributes
                0x00000608       0x2c c:/program files (x86)/atmel/studio/7.0/toolchain/arm/arm-gnu-toolchain/bin/../lib/gcc/arm-none-eabi/6.3.1/thumb/v6-m\libgcc.a(floatunsisf.o)
 .ARM.attributes
                0x00000634       0x2c c:/program files (x86)/atmel/studio/7.0/toolchain/arm/arm-gnu-toolchain/bin/../lib/gcc/arm-none-eabi/6.3.1/thumb/v6-m\libgcc.a(muldf3.o)
 .ARM.attributes
                0x00000660       0x2c c:/program files (x86)/atmel/studio/7.0/toolchain/arm/arm-gnu-toolchain/bin/../lib/gcc/arm-none-eabi/6.3.1/thumb/v6-m\libgcc.a(subdf3.o)
 .ARM.attributes
                0x0000068c       0x2c c:/program files (x86)/atmel/studio/7.0/toolchain/arm/arm-gnu-toolchain/bin/../lib/gcc/arm-none-eabi/6.3.1/thumb/v6-m\libgcc.a(fixdfsi.o)
 .ARM.attributes
                0x000006b8       0x2c c:/program files (x86)/atmel/studio/7.0/toolchain/arm/arm-gnu-toolchain/bin/../lib/gcc/arm-none-eabi/6.3.1/thumb/v6-m\libgcc.a(floatunsidf.o)
 .ARM.attributes
                0x000006e4       0x1e c:/program files (x86)/atmel/studio/7.0/toolchain/arm/arm-gnu-toolchain/bin/../lib/gcc/arm-none-eabi/6.3.1/thumb/v6-m\libgcc.a(_arm_cmpdf2.o)
 .ARM.attributes
                0x00000702       0x1e c:/program files (x86)/atmel/studio/7.0/toolchain/arm/arm-gnu-toolchain/bin/../lib/gcc/arm-none-eabi/6.3.1/thumb/v6-m\libgcc.a(_arm_cmpsf2.o)
 .ARM.attributes
                0x00000720       0x1e c:/program files (x86)/atmel/studio/7.0/toolchain/arm/arm-gnu-toolchain/bin/../lib/gcc/arm-none-eabi/6.3.1/thumb/v6-m\libgcc.a(_clzsi2.o)
 .ARM.attributes
                0x0000073e       0x2c c:/program files (x86)/atmel/studio/7.0/toolchain/arm/arm-gnu-toolchain/bin/../lib/gcc/arm-none-eabi/6.3.1/thumb/v6-m\libgcc.a(eqsf2.o)
 .ARM.attributes
                0x0000076a       0x2c c:/program files (x86)/atmel/studio/7.0/toolchain/arm/arm-gnu-toolchain/bin/../lib/gcc/arm-none-eabi/6.3.1/thumb/v6-m\libgcc.a(gesf2.o)
 .ARM.attributes
                0x00000796       0x2c c:/program files (x86)/atmel/studio/7.0/toolchain/arm/arm-gnu-toolchain/bin/../lib/gcc/arm-none-eabi/6.3.1/thumb/v6-m\libgcc.a(lesf2.o)
 .ARM.attributes
                0x000007c2       0x2c c:/program files (x86)/atmel/studio/7.0/toolchain/arm/arm-gnu-toolchain/bin/../lib/gcc/arm-none-eabi/6.3.1/thumb/v6-m\libgcc.a(eqdf2.o)
 .ARM.attributes
                0x000007ee       0x2c c:/program files (x86)/atmel/studio/7.0/toolchain/arm/arm-gnu-toolchain/bin/../lib/gcc/arm-none-eabi/6.3.1/thumb/v6-m\libgcc.a(gedf2.o)
 .ARM.attributes
                0x0000081a       0x2c c:/program files (x86)/atmel/studio/7.0/toolchain/arm/arm-gnu-toolchain/bin/../lib/gcc/arm-none-eabi/6.3.1/thumb/v6-m\libgcc.a(ledf2.o)
 .ARM.attributes
                0x00000846       0x2c c:/program files (x86)/atmel/studio/7.0/toolchain/arm/arm-gnu-toolchain/bin/../lib/gcc/arm-none-eabi/6.3.1/../../../../arm-none-eabi/lib/thumb/v6-m\libc_nano.a(lib_a-impure.o)
 .ARM.attributes
                0x00000872       0x2c c:/program files (x86)/atmel/studio/7.0/toolchain/arm/arm-gnu-toolchain/bin/../lib/gcc/arm-none-eabi/6.3.1/../../../../arm-none-eabi/lib/thumb/v6-m\libc_nano.a(lib_a-init.o)
 .ARM.attributes
                0x0000089e       0x2c c:/program files (x86)/atmel/studio/7.0/toolchain/arm/arm-gnu-toolchain/bin/../lib/gcc/arm-none-eabi/6.3.1/../../../../arm-none-eabi/lib/thumb/v6-m\libc_nano.a(lib_a-memset.o)
 .ARM.attributes
                0x000008ca       0x2c c:/program files (x86)/atmel/studio/7.0/toolchain/arm/arm-gnu-toolchain/bin/../lib/gcc/arm-none-eabi/6.3.1/../../../../arm-none-eabi/lib/thumb/v6-m\libc_nano.a(lib_a-printf.o)
 .ARM.attributes
                0x000008f6       0x2c c:/program files (x86)/atmel/studio/7.0/toolchain/arm/arm-gnu-toolchain/bin/../lib/gcc/arm-none-eabi/6.3.1/../../../../arm-none-eabi/lib/thumb/v6-m\libc_nano.a(lib_a-puts.o)
 .ARM.attributes
                0x00000922       0x2c c:/program files (x86)/atmel/studio/7.0/toolchain/arm/arm-gnu-toolchain/bin/../lib/gcc/arm-none-eabi/6.3.1/../../../../arm-none-eabi/lib/thumb/v6-m\libc_nano.a(lib_a-setbuf.o)
 .ARM.attributes
                0x0000094e       0x2c c:/program files (x86)/atmel/studio/7.0/toolchain/arm/arm-gnu-toolchain/bin/../lib/gcc/arm-none-eabi/6.3.1/../../../../arm-none-eabi/lib/thumb/v6-m\libc_nano.a(lib_a-setvbuf.o)
 .ARM.attributes
                0x0000097a       0x2c c:/program files (x86)/atmel/studio/7.0/toolchain/arm/arm-gnu-toolchain/bin/../lib/gcc/arm-none-eabi/6.3.1/../../../../arm-none-eabi/lib/thumb/v6-m\libc_nano.a(lib_a-wbuf.o)
 .ARM.attributes
                0x000009a6       0x2c c:/program files (x86)/atmel/studio/7.0/toolchain/arm/arm-gnu-toolchain/bin/../lib/gcc/arm-none-eabi/6.3.1/../../../../arm-none-eabi/lib/thumb/v6-m\libc_nano.a(lib_a-wsetup.o)
 .ARM.attributes
                0x000009d2       0x2c c:/program files (x86)/atmel/studio/7.0/toolchain/arm/arm-gnu-toolchain/bin/../lib/gcc/arm-none-eabi/6.3.1/../../../../arm-none-eabi/lib/thumb/v6-m\libc_nano.a(lib_a-fflush.o)
 .ARM.attributes
                0x000009fe       0x2c c:/program files (x86)/atmel/studio/7.0/toolchain/arm/arm-gnu-toolchain/bin/../lib/gcc/arm-none-eabi/6.3.1/../../../../arm-none-eabi/lib/thumb/v6-m\libc_nano.a(lib_a-findfp.o)
 .ARM.attributes
                0x00000a2a       0x2c c:/program files (x86)/atmel/studio/7.0/toolchain/arm/arm-gnu-toolchain/bin/../lib/gcc/arm-none-eabi/6.3.1/../../../../arm-none-eabi/lib/thumb/v6-m\libc_nano.a(lib_a-fwalk.o)
 .ARM.attributes
                0x00000a56       0x2c c:/program files (x86)/atmel/studio/7.0/toolchain/arm/arm-gnu-toolchain/bin/../lib/gcc/arm-none-eabi/6.3.1/../../../../arm-none-eabi/lib/thumb/v6-m\libc_nano.a(lib_a-makebuf.o)
 .ARM.attributes
                0x00000a82       0x2c c:/program files (x86)/atmel/studio/7.0/toolchain/arm/arm-gnu-toolchain/bin/../lib/gcc/arm-none-eabi/6.3.1/../../../../arm-none-eabi/lib/thumb/v6-m\libc_nano.a(lib_a-malloc.o)
 .ARM.attributes
                0x00000aae       0x2c c:/program files (x86)/atmel/studio/7.0/toolchain/arm/arm-gnu-toolchain/bin/../lib/gcc/arm-none-eabi/6.3.1/../../../../arm-none-eabi/lib/thumb/v6-m\libc_nano.a(lib_a-nano-freer.o)
 .ARM.attributes
                0x00000ada       0x2c c:/program files (x86)/atmel/studio/7.0/toolchain/arm/arm-gnu-toolchain/bin/../lib/gcc/arm-none-eabi/6.3.1/../../../../arm-none-eabi/lib/thumb/v6-m\libc_nano.a(lib_a-nano-mallocr.o)
 .ARM.attributes
                0x00000b06       0x2c c:/program files (x86)/atmel/studio/7.0/toolchain/arm/arm-gnu-toolchain/bin/../lib/gcc/arm-none-eabi/6.3.1/../../../../arm-none-eabi/lib/thumb/v6-m\libc_nano.a(lib_a-nano-vfprintf.o)
 .ARM.attributes
                0x00000b32       0x2c c:/program files (x86)/atmel/studio/7.0/toolchain/arm/arm-gnu-toolchain/bin/../lib/gcc/arm-none-eabi/6.3.1/../../../../arm-none-eabi/lib/thumb/v6-m\libc_nano.a(lib_a-nano-vfprintf_i.o)
 .ARM.attributes
                0x00000b5e       0x2c c:/program files (x86)/atmel/studio/7.0/toolchain/arm/arm-gnu-toolchain/bin/../lib/gcc/arm-none-eabi/6.3.1/../../../../arm-none-eabi/lib/thumb/v6-m\libc_nano.a(lib_a-sbrkr.o)
 .ARM.attributes
                0x00000b8a       0x2c c:/program files (x86)/atmel/studio/7.0/toolchain/arm/arm-gnu-toolchain/bin/../lib/gcc/arm-none-eabi/6.3.1/../../../../arm-none-eabi/lib/thumb/v6-m\libc_nano.a(lib_a-stdio.o)
 .ARM.attributes
                0x00000bb6       0x2c c:/program files (x86)/atmel/studio/7.0/toolchain/arm/arm-gnu-toolchain/bin/../lib/gcc/arm-none-eabi/6.3.1/../../../../arm-none-eabi/lib/thumb/v6-m\libc_nano.a(lib_a-writer.o)
 .ARM.attributes
                0x00000be2       0x2c c:/program files (x86)/atmel/studio/7.0/toolchain/arm/arm-gnu-toolchain/bin/../lib/gcc/arm-none-eabi/6.3.1/../../../../arm-none-eabi/lib/thumb/v6-m\libc_nano.a(lib_a-closer.o)
 .ARM.attributes
                0x00000c0e       0x2c c:/program files (x86)/atmel/studio/7.0/toolchain/arm/arm-gnu-toolchain/bin/../lib/gcc/arm-none-eabi/6.3.1/../../../../arm-none-eabi/lib/thumb/v6-m\libc_nano.a(lib_a-fstatr.o)
 .ARM.attributes
                0x00000c3a       0x2c c:/program files (x86)/atmel/studio/7.0/toolchain/arm/arm-gnu-toolchain/bin/../lib/gcc/arm-none-eabi/6.3.1/../../../../arm-none-eabi/lib/thumb/v6-m\libc_nano.a(lib_a-isattyr.o)
 .ARM.attributes
                0x00000c66       0x2c c:/program files (x86)/atmel/studio/7.0/toolchain/arm/arm-gnu-toolchain/bin/../lib/gcc/arm-none-eabi/6.3.1/../../../../arm-none-eabi/lib/thumb/v6-m\libc_nano.a(lib_a-lseekr.o)
 .ARM.attributes
                0x00000c92       0x2c c:/program files (x86)/atmel/studio/7.0/toolchain/arm/arm-gnu-toolchain/bin/../lib/gcc/arm-none-eabi/6.3.1/../../../../arm-none-eabi/lib/thumb/v6-m\libc_nano.a(lib_a-memchr-stub.o)
 .ARM.attributes
                0x00000cbe       0x2c c:/program files (x86)/atmel/studio/7.0/toolchain/arm/arm-gnu-toolchain/bin/../lib/gcc/arm-none-eabi/6.3.1/../../../../arm-none-eabi/lib/thumb/v6-m\libc_nano.a(lib_a-mlock.o)
 .ARM.attributes
                0x00000cea       0x2c c:/program files (x86)/atmel/studio/7.0/toolchain/arm/arm-gnu-toolchain/bin/../lib/gcc/arm-none-eabi/6.3.1/../../../../arm-none-eabi/lib/thumb/v6-m\libc_nano.a(lib_a-readr.o)
 .ARM.attributes
                0x00000d16       0x2c c:/program files (x86)/atmel/studio/7.0/toolchain/arm/arm-gnu-toolchain/bin/../lib/gcc/arm-none-eabi/6.3.1/../../../../arm-none-eabi/lib/thumb/v6-m\libc_nano.a(lib_a-reent.o)
 .ARM.attributes
                0x00000d42       0x1e c:/program files (x86)/atmel/studio/7.0/toolchain/arm/arm-gnu-toolchain/bin/../lib/gcc/arm-none-eabi/6.3.1/thumb/v6-m/crtn.o

.comment        0x00000000       0x59
 .comment       0x00000000       0x59 atmel_start.o
                                 0x5a (size before relaxing)
 .comment       0x00000059       0x5a Device_Startup/startup_samc21.o
 .comment       0x00000059       0x5a driver_init.o
 .comment       0x00000059       0x5a hal/src/hal_adc_sync.o
 .comment       0x00000059       0x5a hal/src/hal_can_async.o
 .comment       0x00000059       0x5a hal/src/hal_io.o
 .comment       0x00000059       0x5a hal/src/hal_temp_sync.o
 .comment       0x00000059       0x5a hal/src/hal_usart_sync.o
 .comment       0x00000059       0x5a hal/utils/src/utils_assert.o
 .comment       0x00000059       0x5a hal/utils/src/utils_syscalls.o
 .comment       0x00000059       0x5a hpl/adc/hpl_adc.o
 .comment       0x00000059       0x5a hpl/can/hpl_can.o
 .comment       0x00000059       0x5a hpl/core/hpl_init.o
 .comment       0x00000059       0x5a hpl/divas/hpl_divas.o
 .comment       0x00000059       0x5a hpl/gclk/hpl_gclk.o
 .comment       0x00000059       0x5a hpl/mclk/hpl_mclk.o
 .comment       0x00000059       0x5a hpl/osc32kctrl/hpl_osc32kctrl.o
 .comment       0x00000059       0x5a hpl/oscctrl/hpl_oscctrl.o
 .comment       0x00000059       0x5a hpl/sercom/hpl_sercom.o
 .comment       0x00000059       0x5a hpl/tsens/hpl_tsens.o
 .comment       0x00000059       0x5a main.o
 .comment       0x00000059       0x5a stdio_redirect/gcc/read.o
 .comment       0x00000059       0x5a stdio_redirect/gcc/write.o
 .comment       0x00000059       0x5a stdio_redirect/stdio_io.o
 .comment       0x00000059       0x5a stdio_start.o

.debug_info     0x00000000    0x2d416
 .debug_info    0x00000000      0xd6b atmel_start.o
 .debug_info    0x00000d6b      0x523 Device_Startup/startup_samc21.o
 .debug_info    0x0000128e     0xa980 driver_init.o
 .debug_info    0x0000bc0e      0xb29 hal/src/hal_adc_sync.o
 .debug_info    0x0000c737      0xa21 hal/src/hal_can_async.o
 .debug_info    0x0000d158      0x2b2 hal/src/hal_io.o
 .debug_info    0x0000d40a      0x375 hal/src/hal_temp_sync.o
 .debug_info    0x0000d77f      0xc56 hal/src/hal_usart_sync.o
 .debug_info    0x0000e3d5      0x107 hal/utils/src/utils_assert.o
 .debug_info    0x0000e4dc      0xdca hal/utils/src/utils_syscalls.o
 .debug_info    0x0000f2a6     0x3d3d hpl/adc/hpl_adc.o
 .debug_info    0x00012fe3     0x57d3 hpl/can/hpl_can.o
 .debug_info    0x000187b6      0x75c hpl/core/hpl_init.o
 .debug_info    0x00018f12      0x854 hpl/divas/hpl_divas.o
 .debug_info    0x00019766      0x6ca hpl/gclk/hpl_gclk.o
 .debug_info    0x00019e30      0x7c2 hpl/mclk/hpl_mclk.o
 .debug_info    0x0001a5f2      0x770 hpl/osc32kctrl/hpl_osc32kctrl.o
 .debug_info    0x0001ad62      0xcc6 hpl/oscctrl/hpl_oscctrl.o
 .debug_info    0x0001ba28     0xb445 hpl/sercom/hpl_sercom.o
 .debug_info    0x00026e6d     0x1df8 hpl/tsens/hpl_tsens.o
 .debug_info    0x00028c65     0x19ab main.o
 .debug_info    0x0002a610      0xa34 stdio_redirect/gcc/read.o
 .debug_info    0x0002b044      0xa34 stdio_redirect/gcc/write.o
 .debug_info    0x0002ba78      0xbe2 stdio_redirect/stdio_io.o
 .debug_info    0x0002c65a      0xdbc stdio_start.o

.debug_abbrev   0x00000000     0x3946
 .debug_abbrev  0x00000000      0x1c7 atmel_start.o
 .debug_abbrev  0x000001c7      0x14f Device_Startup/startup_samc21.o
 .debug_abbrev  0x00000316      0x36c driver_init.o
 .debug_abbrev  0x00000682      0x168 hal/src/hal_adc_sync.o
 .debug_abbrev  0x000007ea      0x18b hal/src/hal_can_async.o
 .debug_abbrev  0x00000975      0x115 hal/src/hal_io.o
 .debug_abbrev  0x00000a8a      0x10c hal/src/hal_temp_sync.o
 .debug_abbrev  0x00000b96      0x217 hal/src/hal_usart_sync.o
 .debug_abbrev  0x00000dad       0x86 hal/utils/src/utils_assert.o
 .debug_abbrev  0x00000e33      0x269 hal/utils/src/utils_syscalls.o
 .debug_abbrev  0x0000109c      0x499 hpl/adc/hpl_adc.o
 .debug_abbrev  0x00001535      0x4b0 hpl/can/hpl_can.o
 .debug_abbrev  0x000019e5      0x1ce hpl/core/hpl_init.o
 .debug_abbrev  0x00001bb3      0x232 hpl/divas/hpl_divas.o
 .debug_abbrev  0x00001de5      0x1ab hpl/gclk/hpl_gclk.o
 .debug_abbrev  0x00001f90      0x1ac hpl/mclk/hpl_mclk.o
 .debug_abbrev  0x0000213c      0x1d1 hpl/osc32kctrl/hpl_osc32kctrl.o
 .debug_abbrev  0x0000230d      0x1cd hpl/oscctrl/hpl_oscctrl.o
 .debug_abbrev  0x000024da      0x58f hpl/sercom/hpl_sercom.o
 .debug_abbrev  0x00002a69      0x373 hpl/tsens/hpl_tsens.o
 .debug_abbrev  0x00002ddc      0x37c main.o
 .debug_abbrev  0x00003158      0x1e8 stdio_redirect/gcc/read.o
 .debug_abbrev  0x00003340      0x1e8 stdio_redirect/gcc/write.o
 .debug_abbrev  0x00003528      0x229 stdio_redirect/stdio_io.o
 .debug_abbrev  0x00003751      0x1f5 stdio_start.o

.debug_loc      0x00000000    0x1071e
 .debug_loc     0x00000000       0x20 atmel_start.o
 .debug_loc     0x00000020       0x40 Device_Startup/startup_samc21.o
 .debug_loc     0x00000060     0x23dd driver_init.o
 .debug_loc     0x0000243d      0x8c0 hal/src/hal_adc_sync.o
 .debug_loc     0x00002cfd      0x682 hal/src/hal_can_async.o
 .debug_loc     0x0000337f      0x18a hal/src/hal_io.o
 .debug_loc     0x00003509      0x216 hal/src/hal_temp_sync.o
 .debug_loc     0x0000371f      0x9b2 hal/src/hal_usart_sync.o
 .debug_loc     0x000040d1      0x13b hal/utils/src/utils_syscalls.o
 .debug_loc     0x0000420c     0x1df8 hpl/adc/hpl_adc.o
 .debug_loc     0x00006004      0xcad hpl/can/hpl_can.o
 .debug_loc     0x00006cb1       0x4c hpl/core/hpl_init.o
 .debug_loc     0x00006cfd      0x2a5 hpl/divas/hpl_divas.o
 .debug_loc     0x00006fa2      0x23a hpl/gclk/hpl_gclk.o
 .debug_loc     0x000071dc       0x2c hpl/mclk/hpl_mclk.o
 .debug_loc     0x00007208       0x94 hpl/osc32kctrl/hpl_osc32kctrl.o
 .debug_loc     0x0000729c       0x46 hpl/oscctrl/hpl_oscctrl.o
 .debug_loc     0x000072e2     0x801f hpl/sercom/hpl_sercom.o
 .debug_loc     0x0000f301      0xd18 hpl/tsens/hpl_tsens.o
 .debug_loc     0x00010019      0x3ae main.o
 .debug_loc     0x000103c7       0xe8 stdio_redirect/gcc/read.o
 .debug_loc     0x000104af       0xdc stdio_redirect/gcc/write.o
 .debug_loc     0x0001058b      0x153 stdio_redirect/stdio_io.o
 .debug_loc     0x000106de       0x40 stdio_start.o

.debug_aranges  0x00000000      0xce0
 .debug_aranges
                0x00000000       0x20 atmel_start.o
 .debug_aranges
                0x00000020       0x28 Device_Startup/startup_samc21.o
 .debug_aranges
                0x00000048       0x70 driver_init.o
 .debug_aranges
                0x000000b8       0x98 hal/src/hal_adc_sync.o
 .debug_aranges
                0x00000150       0x90 hal/src/hal_can_async.o
 .debug_aranges
                0x000001e0       0x30 hal/src/hal_io.o
 .debug_aranges
                0x00000210       0x48 hal/src/hal_temp_sync.o
 .debug_aranges
                0x00000258       0xa8 hal/src/hal_usart_sync.o
 .debug_aranges
                0x00000300       0x20 hal/utils/src/utils_assert.o
 .debug_aranges
                0x00000320       0x60 hal/utils/src/utils_syscalls.o
 .debug_aranges
                0x00000380      0x1e0 hpl/adc/hpl_adc.o
 .debug_aranges
                0x00000560       0x78 hpl/can/hpl_can.o
 .debug_aranges
                0x000005d8       0x20 hpl/core/hpl_init.o
 .debug_aranges
                0x000005f8       0x40 hpl/divas/hpl_divas.o
 .debug_aranges
                0x00000638       0x28 hpl/gclk/hpl_gclk.o
 .debug_aranges
                0x00000660       0x20 hpl/mclk/hpl_mclk.o
 .debug_aranges
                0x00000680       0x20 hpl/osc32kctrl/hpl_osc32kctrl.o
 .debug_aranges
                0x000006a0       0x28 hpl/oscctrl/hpl_oscctrl.o
 .debug_aranges
                0x000006c8      0x4c8 hpl/sercom/hpl_sercom.o
 .debug_aranges
                0x00000b90       0x88 hpl/tsens/hpl_tsens.o
 .debug_aranges
                0x00000c18       0x28 main.o
 .debug_aranges
                0x00000c40       0x20 stdio_redirect/gcc/read.o
 .debug_aranges
                0x00000c60       0x20 stdio_redirect/gcc/write.o
 .debug_aranges
                0x00000c80       0x38 stdio_redirect/stdio_io.o
 .debug_aranges
                0x00000cb8       0x28 stdio_start.o

.debug_ranges   0x00000000     0x11b0
 .debug_ranges  0x00000000       0x10 atmel_start.o
 .debug_ranges  0x00000010       0x18 Device_Startup/startup_samc21.o
 .debug_ranges  0x00000028       0x60 driver_init.o
 .debug_ranges  0x00000088       0xa0 hal/src/hal_adc_sync.o
 .debug_ranges  0x00000128       0x80 hal/src/hal_can_async.o
 .debug_ranges  0x000001a8       0x20 hal/src/hal_io.o
 .debug_ranges  0x000001c8       0x38 hal/src/hal_temp_sync.o
 .debug_ranges  0x00000200       0x98 hal/src/hal_usart_sync.o
 .debug_ranges  0x00000298       0x10 hal/utils/src/utils_assert.o
 .debug_ranges  0x000002a8       0x50 hal/utils/src/utils_syscalls.o
 .debug_ranges  0x000002f8      0x1e8 hpl/adc/hpl_adc.o
 .debug_ranges  0x000004e0       0x98 hpl/can/hpl_can.o
 .debug_ranges  0x00000578       0x10 hpl/core/hpl_init.o
 .debug_ranges  0x00000588       0x30 hpl/divas/hpl_divas.o
 .debug_ranges  0x000005b8       0x18 hpl/gclk/hpl_gclk.o
 .debug_ranges  0x000005d0       0x10 hpl/mclk/hpl_mclk.o
 .debug_ranges  0x000005e0       0x10 hpl/osc32kctrl/hpl_osc32kctrl.o
 .debug_ranges  0x000005f0       0x18 hpl/oscctrl/hpl_oscctrl.o
 .debug_ranges  0x00000608      0x9f8 hpl/sercom/hpl_sercom.o
 .debug_ranges  0x00001000      0x138 hpl/tsens/hpl_tsens.o
 .debug_ranges  0x00001138       0x18 main.o
 .debug_ranges  0x00001150       0x10 stdio_redirect/gcc/read.o
 .debug_ranges  0x00001160       0x10 stdio_redirect/gcc/write.o
 .debug_ranges  0x00001170       0x28 stdio_redirect/stdio_io.o
 .debug_ranges  0x00001198       0x18 stdio_start.o

.debug_macro    0x00000000    0x216b7
 .debug_macro   0x00000000      0x7e9 atmel_start.o
 .debug_macro   0x000007e9      0x89e atmel_start.o
 .debug_macro   0x00001087      0x16d atmel_start.o
 .debug_macro   0x000011f4       0x22 atmel_start.o
 .debug_macro   0x00001216       0x87 atmel_start.o
 .debug_macro   0x0000129d       0x51 atmel_start.o
 .debug_macro   0x000012ee       0xef atmel_start.o
 .debug_macro   0x000013dd       0x6a atmel_start.o
 .debug_macro   0x00001447      0x1df atmel_start.o
 .debug_macro   0x00001626       0x22 atmel_start.o
 .debug_macro   0x00001648       0x3f atmel_start.o
 .debug_macro   0x00001687       0x1c atmel_start.o
 .debug_macro   0x000016a3       0x22 atmel_start.o
 .debug_macro   0x000016c5       0xb5 atmel_start.o
 .debug_macro   0x0000177a      0x4da atmel_start.o
 .debug_macro   0x00001c54      0x11f atmel_start.o
 .debug_macro   0x00001d73      0x897 atmel_start.o
 .debug_macro   0x0000260a      0x8c0 atmel_start.o
 .debug_macro   0x00002eca     0x2d61 atmel_start.o
 .debug_macro   0x00005c2b      0x21e atmel_start.o
 .debug_macro   0x00005e49      0x282 atmel_start.o
 .debug_macro   0x000060cb      0x130 atmel_start.o
 .debug_macro   0x000061fb      0xd32 atmel_start.o
 .debug_macro   0x00006f2d      0x61f atmel_start.o
 .debug_macro   0x0000754c      0x5be atmel_start.o
 .debug_macro   0x00007b0a      0x824 atmel_start.o
 .debug_macro   0x0000832e      0x172 atmel_start.o
 .debug_macro   0x000084a0      0x306 atmel_start.o
 .debug_macro   0x000087a6      0x55f atmel_start.o
 .debug_macro   0x00008d05      0x421 atmel_start.o
 .debug_macro   0x00009126      0x21c atmel_start.o
 .debug_macro   0x00009342      0x719 atmel_start.o
 .debug_macro   0x00009a5b      0x5ab atmel_start.o
 .debug_macro   0x0000a006      0x335 atmel_start.o
 .debug_macro   0x0000a33b      0x68d atmel_start.o
 .debug_macro   0x0000a9c8       0xc4 atmel_start.o
 .debug_macro   0x0000aa8c      0x340 atmel_start.o
 .debug_macro   0x0000adcc       0x6a atmel_start.o
 .debug_macro   0x0000ae36     0x124b atmel_start.o
 .debug_macro   0x0000c081      0x5a5 atmel_start.o
 .debug_macro   0x0000c626      0xfc4 atmel_start.o
 .debug_macro   0x0000d5ea      0x59e atmel_start.o
 .debug_macro   0x0000db88      0x8ae atmel_start.o
 .debug_macro   0x0000e436     0x19be atmel_start.o
 .debug_macro   0x0000fdf4      0x39c atmel_start.o
 .debug_macro   0x00010190      0x36a atmel_start.o
 .debug_macro   0x000104fa       0x94 atmel_start.o
 .debug_macro   0x0001058e       0xac atmel_start.o
 .debug_macro   0x0001063a       0xac atmel_start.o
 .debug_macro   0x000106e6      0x149 atmel_start.o
 .debug_macro   0x0001082f      0x149 atmel_start.o
 .debug_macro   0x00010978       0x4c atmel_start.o
 .debug_macro   0x000109c4       0x58 atmel_start.o
 .debug_macro   0x00010a1c       0x3a atmel_start.o
 .debug_macro   0x00010a56       0xd6 atmel_start.o
 .debug_macro   0x00010b2c       0xb8 atmel_start.o
 .debug_macro   0x00010be4       0x64 atmel_start.o
 .debug_macro   0x00010c48      0x5d7 atmel_start.o
 .debug_macro   0x0001121f       0x4c atmel_start.o
 .debug_macro   0x0001126b      0x1be atmel_start.o
 .debug_macro   0x00011429      0x184 atmel_start.o
 .debug_macro   0x000115ad       0x52 atmel_start.o
 .debug_macro   0x000115ff       0xa0 atmel_start.o
 .debug_macro   0x0001169f       0xd6 atmel_start.o
 .debug_macro   0x00011775       0x94 atmel_start.o
 .debug_macro   0x00011809       0x4c atmel_start.o
 .debug_macro   0x00011855       0x64 atmel_start.o
 .debug_macro   0x000118b9       0x22 atmel_start.o
 .debug_macro   0x000118db      0x16c atmel_start.o
 .debug_macro   0x00011a47       0x2e atmel_start.o
 .debug_macro   0x00011a75       0x16 atmel_start.o
 .debug_macro   0x00011a8b       0xd6 atmel_start.o
 .debug_macro   0x00011b61       0xa0 atmel_start.o
 .debug_macro   0x00011c01      0x133 atmel_start.o
 .debug_macro   0x00011d34      0x133 atmel_start.o
 .debug_macro   0x00011e67      0x133 atmel_start.o
 .debug_macro   0x00011f9a      0x133 atmel_start.o
 .debug_macro   0x000120cd      0x133 atmel_start.o
 .debug_macro   0x00012200      0x133 atmel_start.o
 .debug_macro   0x00012333       0x4c atmel_start.o
 .debug_macro   0x0001237f       0xfa atmel_start.o
 .debug_macro   0x00012479       0xfa atmel_start.o
 .debug_macro   0x00012573       0xfa atmel_start.o
 .debug_macro   0x0001266d       0xfa atmel_start.o
 .debug_macro   0x00012767       0xfa atmel_start.o
 .debug_macro   0x00012861      0x124 atmel_start.o
 .debug_macro   0x00012985       0xfa atmel_start.o
 .debug_macro   0x00012a7f       0xee atmel_start.o
 .debug_macro   0x00012b6d       0x76 atmel_start.o
 .debug_macro   0x00012be3       0x3a atmel_start.o
 .debug_macro   0x00012c1d      0x46b atmel_start.o
 .debug_macro   0x00013088     0x1de3 atmel_start.o
 .debug_macro   0x00014e6b       0x82 atmel_start.o
 .debug_macro   0x00014eed       0x10 atmel_start.o
 .debug_macro   0x00014efd       0x10 atmel_start.o
 .debug_macro   0x00014f0d       0x16 atmel_start.o
 .debug_macro   0x00014f23       0x16 atmel_start.o
 .debug_macro   0x00014f39       0x16 atmel_start.o
 .debug_macro   0x00014f4f       0x16 atmel_start.o
 .debug_macro   0x00014f65       0x16 atmel_start.o
 .debug_macro   0x00014f7b       0x16 atmel_start.o
 .debug_macro   0x00014f91       0x16 atmel_start.o
 .debug_macro   0x00014fa7       0x16 atmel_start.o
 .debug_macro   0x00014fbd       0x16 atmel_start.o
 .debug_macro   0x00014fd3       0x16 atmel_start.o
 .debug_macro   0x00014fe9       0x16 atmel_start.o
 .debug_macro   0x00014fff       0x16 atmel_start.o
 .debug_macro   0x00015015       0x16 atmel_start.o
 .debug_macro   0x0001502b       0x16 atmel_start.o
 .debug_macro   0x00015041       0x16 atmel_start.o
 .debug_macro   0x00015057       0x16 atmel_start.o
 .debug_macro   0x0001506d       0x16 atmel_start.o
 .debug_macro   0x00015083       0x16 atmel_start.o
 .debug_macro   0x00015099       0x16 atmel_start.o
 .debug_macro   0x000150af       0x16 atmel_start.o
 .debug_macro   0x000150c5       0x16 atmel_start.o
 .debug_macro   0x000150db      0x262 atmel_start.o
 .debug_macro   0x0001533d       0x16 atmel_start.o
 .debug_macro   0x00015353       0x94 atmel_start.o
 .debug_macro   0x000153e7       0x16 atmel_start.o
 .debug_macro   0x000153fd       0xbe atmel_start.o
 .debug_macro   0x000154bb      0x28c atmel_start.o
 .debug_macro   0x00015747       0x16 atmel_start.o
 .debug_macro   0x0001575d       0x16 atmel_start.o
 .debug_macro   0x00015773       0xca atmel_start.o
 .debug_macro   0x0001583d       0x1c atmel_start.o
 .debug_macro   0x00015859       0x16 atmel_start.o
 .debug_macro   0x0001586f       0xcf atmel_start.o
 .debug_macro   0x0001593e       0xd0 atmel_start.o
 .debug_macro   0x00015a0e       0xc9 atmel_start.o
 .debug_macro   0x00015ad7       0x58 atmel_start.o
 .debug_macro   0x00015b2f       0x35 atmel_start.o
 .debug_macro   0x00015b64       0x9c atmel_start.o
 .debug_macro   0x00015c00       0x16 atmel_start.o
 .debug_macro   0x00015c16       0x35 atmel_start.o
 .debug_macro   0x00015c4b      0x34d atmel_start.o
 .debug_macro   0x00015f98       0x10 atmel_start.o
 .debug_macro   0x00015fa8       0x58 atmel_start.o
 .debug_macro   0x00016000       0x1f atmel_start.o
 .debug_macro   0x0001601f       0x43 atmel_start.o
 .debug_macro   0x00016062       0x20 atmel_start.o
 .debug_macro   0x00016082      0x187 atmel_start.o
 .debug_macro   0x00016209       0x10 atmel_start.o
 .debug_macro   0x00016219       0x1c atmel_start.o
 .debug_macro   0x00016235       0x52 atmel_start.o
 .debug_macro   0x00016287       0x40 atmel_start.o
 .debug_macro   0x000162c7       0x10 atmel_start.o
 .debug_macro   0x000162d7       0x40 atmel_start.o
 .debug_macro   0x00016317       0xd7 atmel_start.o
 .debug_macro   0x000163ee       0x16 atmel_start.o
 .debug_macro   0x00016404      0x18b atmel_start.o
 .debug_macro   0x0001658f      0x3ba Device_Startup/startup_samc21.o
 .debug_macro   0x00016949       0x39 Device_Startup/startup_samc21.o
 .debug_macro   0x00016982      0x690 driver_init.o
 .debug_macro   0x00017012       0x50 driver_init.o
 .debug_macro   0x00017062      0x572 hal/src/hal_adc_sync.o
 .debug_macro   0x000175d4      0x580 hal/src/hal_can_async.o
 .debug_macro   0x00017b54       0x10 hal/src/hal_can_async.o
 .debug_macro   0x00017b64      0x54f hal/src/hal_io.o
 .debug_macro   0x000180b3      0x560 hal/src/hal_temp_sync.o
 .debug_macro   0x00018613      0x57a hal/src/hal_usart_sync.o
 .debug_macro   0x00018b8d      0x544 hal/utils/src/utils_assert.o
 .debug_macro   0x000190d1      0x1d6 hal/utils/src/utils_syscalls.o
 .debug_macro   0x000192a7       0x52 hal/utils/src/utils_syscalls.o
 .debug_macro   0x000192f9       0x8d hal/utils/src/utils_syscalls.o
 .debug_macro   0x00019386       0x57 hal/utils/src/utils_syscalls.o
 .debug_macro   0x000193dd       0x97 hal/utils/src/utils_syscalls.o
 .debug_macro   0x00019474      0x353 hal/utils/src/utils_syscalls.o
 .debug_macro   0x000197c7       0xf6 hal/utils/src/utils_syscalls.o
 .debug_macro   0x000198bd       0x4c hal/utils/src/utils_syscalls.o
 .debug_macro   0x00019909       0x16 hal/utils/src/utils_syscalls.o
 .debug_macro   0x0001991f       0x10 hal/utils/src/utils_syscalls.o
 .debug_macro   0x0001992f       0x10 hal/utils/src/utils_syscalls.o
 .debug_macro   0x0001993f       0x35 hal/utils/src/utils_syscalls.o
 .debug_macro   0x00019974      0x122 hal/utils/src/utils_syscalls.o
 .debug_macro   0x00019a96      0x5a3 hpl/adc/hpl_adc.o
 .debug_macro   0x0001a039      0x6cc hpl/adc/hpl_adc.o
 .debug_macro   0x0001a705      0x6ba hpl/adc/hpl_adc.o
 .debug_macro   0x0001adbf       0xf4 hpl/adc/hpl_adc.o
 .debug_macro   0x0001aeb3      0x649 hpl/can/hpl_can.o
 .debug_macro   0x0001b4fc      0x167 hpl/can/hpl_can.o
 .debug_macro   0x0001b663       0x9e hpl/can/hpl_can.o
 .debug_macro   0x0001b701      0x5c9 hpl/core/hpl_init.o
 .debug_macro   0x0001bcca       0x1c hpl/core/hpl_init.o
 .debug_macro   0x0001bce6      0x772 hpl/core/hpl_init.o
 .debug_macro   0x0001c458      0x562 hpl/divas/hpl_divas.o
 .debug_macro   0x0001c9ba      0x553 hpl/gclk/hpl_gclk.o
 .debug_macro   0x0001cf0d      0x1f4 hpl/gclk/hpl_gclk.o
 .debug_macro   0x0001d101      0x54e hpl/mclk/hpl_mclk.o
 .debug_macro   0x0001d64f      0x549 hpl/osc32kctrl/hpl_osc32kctrl.o
 .debug_macro   0x0001db98       0xb8 hpl/osc32kctrl/hpl_osc32kctrl.o
 .debug_macro   0x0001dc50      0x549 hpl/oscctrl/hpl_oscctrl.o
 .debug_macro   0x0001e199      0x130 hpl/oscctrl/hpl_oscctrl.o
 .debug_macro   0x0001e2c9      0x79d hpl/sercom/hpl_sercom.o
 .debug_macro   0x0001ea66       0x70 hpl/sercom/hpl_sercom.o
 .debug_macro   0x0001ead6       0xba hpl/sercom/hpl_sercom.o
 .debug_macro   0x0001eb90       0x10 hpl/sercom/hpl_sercom.o
 .debug_macro   0x0001eba0       0x1c hpl/sercom/hpl_sercom.o
 .debug_macro   0x0001ebbc       0x22 hpl/sercom/hpl_sercom.o
 .debug_macro   0x0001ebde       0x10 hpl/sercom/hpl_sercom.o
 .debug_macro   0x0001ebee      0x579 hpl/tsens/hpl_tsens.o
 .debug_macro   0x0001f167       0x6a hpl/tsens/hpl_tsens.o
 .debug_macro   0x0001f1d1      0x846 main.o
 .debug_macro   0x0001fa17       0x10 main.o
 .debug_macro   0x0001fa27      0x6aa stdio_redirect/gcc/read.o
 .debug_macro   0x000200d1      0x6aa stdio_redirect/gcc/write.o
 .debug_macro   0x0002077b      0x6a3 stdio_redirect/stdio_io.o
 .debug_macro   0x00020e1e       0xaf stdio_redirect/stdio_io.o
 .debug_macro   0x00020ecd      0x7ea stdio_start.o

.debug_line     0x00000000    0x14fae
 .debug_line    0x00000000      0xdd5 atmel_start.o
 .debug_line    0x00000dd5      0x7c3 Device_Startup/startup_samc21.o
 .debug_line    0x00001598      0xfce driver_init.o
 .debug_line    0x00002566      0xc77 hal/src/hal_adc_sync.o
 .debug_line    0x000031dd      0xc5a hal/src/hal_can_async.o
 .debug_line    0x00003e37      0xb06 hal/src/hal_io.o
 .debug_line    0x0000493d      0xb60 hal/src/hal_temp_sync.o
 .debug_line    0x0000549d      0xcde hal/src/hal_usart_sync.o
 .debug_line    0x0000617b      0xabc hal/utils/src/utils_assert.o
 .debug_line    0x00006c37      0x40b hal/utils/src/utils_syscalls.o
 .debug_line    0x00007042     0x141f hpl/adc/hpl_adc.o
 .debug_line    0x00008461      0xf6c hpl/can/hpl_can.o
 .debug_line    0x000093cd      0xba9 hpl/core/hpl_init.o
 .debug_line    0x00009f76      0xbc4 hpl/divas/hpl_divas.o
 .debug_line    0x0000ab3a      0xb3e hpl/gclk/hpl_gclk.o
 .debug_line    0x0000b678      0xae4 hpl/mclk/hpl_mclk.o
 .debug_line    0x0000c15c      0xaf9 hpl/osc32kctrl/hpl_osc32kctrl.o
 .debug_line    0x0000cc55      0xb09 hpl/oscctrl/hpl_oscctrl.o
 .debug_line    0x0000d75e     0x298d hpl/sercom/hpl_sercom.o
 .debug_line    0x000100eb      0xea6 hpl/tsens/hpl_tsens.o
 .debug_line    0x00010f91      0xe5f main.o
 .debug_line    0x00011df0      0xbe5 stdio_redirect/gcc/read.o
 .debug_line    0x000129d5      0xbe6 stdio_redirect/gcc/write.o
 .debug_line    0x000135bb      0xc09 stdio_redirect/stdio_io.o
 .debug_line    0x000141c4      0xdea stdio_start.o

.debug_str      0x00000000    0x9e9fc
 .debug_str     0x00000000    0x8aaca atmel_start.o
                              0x8b6f3 (size before relaxing)
 .debug_str     0x0008aaca      0x3e2 Device_Startup/startup_samc21.o
                              0x81c6a (size before relaxing)
 .debug_str     0x0008aeac     0x211e driver_init.o
                              0x89aa2 (size before relaxing)
 .debug_str     0x0008cfca      0x403 hal/src/hal_adc_sync.o
                              0x869d9 (size before relaxing)
 .debug_str     0x0008d3cd      0x22e hal/src/hal_can_async.o
                              0x86cd7 (size before relaxing)
 .debug_str     0x0008d5fb       0x2c hal/src/hal_io.o
                              0x86488 (size before relaxing)
 .debug_str     0x0008d627       0x88 hal/src/hal_temp_sync.o
                              0x8651e (size before relaxing)
 .debug_str     0x0008d6af      0x4aa hal/src/hal_usart_sync.o
                              0x86f28 (size before relaxing)
 .debug_str     0x0008db59       0x2a hal/utils/src/utils_assert.o
                              0x863eb (size before relaxing)
 .debug_str     0x0008db83      0x77f hal/utils/src/utils_syscalls.o
                               0x72f6 (size before relaxing)
 .debug_str     0x0008e302     0x6e17 hpl/adc/hpl_adc.o
                              0x8d9ea (size before relaxing)
 .debug_str     0x00095119     0x128b hpl/can/hpl_can.o
                              0x8b87c (size before relaxing)
 .debug_str     0x000963a4     0x1aae hpl/core/hpl_init.o
                              0x889c6 (size before relaxing)
 .debug_str     0x00097e52      0x2b3 hpl/divas/hpl_divas.o
                              0x8665c (size before relaxing)
 .debug_str     0x00098105      0x81b hpl/gclk/hpl_gclk.o
                              0x86d20 (size before relaxing)
 .debug_str     0x00098920       0x47 hpl/mclk/hpl_mclk.o
                              0x8682f (size before relaxing)
 .debug_str     0x00098967      0x519 hpl/osc32kctrl/hpl_osc32kctrl.o
                              0x868fb (size before relaxing)
 .debug_str     0x00098e80      0x7e5 hpl/oscctrl/hpl_oscctrl.o
                              0x86c34 (size before relaxing)
 .debug_str     0x00099665     0x47a0 hpl/sercom/hpl_sercom.o
                              0x8c11b (size before relaxing)
 .debug_str     0x0009de05      0x974 hpl/tsens/hpl_tsens.o
                              0x87454 (size before relaxing)
 .debug_str     0x0009e779      0x1b4 main.o
                              0x8bed5 (size before relaxing)
 .debug_str     0x0009e92d       0x2b stdio_redirect/gcc/read.o
                              0x8a198 (size before relaxing)
 .debug_str     0x0009e958       0x2d stdio_redirect/gcc/write.o
                              0x8a19a (size before relaxing)
 .debug_str     0x0009e985       0x4b stdio_redirect/stdio_io.o
                              0x8a233 (size before relaxing)
 .debug_str     0x0009e9d0       0x2c stdio_start.o
                              0x8b723 (size before relaxing)

.debug_frame    0x00000000     0x2a8c
 .debug_frame   0x00000000       0x28 atmel_start.o
 .debug_frame   0x00000028       0x38 Device_Startup/startup_samc21.o
 .debug_frame   0x00000060      0x124 driver_init.o
 .debug_frame   0x00000184      0x1d4 hal/src/hal_adc_sync.o
 .debug_frame   0x00000358      0x18c hal/src/hal_can_async.o
 .debug_frame   0x000004e4       0x58 hal/src/hal_io.o
 .debug_frame   0x0000053c       0xa0 hal/src/hal_temp_sync.o
 .debug_frame   0x000005dc      0x200 hal/src/hal_usart_sync.o
 .debug_frame   0x000007dc       0x20 hal/utils/src/utils_assert.o
 .debug_frame   0x000007fc       0xa8 hal/utils/src/utils_syscalls.o
 .debug_frame   0x000008a4      0x430 hpl/adc/hpl_adc.o
 .debug_frame   0x00000cd4      0x120 hpl/can/hpl_can.o
 .debug_frame   0x00000df4       0x28 hpl/core/hpl_init.o
 .debug_frame   0x00000e1c       0x90 hpl/divas/hpl_divas.o
 .debug_frame   0x00000eac       0x30 hpl/gclk/hpl_gclk.o
 .debug_frame   0x00000edc       0x20 hpl/mclk/hpl_mclk.o
 .debug_frame   0x00000efc       0x20 hpl/osc32kctrl/hpl_osc32kctrl.o
 .debug_frame   0x00000f1c       0x30 hpl/oscctrl/hpl_oscctrl.o
 .debug_frame   0x00000f4c      0xddc hpl/sercom/hpl_sercom.o
 .debug_frame   0x00001d28      0x120 hpl/tsens/hpl_tsens.o
 .debug_frame   0x00001e48       0x58 main.o
 .debug_frame   0x00001ea0       0x28 stdio_redirect/gcc/read.o
 .debug_frame   0x00001ec8       0x28 stdio_redirect/gcc/write.o
 .debug_frame   0x00001ef0       0x6c stdio_redirect/stdio_io.o
 .debug_frame   0x00001f5c       0x40 stdio_start.o
 .debug_frame   0x00001f9c       0x28 c:/program files (x86)/atmel/studio/7.0/toolchain/arm/arm-gnu-toolchain/bin/../lib/gcc/arm-none-eabi/6.3.1/thumb/v6-m\libgcc.a(_fixunssfsi.o)
 .debug_frame   0x00001fc4       0x2c c:/program files (x86)/atmel/studio/7.0/toolchain/arm/arm-gnu-toolchain/bin/../lib/gcc/arm-none-eabi/6.3.1/thumb/v6-m\libgcc.a(_fixunsdfsi.o)
 .debug_frame   0x00001ff0       0x3c c:/program files (x86)/atmel/studio/7.0/toolchain/arm/arm-gnu-toolchain/bin/../lib/gcc/arm-none-eabi/6.3.1/thumb/v6-m\libgcc.a(mulsf3.o)
 .debug_frame   0x0000202c       0x38 c:/program files (x86)/atmel/studio/7.0/toolchain/arm/arm-gnu-toolchain/bin/../lib/gcc/arm-none-eabi/6.3.1/thumb/v6-m\libgcc.a(subsf3.o)
 .debug_frame   0x00002064       0x20 c:/program files (x86)/atmel/studio/7.0/toolchain/arm/arm-gnu-toolchain/bin/../lib/gcc/arm-none-eabi/6.3.1/thumb/v6-m\libgcc.a(fixsfsi.o)
 .debug_frame   0x00002084       0x28 c:/program files (x86)/atmel/studio/7.0/toolchain/arm/arm-gnu-toolchain/bin/../lib/gcc/arm-none-eabi/6.3.1/thumb/v6-m\libgcc.a(floatunsisf.o)
 .debug_frame   0x000020ac       0x3c c:/program files (x86)/atmel/studio/7.0/toolchain/arm/arm-gnu-toolchain/bin/../lib/gcc/arm-none-eabi/6.3.1/thumb/v6-m\libgcc.a(muldf3.o)
 .debug_frame   0x000020e8       0x38 c:/program files (x86)/atmel/studio/7.0/toolchain/arm/arm-gnu-toolchain/bin/../lib/gcc/arm-none-eabi/6.3.1/thumb/v6-m\libgcc.a(subdf3.o)
 .debug_frame   0x00002120       0x2c c:/program files (x86)/atmel/studio/7.0/toolchain/arm/arm-gnu-toolchain/bin/../lib/gcc/arm-none-eabi/6.3.1/thumb/v6-m\libgcc.a(fixdfsi.o)
 .debug_frame   0x0000214c       0x28 c:/program files (x86)/atmel/studio/7.0/toolchain/arm/arm-gnu-toolchain/bin/../lib/gcc/arm-none-eabi/6.3.1/thumb/v6-m\libgcc.a(floatunsidf.o)
 .debug_frame   0x00002174       0x2c c:/program files (x86)/atmel/studio/7.0/toolchain/arm/arm-gnu-toolchain/bin/../lib/gcc/arm-none-eabi/6.3.1/thumb/v6-m\libgcc.a(eqsf2.o)
 .debug_frame   0x000021a0       0x30 c:/program files (x86)/atmel/studio/7.0/toolchain/arm/arm-gnu-toolchain/bin/../lib/gcc/arm-none-eabi/6.3.1/thumb/v6-m\libgcc.a(gesf2.o)
 .debug_frame   0x000021d0       0x30 c:/program files (x86)/atmel/studio/7.0/toolchain/arm/arm-gnu-toolchain/bin/../lib/gcc/arm-none-eabi/6.3.1/thumb/v6-m\libgcc.a(lesf2.o)
 .debug_frame   0x00002200       0x38 c:/program files (x86)/atmel/studio/7.0/toolchain/arm/arm-gnu-toolchain/bin/../lib/gcc/arm-none-eabi/6.3.1/thumb/v6-m\libgcc.a(eqdf2.o)
 .debug_frame   0x00002238       0x38 c:/program files (x86)/atmel/studio/7.0/toolchain/arm/arm-gnu-toolchain/bin/../lib/gcc/arm-none-eabi/6.3.1/thumb/v6-m\libgcc.a(gedf2.o)
 .debug_frame   0x00002270       0x38 c:/program files (x86)/atmel/studio/7.0/toolchain/arm/arm-gnu-toolchain/bin/../lib/gcc/arm-none-eabi/6.3.1/thumb/v6-m\libgcc.a(ledf2.o)
 .debug_frame   0x000022a8       0x2c c:/program files (x86)/atmel/studio/7.0/toolchain/arm/arm-gnu-toolchain/bin/../lib/gcc/arm-none-eabi/6.3.1/../../../../arm-none-eabi/lib/thumb/v6-m\libc_nano.a(lib_a-init.o)
 .debug_frame   0x000022d4       0x20 c:/program files (x86)/atmel/studio/7.0/toolchain/arm/arm-gnu-toolchain/bin/../lib/gcc/arm-none-eabi/6.3.1/../../../../arm-none-eabi/lib/thumb/v6-m\libc_nano.a(lib_a-memset.o)
 .debug_frame   0x000022f4       0x50 c:/program files (x86)/atmel/studio/7.0/toolchain/arm/arm-gnu-toolchain/bin/../lib/gcc/arm-none-eabi/6.3.1/../../../../arm-none-eabi/lib/thumb/v6-m\libc_nano.a(lib_a-printf.o)
 .debug_frame   0x00002344       0x44 c:/program files (x86)/atmel/studio/7.0/toolchain/arm/arm-gnu-toolchain/bin/../lib/gcc/arm-none-eabi/6.3.1/../../../../arm-none-eabi/lib/thumb/v6-m\libc_nano.a(lib_a-puts.o)
 .debug_frame   0x00002388       0x28 c:/program files (x86)/atmel/studio/7.0/toolchain/arm/arm-gnu-toolchain/bin/../lib/gcc/arm-none-eabi/6.3.1/../../../../arm-none-eabi/lib/thumb/v6-m\libc_nano.a(lib_a-setbuf.o)
 .debug_frame   0x000023b0       0x30 c:/program files (x86)/atmel/studio/7.0/toolchain/arm/arm-gnu-toolchain/bin/../lib/gcc/arm-none-eabi/6.3.1/../../../../arm-none-eabi/lib/thumb/v6-m\libc_nano.a(lib_a-setvbuf.o)
 .debug_frame   0x000023e0       0x48 c:/program files (x86)/atmel/studio/7.0/toolchain/arm/arm-gnu-toolchain/bin/../lib/gcc/arm-none-eabi/6.3.1/../../../../arm-none-eabi/lib/thumb/v6-m\libc_nano.a(lib_a-wbuf.o)
 .debug_frame   0x00002428       0x2c c:/program files (x86)/atmel/studio/7.0/toolchain/arm/arm-gnu-toolchain/bin/../lib/gcc/arm-none-eabi/6.3.1/../../../../arm-none-eabi/lib/thumb/v6-m\libc_nano.a(lib_a-wsetup.o)
 .debug_frame   0x00002454       0x68 c:/program files (x86)/atmel/studio/7.0/toolchain/arm/arm-gnu-toolchain/bin/../lib/gcc/arm-none-eabi/6.3.1/../../../../arm-none-eabi/lib/thumb/v6-m\libc_nano.a(lib_a-fflush.o)
 .debug_frame   0x000024bc      0x140 c:/program files (x86)/atmel/studio/7.0/toolchain/arm/arm-gnu-toolchain/bin/../lib/gcc/arm-none-eabi/6.3.1/../../../../arm-none-eabi/lib/thumb/v6-m\libc_nano.a(lib_a-findfp.o)
 .debug_frame   0x000025fc       0x58 c:/program files (x86)/atmel/studio/7.0/toolchain/arm/arm-gnu-toolchain/bin/../lib/gcc/arm-none-eabi/6.3.1/../../../../arm-none-eabi/lib/thumb/v6-m\libc_nano.a(lib_a-fwalk.o)
 .debug_frame   0x00002654       0x54 c:/program files (x86)/atmel/studio/7.0/toolchain/arm/arm-gnu-toolchain/bin/../lib/gcc/arm-none-eabi/6.3.1/../../../../arm-none-eabi/lib/thumb/v6-m\libc_nano.a(lib_a-makebuf.o)
 .debug_frame   0x000026a8       0x40 c:/program files (x86)/atmel/studio/7.0/toolchain/arm/arm-gnu-toolchain/bin/../lib/gcc/arm-none-eabi/6.3.1/../../../../arm-none-eabi/lib/thumb/v6-m\libc_nano.a(lib_a-malloc.o)
 .debug_frame   0x000026e8       0x2c c:/program files (x86)/atmel/studio/7.0/toolchain/arm/arm-gnu-toolchain/bin/../lib/gcc/arm-none-eabi/6.3.1/../../../../arm-none-eabi/lib/thumb/v6-m\libc_nano.a(lib_a-nano-freer.o)
 .debug_frame   0x00002714       0x2c c:/program files (x86)/atmel/studio/7.0/toolchain/arm/arm-gnu-toolchain/bin/../lib/gcc/arm-none-eabi/6.3.1/../../../../arm-none-eabi/lib/thumb/v6-m\libc_nano.a(lib_a-nano-mallocr.o)
 .debug_frame   0x00002740       0x9c c:/program files (x86)/atmel/studio/7.0/toolchain/arm/arm-gnu-toolchain/bin/../lib/gcc/arm-none-eabi/6.3.1/../../../../arm-none-eabi/lib/thumb/v6-m\libc_nano.a(lib_a-nano-vfprintf.o)
 .debug_frame   0x000027dc       0x54 c:/program files (x86)/atmel/studio/7.0/toolchain/arm/arm-gnu-toolchain/bin/../lib/gcc/arm-none-eabi/6.3.1/../../../../arm-none-eabi/lib/thumb/v6-m\libc_nano.a(lib_a-nano-vfprintf_i.o)
 .debug_frame   0x00002830       0x2c c:/program files (x86)/atmel/studio/7.0/toolchain/arm/arm-gnu-toolchain/bin/../lib/gcc/arm-none-eabi/6.3.1/../../../../arm-none-eabi/lib/thumb/v6-m\libc_nano.a(lib_a-sbrkr.o)
 .debug_frame   0x0000285c       0x90 c:/program files (x86)/atmel/studio/7.0/toolchain/arm/arm-gnu-toolchain/bin/../lib/gcc/arm-none-eabi/6.3.1/../../../../arm-none-eabi/lib/thumb/v6-m\libc_nano.a(lib_a-stdio.o)
 .debug_frame   0x000028ec       0x2c c:/program files (x86)/atmel/studio/7.0/toolchain/arm/arm-gnu-toolchain/bin/../lib/gcc/arm-none-eabi/6.3.1/../../../../arm-none-eabi/lib/thumb/v6-m\libc_nano.a(lib_a-writer.o)
 .debug_frame   0x00002918       0x2c c:/program files (x86)/atmel/studio/7.0/toolchain/arm/arm-gnu-toolchain/bin/../lib/gcc/arm-none-eabi/6.3.1/../../../../arm-none-eabi/lib/thumb/v6-m\libc_nano.a(lib_a-closer.o)
 .debug_frame   0x00002944       0x2c c:/program files (x86)/atmel/studio/7.0/toolchain/arm/arm-gnu-toolchain/bin/../lib/gcc/arm-none-eabi/6.3.1/../../../../arm-none-eabi/lib/thumb/v6-m\libc_nano.a(lib_a-fstatr.o)
 .debug_frame   0x00002970       0x2c c:/program files (x86)/atmel/studio/7.0/toolchain/arm/arm-gnu-toolchain/bin/../lib/gcc/arm-none-eabi/6.3.1/../../../../arm-none-eabi/lib/thumb/v6-m\libc_nano.a(lib_a-isattyr.o)
 .debug_frame   0x0000299c       0x2c c:/program files (x86)/atmel/studio/7.0/toolchain/arm/arm-gnu-toolchain/bin/../lib/gcc/arm-none-eabi/6.3.1/../../../../arm-none-eabi/lib/thumb/v6-m\libc_nano.a(lib_a-lseekr.o)
 .debug_frame   0x000029c8       0x20 c:/program files (x86)/atmel/studio/7.0/toolchain/arm/arm-gnu-toolchain/bin/../lib/gcc/arm-none-eabi/6.3.1/../../../../arm-none-eabi/lib/thumb/v6-m\libc_nano.a(lib_a-memchr-stub.o)
 .debug_frame   0x000029e8       0x30 c:/program files (x86)/atmel/studio/7.0/toolchain/arm/arm-gnu-toolchain/bin/../lib/gcc/arm-none-eabi/6.3.1/../../../../arm-none-eabi/lib/thumb/v6-m\libc_nano.a(lib_a-mlock.o)
 .debug_frame   0x00002a18       0x2c c:/program files (x86)/atmel/studio/7.0/toolchain/arm/arm-gnu-toolchain/bin/../lib/gcc/arm-none-eabi/6.3.1/../../../../arm-none-eabi/lib/thumb/v6-m\libc_nano.a(lib_a-readr.o)
 .debug_frame   0x00002a44       0x48 c:/program files (x86)/atmel/studio/7.0/toolchain/arm/arm-gnu-toolchain/bin/../lib/gcc/arm-none-eabi/6.3.1/../../../../arm-none-eabi/lib/thumb/v6-m\libc_nano.a(lib_a-reent.o)
