Archive member included to satisfy reference by file (symbol)

c:/program files (x86)/atmel/studio/7.0/toolchain/arm/arm-gnu-toolchain/bin/../lib/gcc/arm-none-eabi/6.3.1/thumb/v6-m\libgcc.a(_arm_cmpsf2.o)
                              canard_dsdl.o (__aeabi_fcmpge)
c:/program files (x86)/atmel/studio/7.0/toolchain/arm/arm-gnu-toolchain/bin/../lib/gcc/arm-none-eabi/6.3.1/thumb/v6-m\libgcc.a(_aeabi_uldivmod.o)
                              hpl/sercom/hpl_sercom.o (__aeabi_uldivmod)
c:/program files (x86)/atmel/studio/7.0/toolchain/arm/arm-gnu-toolchain/bin/../lib/gcc/arm-none-eabi/6.3.1/thumb/v6-m\libgcc.a(_muldi3.o)
                              hpl/sercom/hpl_sercom.o (__aeabi_lmul)
c:/program files (x86)/atmel/studio/7.0/toolchain/arm/arm-gnu-toolchain/bin/../lib/gcc/arm-none-eabi/6.3.1/thumb/v6-m\libgcc.a(_fixunssfsi.o)
                              hpl/tsens/hpl_tsens.o (__aeabi_f2uiz)
c:/program files (x86)/atmel/studio/7.0/toolchain/arm/arm-gnu-toolchain/bin/../lib/gcc/arm-none-eabi/6.3.1/thumb/v6-m\libgcc.a(_fixunsdfsi.o)
                              hpl/sercom/hpl_sercom.o (__aeabi_d2uiz)
c:/program files (x86)/atmel/studio/7.0/toolchain/arm/arm-gnu-toolchain/bin/../lib/gcc/arm-none-eabi/6.3.1/thumb/v6-m\libgcc.a(_udivmoddi4.o)
                              c:/program files (x86)/atmel/studio/7.0/toolchain/arm/arm-gnu-toolchain/bin/../lib/gcc/arm-none-eabi/6.3.1/thumb/v6-m\libgcc.a(_aeabi_uldivmod.o) (__udivmoddi4)
c:/program files (x86)/atmel/studio/7.0/toolchain/arm/arm-gnu-toolchain/bin/../lib/gcc/arm-none-eabi/6.3.1/thumb/v6-m\libgcc.a(eqsf2.o)
                              c:/program files (x86)/atmel/studio/7.0/toolchain/arm/arm-gnu-toolchain/bin/../lib/gcc/arm-none-eabi/6.3.1/thumb/v6-m\libgcc.a(_arm_cmpsf2.o) (__eqsf2)
c:/program files (x86)/atmel/studio/7.0/toolchain/arm/arm-gnu-toolchain/bin/../lib/gcc/arm-none-eabi/6.3.1/thumb/v6-m\libgcc.a(gesf2.o)
                              c:/program files (x86)/atmel/studio/7.0/toolchain/arm/arm-gnu-toolchain/bin/../lib/gcc/arm-none-eabi/6.3.1/thumb/v6-m\libgcc.a(_arm_cmpsf2.o) (__gesf2)
c:/program files (x86)/atmel/studio/7.0/toolchain/arm/arm-gnu-toolchain/bin/../lib/gcc/arm-none-eabi/6.3.1/thumb/v6-m\libgcc.a(lesf2.o)
                              c:/program files (x86)/atmel/studio/7.0/toolchain/arm/arm-gnu-toolchain/bin/../lib/gcc/arm-none-eabi/6.3.1/thumb/v6-m\libgcc.a(_arm_cmpsf2.o) (__lesf2)
c:/program files (x86)/atmel/studio/7.0/toolchain/arm/arm-gnu-toolchain/bin/../lib/gcc/arm-none-eabi/6.3.1/thumb/v6-m\libgcc.a(mulsf3.o)
                              canard_dsdl.o (__aeabi_fmul)
c:/program files (x86)/atmel/studio/7.0/toolchain/arm/arm-gnu-toolchain/bin/../lib/gcc/arm-none-eabi/6.3.1/thumb/v6-m\libgcc.a(subsf3.o)
                              c:/program files (x86)/atmel/studio/7.0/toolchain/arm/arm-gnu-toolchain/bin/../lib/gcc/arm-none-eabi/6.3.1/thumb/v6-m\libgcc.a(_fixunssfsi.o) (__aeabi_fsub)
c:/program files (x86)/atmel/studio/7.0/toolchain/arm/arm-gnu-toolchain/bin/../lib/gcc/arm-none-eabi/6.3.1/thumb/v6-m\libgcc.a(fixsfsi.o)
                              c:/program files (x86)/atmel/studio/7.0/toolchain/arm/arm-gnu-toolchain/bin/../lib/gcc/arm-none-eabi/6.3.1/thumb/v6-m\libgcc.a(_fixunssfsi.o) (__aeabi_f2iz)
c:/program files (x86)/atmel/studio/7.0/toolchain/arm/arm-gnu-toolchain/bin/../lib/gcc/arm-none-eabi/6.3.1/thumb/v6-m\libgcc.a(floatunsisf.o)
                              hpl/tsens/hpl_tsens.o (__aeabi_ui2f)
c:/program files (x86)/atmel/studio/7.0/toolchain/arm/arm-gnu-toolchain/bin/../lib/gcc/arm-none-eabi/6.3.1/thumb/v6-m\libgcc.a(divdf3.o)
                              hpl/sercom/hpl_sercom.o (__aeabi_ddiv)
c:/program files (x86)/atmel/studio/7.0/toolchain/arm/arm-gnu-toolchain/bin/../lib/gcc/arm-none-eabi/6.3.1/thumb/v6-m\libgcc.a(muldf3.o)
                              hpl/sercom/hpl_sercom.o (__aeabi_dmul)
c:/program files (x86)/atmel/studio/7.0/toolchain/arm/arm-gnu-toolchain/bin/../lib/gcc/arm-none-eabi/6.3.1/thumb/v6-m\libgcc.a(subdf3.o)
                              hpl/sercom/hpl_sercom.o (__aeabi_dsub)
c:/program files (x86)/atmel/studio/7.0/toolchain/arm/arm-gnu-toolchain/bin/../lib/gcc/arm-none-eabi/6.3.1/thumb/v6-m\libgcc.a(fixdfsi.o)
                              c:/program files (x86)/atmel/studio/7.0/toolchain/arm/arm-gnu-toolchain/bin/../lib/gcc/arm-none-eabi/6.3.1/thumb/v6-m\libgcc.a(_fixunsdfsi.o) (__aeabi_d2iz)
c:/program files (x86)/atmel/studio/7.0/toolchain/arm/arm-gnu-toolchain/bin/../lib/gcc/arm-none-eabi/6.3.1/thumb/v6-m\libgcc.a(floatsidf.o)
                              hpl/sercom/hpl_sercom.o (__aeabi_i2d)
c:/program files (x86)/atmel/studio/7.0/toolchain/arm/arm-gnu-toolchain/bin/../lib/gcc/arm-none-eabi/6.3.1/thumb/v6-m\libgcc.a(floatunsidf.o)
                              hpl/sercom/hpl_sercom.o (__aeabi_ui2d)
c:/program files (x86)/atmel/studio/7.0/toolchain/arm/arm-gnu-toolchain/bin/../lib/gcc/arm-none-eabi/6.3.1/thumb/v6-m\libgcc.a(_dvmd_tls.o)
[...]
Memory Configuration

Name             Origin             Length             Attributes
rom              0x00000000         0x00020000         xr
ram              0x20000000         0x00004000         xrw
*default*        0x00000000         0xffffffff

Linker script and memory map

LOAD c:/program files (x86)/atmel/studio/7.0/toolchain/arm/arm-gnu-toolchain/bin/../lib/gcc/arm-none-eabi/6.3.1/thumb/v6-m/crti.o
LOAD c:/program files (x86)/atmel/studio/7.0/toolchain/arm/arm-gnu-toolchain/bin/../lib/gcc/arm-none-eabi/6.3.1/thumb/v6-m/crtbegin.o
LOAD c:/program files (x86)/atmel/studio/7.0/toolchain/arm/arm-gnu-toolchain/bin/../lib/gcc/arm-none-eabi/6.3.1/../../../../arm-none-eabi/lib/thumb/v6-m/crt0.o
LOAD canard.o
LOAD canard_dsdl.o
LOAD o1heap.o
LOAD atmel_start.o
LOAD bsp/bsp_can.o
LOAD Device_Startup/startup_samc21.o
LOAD Device_Startup/system_samc21.o
LOAD driver_init.o
LOAD examples/driver_examples.o
LOAD hal/src/hal_adc_sync.o
LOAD hal/src/hal_atomic.o
LOAD hal/src/hal_can_async.o
LOAD hal/src/hal_delay.o
LOAD hal/src/hal_gpio.o
LOAD hal/src/hal_init.o
LOAD hal/src/hal_io.o
LOAD hal/src/hal_sleep.o
LOAD hal/src/hal_temp_sync.o
LOAD hal/src/hal_usart_sync.o
LOAD hal/utils/src/utils_assert.o
LOAD hal/utils/src/utils_event.o
LOAD hal/utils/src/utils_list.o
LOAD hal/utils/src/utils_syscalls.o
LOAD hpl/adc/hpl_adc.o
LOAD hpl/can/hpl_can.o
LOAD hpl/core/hpl_core_m0plus_base.o
LOAD hpl/core/hpl_init.o
LOAD hpl/divas/hpl_divas.o
LOAD hpl/dmac/hpl_dmac.o
LOAD hpl/gclk/hpl_gclk.o
LOAD hpl/mclk/hpl_mclk.o
LOAD hpl/osc32kctrl/hpl_osc32kctrl.o
LOAD hpl/oscctrl/hpl_oscctrl.o
LOAD hpl/pm/hpl_pm.o
LOAD hpl/sercom/hpl_sercom.o
LOAD hpl/tsens/hpl_tsens.o
LOAD main.o
LOAD stdio_redirect/gcc/read.o
LOAD stdio_redirect/gcc/write.o
LOAD stdio_redirect/stdio_io.o
LOAD stdio_start.o
START GROUP
LOAD c:/program files (x86)/atmel/studio/7.0/toolchain/arm/arm-gnu-toolchain/bin/../lib/gcc/arm-none-eabi/6.3.1/../../../../arm-none-eabi/lib/thumb/v6-m\libm.a
END GROUP
START GROUP
LOAD c:/program files (x86)/atmel/studio/7.0/toolchain/arm/arm-gnu-toolchain/bin/../lib/gcc/arm-none-eabi/6.3.1/thumb/v6-m\libgcc.a
LOAD c:/program files (x86)/atmel/studio/7.0/toolchain/arm/arm-gnu-toolchain/bin/../lib/gcc/arm-none-eabi/6.3.1/../../../../arm-none-eabi/lib/thumb/v6-m\libc_nano.a
END GROUP
START GROUP
LOAD c:/program files (x86)/atmel/studio/7.0/toolchain/arm/arm-gnu-toolchain/bin/../lib/gcc/arm-none-eabi/6.3.1/thumb/v6-m\libgcc.a
LOAD c:/program files (x86)/atmel/studio/7.0/toolchain/arm/arm-gnu-toolchain/bin/../lib/gcc/arm-none-eabi/6.3.1/../../../../arm-none-eabi/lib/thumb/v6-m\libc_nano.a
END GROUP
LOAD c:/program files (x86)/atmel/studio/7.0/toolchain/arm/arm-gnu-toolchain/bin/../lib/gcc/arm-none-eabi/6.3.1/thumb/v6-m/crtend.o
LOAD c:/program files (x86)/atmel/studio/7.0/toolchain/arm/arm-gnu-toolchain/bin/../lib/gcc/arm-none-eabi/6.3.1/thumb/v6-m/crtn.o
                0x00001000                STACK_SIZE = DEFINED (STACK_SIZE)?STACK_SIZE:DEFINED (__stack_size__)?__stack_size__:0x1000

.text           0x00000000     0x41a0
                0x00000000                . = ALIGN (0x4)
                0x00000000                _sfixed = .
 *(.vectors .vectors.*)
 .vectors       0x00000000       0xbc Device_Startup/startup_samc21.o
                0x00000000                exception_table
 *(.text .text.* .gnu.linkonce.t.*)
 .text          0x000000bc       0x60 c:/program files (x86)/atmel/studio/7.0/toolchain/arm/arm-gnu-toolchain/bin/../lib/gcc/arm-none-eabi/6.3.1/thumb/v6-m/crtbegin.o
 .text.atmel_start_init
                0x0000011c       0x14 atmel_start.o
                0x0000011c                atmel_start_init
 .text.Dummy_Handler
                0x00000130        0x2 Device_Startup/startup_samc21.o
                0x00000130                SVCall_Handler
                0x00000130                DMAC_Handler
                0x00000130                HardFault_Handler
                0x00000130                TC2_Handler
                0x00000130                AC_Handler
                0x00000130                SysTick_Handler
                0x00000130                PendSV_Handler
                0x00000130                SERCOM1_Handler
                0x00000130                NonMaskableInt_Handler
                0x00000130                TCC1_Handler
                0x00000130                SERCOM2_Handler
                0x00000130                TCC0_Handler
                0x00000130                RTC_Handler
                0x00000130                ADC1_Handler
                0x00000130                EIC_Handler
                0x00000130                WDT_Handler
                0x00000130                TC4_Handler
                0x00000130                TC1_Handler
                0x00000130                TC3_Handler
                0x00000130                SDADC_Handler
                0x00000130                Dummy_Handler
                0x00000130                SERCOM5_Handler
                0x00000130                CAN1_Handler
                0x00000130                ADC0_Handler
                0x00000130                TSENS_Handler
                0x00000130                TCC2_Handler
                0x00000130                EVSYS_Handler
                0x00000130                SERCOM3_Handler
                0x00000130                SERCOM4_Handler
                0x00000130                NVMCTRL_Handler
                0x00000130                SYSTEM_Handler
                0x00000130                SERCOM0_Handler
                0x00000130                DAC_Handler
                0x00000130                PTC_Handler
                0x00000130                FREQM_Handler
                0x00000130                TC0_Handler
 *fill*         0x00000132        0x2 
 .text.Reset_Handler
                0x00000134       0x88 Device_Startup/startup_samc21.o
                0x00000134                Reset_Handler
 .text.ADC_0_PORT_init
                0x000001bc      0x268 driver_init.o
                0x000001bc                ADC_0_PORT_init
 .text.ADC_0_CLOCK_init
                0x00000424       0x20 driver_init.o
                0x00000424                ADC_0_CLOCK_init
 .text.ADC_0_init
                0x00000444       0x34 driver_init.o
                0x00000444                ADC_0_init
 .text.DEBUG_UART_PORT_init
                0x00000478       0x3e driver_init.o
                0x00000478                DEBUG_UART_PORT_init
 *fill*         0x000004b6        0x2 
 .text.DEBUG_UART_CLOCK_init
                0x000004b8       0x24 driver_init.o
                0x000004b8                DEBUG_UART_CLOCK_init
 .text.DEBUG_UART_init
                0x000004dc       0x2c driver_init.o
                0x000004dc                DEBUG_UART_init
 .text.CAN_0_PORT_init
                0x00000508       0x3e driver_init.o
                0x00000508                CAN_0_PORT_init
 *fill*         0x00000546        0x2 
 .text.CAN_0_init
                0x00000548       0x3c driver_init.o
                0x00000548                CAN_0_init
 .text.TEMPERATURE_SENSOR_0_CLOCK_init
                0x00000584       0x20 driver_init.o
                0x00000584                TEMPERATURE_SENSOR_0_CLOCK_init
 .text.TEMPERATURE_SENSOR_0_init
                0x000005a4       0x20 driver_init.o
                0x000005a4                TEMPERATURE_SENSOR_0_init
 .text.system_init
                0x000005c4      0x19c driver_init.o
                0x000005c4                system_init
 .text.adc_sync_init
                0x00000760       0x34 hal/src/hal_adc_sync.o
                0x00000760                adc_sync_init
 .text.adc_sync_enable_channel
                0x00000794       0x2c hal/src/hal_adc_sync.o
                0x00000794                adc_sync_enable_channel
 .text.adc_sync_read_channel
                0x000007c0       0xc0 hal/src/hal_adc_sync.o
                0x000007c0                adc_sync_read_channel
 .text.can_tx_done
                0x00000880        0xc hal/src/hal_can_async.o
 .text.can_rx_done
                0x0000088c        0xc hal/src/hal_can_async.o
 .text.can_irq_handler
                0x00000898        0xc hal/src/hal_can_async.o
 .text.can_async_init
                0x000008a4       0x50 hal/src/hal_can_async.o
                0x000008a4                can_async_init
 .text.io_write
                0x000008f4       0x34 hal/src/hal_io.o
                0x000008f4                io_write
 .text.io_read  0x00000928       0x34 hal/src/hal_io.o
                0x00000928                io_read
 .text.temp_sync_init
                0x0000095c       0x34 hal/src/hal_temp_sync.o
                0x0000095c                temp_sync_init
 .text.temp_sync_enable
                0x00000990       0x28 hal/src/hal_temp_sync.o
                0x00000990                temp_sync_enable
 .text.temp_sync_read
                0x000009b8       0x34 hal/src/hal_temp_sync.o
                0x000009b8                temp_sync_read
 .text.usart_sync_write
                0x000009ec       0x7c hal/src/hal_usart_sync.o
 .text.usart_sync_read
                0x00000a68       0x68 hal/src/hal_usart_sync.o
 .text.usart_sync_init
                0x00000ad0       0x4c hal/src/hal_usart_sync.o
                0x00000ad0                usart_sync_init
 .text.usart_sync_enable
                0x00000b1c       0x2c hal/src/hal_usart_sync.o
                0x00000b1c                usart_sync_enable
 .text.assert   0x00000b48        0x8 hal/utils/src/utils_assert.o
                0x00000b48                assert
 .text._sbrk    0x00000b50       0x24 hal/utils/src/utils_syscalls.o
                0x00000b50                _sbrk
 .text._close   0x00000b74        0x6 hal/utils/src/utils_syscalls.o
                0x00000b74                _close
 .text._fstat   0x00000b7a        0xa hal/utils/src/utils_syscalls.o
                0x00000b7a                _fstat
 .text._isatty  0x00000b84        0x4 hal/utils/src/utils_syscalls.o
                0x00000b84                _isatty
 .text._lseek   0x00000b88        0x4 hal/utils/src/utils_syscalls.o
                0x00000b88                _lseek
 .text._adc_init
                0x00000b8c      0x170 hpl/adc/hpl_adc.o
 .text._adc_get_regs
                0x00000cfc       0x2c hpl/adc/hpl_adc.o
 .text._adc_sync_init
                0x00000d28       0x38 hpl/adc/hpl_adc.o
                0x00000d28                _adc_sync_init
 .text._adc_sync_enable_channel
                0x00000d60       0x14 hpl/adc/hpl_adc.o
                0x00000d60                _adc_sync_enable_channel
 .text._adc_sync_get_data_size
                0x00000d74       0x12 hpl/adc/hpl_adc.o
                0x00000d74                _adc_sync_get_data_size
 .text._adc_sync_is_channel_conversion_done
                0x00000d86        0xa hpl/adc/hpl_adc.o
                0x00000d86                _adc_sync_is_channel_conversion_done
 .text._adc_sync_convert
                0x00000d90       0x12 hpl/adc/hpl_adc.o
                0x00000d90                _adc_sync_convert
 .text._adc_sync_read_channel_data
                0x00000da2        0x8 hpl/adc/hpl_adc.o
                0x00000da2                _adc_sync_read_channel_data
 *fill*         0x00000daa        0x2 
 .text._adc_sync_set_inputs
                0x00000dac       0x38 hpl/adc/hpl_adc.o
                0x00000dac                _adc_sync_set_inputs
 .text._adc_get_adc_sync
                0x00000de4        0x4 hpl/adc/hpl_adc.o
                0x00000de4                _adc_get_adc_sync
 .text._can_async_init
                0x00000de8      0x11c hpl/can/hpl_can.o
                0x00000de8                _can_async_init
 .text.CAN0_Handler
                0x00000f04       0x6c hpl/can/hpl_can.o
                0x00000f04                CAN0_Handler
 .text._init_chip
                0x00000f70       0x48 hpl/core/hpl_init.o
                0x00000f70                _init_chip
 .text._div_init
                0x00000fb8        0xe hpl/divas/hpl_divas.o
                0x00000fb8                _div_init
 .text.__aeabi_uidiv
                0x00000fc6       0x34 hpl/divas/hpl_divas.o
                0x00000fc6                __aeabi_uidiv
 *fill*         0x00000ffa        0x2 
 .text.__aeabi_idivmod
                0x00000ffc       0x38 hpl/divas/hpl_divas.o
                0x00000ffc                __aeabi_idivmod
 .text.__aeabi_uidivmod
                0x00001034       0x38 hpl/divas/hpl_divas.o
                0x00001034                __aeabi_uidivmod
 .text._gclk_init_generators_by_fref
                0x0000106c       0x6c hpl/gclk/hpl_gclk.o
                0x0000106c                _gclk_init_generators_by_fref
 .text._mclk_init
                0x000010d8        0xc hpl/mclk/hpl_mclk.o
                0x000010d8                _mclk_init
 .text._osc32kctrl_init_sources
                0x000010e4       0x18 hpl/osc32kctrl/hpl_osc32kctrl.o
                0x000010e4                _osc32kctrl_init_sources
 .text._oscctrl_init_sources
                0x000010fc       0x20 hpl/oscctrl/hpl_oscctrl.o
                0x000010fc                _oscctrl_init_sources
 .text._oscctrl_init_referenced_generators
                0x0000111c       0x78 hpl/oscctrl/hpl_oscctrl.o
                0x0000111c                _oscctrl_init_referenced_generators
 .text._usart_init
                0x00001194       0x9c hpl/sercom/hpl_sercom.o
 .text._usart_sync_init
                0x00001230       0x2c hpl/sercom/hpl_sercom.o
                0x00001230                _usart_sync_init
 .text._usart_sync_enable
                0x0000125c       0x14 hpl/sercom/hpl_sercom.o
                0x0000125c                _usart_sync_enable
 .text._usart_sync_write_byte
                0x00001270        0x8 hpl/sercom/hpl_sercom.o
                0x00001270                _usart_sync_write_byte
 .text._usart_sync_read_byte
                0x00001278        0x8 hpl/sercom/hpl_sercom.o
                0x00001278                _usart_sync_read_byte
 .text._usart_sync_is_ready_to_send
                0x00001280        0xa hpl/sercom/hpl_sercom.o
                0x00001280                _usart_sync_is_ready_to_send
 .text._usart_sync_is_transmit_done
                0x0000128a        0xa hpl/sercom/hpl_sercom.o
                0x0000128a                _usart_sync_is_transmit_done
 .text._usart_sync_is_byte_received
                0x00001294        0xa hpl/sercom/hpl_sercom.o
                0x00001294                _usart_sync_is_byte_received
 *fill*         0x0000129e        0x2 
 .text._temp_sync_init
                0x000012a0       0xb4 hpl/tsens/hpl_tsens.o
                0x000012a0                _temp_sync_init
 .text._temp_sync_enable
                0x00001354       0x16 hpl/tsens/hpl_tsens.o
                0x00001354                _temp_sync_enable
 .text._temp_sync_read
                0x0000136a       0x4c hpl/tsens/hpl_tsens.o
                0x0000136a                _temp_sync_read
 *fill*         0x000013b6        0x2 
 .text.print_adc_voltage
                0x000013b8       0xc8 main.o
                0x000013b8                print_adc_voltage
 .text.main     0x00001480      0x118 main.o
                0x00001480                main
 .text._read    0x00001598       0x28 stdio_redirect/gcc/read.o
                0x00001598                _read
 .text._write   0x000015c0       0x28 stdio_redirect/gcc/write.o
                0x000015c0                _write
 .text.stdio_io_init
                0x000015e8       0x2c stdio_redirect/stdio_io.o
                0x000015e8                stdio_io_init
 .text.stdio_io_read
                0x00001614       0x24 stdio_redirect/stdio_io.o
                0x00001614                stdio_io_read
 .text.stdio_io_write
                0x00001638       0x24 stdio_redirect/stdio_io.o
                0x00001638                stdio_io_write
 .text.stdio_redirect_init
                0x0000165c       0x20 stdio_start.o
                0x0000165c                stdio_redirect_init
 .text          0x0000167c       0x74 c:/program files (x86)/atmel/studio/7.0/toolchain/arm/arm-gnu-toolchain/bin/../lib/gcc/arm-none-eabi/6.3.1/thumb/v6-m\libgcc.a(_arm_cmpsf2.o)
                0x0000167c                __aeabi_cfrcmple
                0x00001684                __aeabi_cfcmpeq
                0x00001684                __aeabi_cfcmple
                0x00001694                __aeabi_fcmpeq
                0x000016a0                __aeabi_fcmplt
                0x000016b4                __aeabi_fcmple
                0x000016c8                __aeabi_fcmpgt
                0x000016dc                __aeabi_fcmpge
 .text          0x000016f0       0x30 c:/program files (x86)/atmel/studio/7.0/toolchain/arm/arm-gnu-toolchain/bin/../lib/gcc/arm-none-eabi/6.3.1/thumb/v6-m\libgcc.a(_fixunssfsi.o)
                0x000016f0                __fixunssfsi
                0x000016f0                __aeabi_f2uiz
 .text          0x00001720       0x3c c:/program files (x86)/atmel/studio/7.0/toolchain/arm/arm-gnu-toolchain/bin/../lib/gcc/arm-none-eabi/6.3.1/thumb/v6-m\libgcc.a(_fixunsdfsi.o)
                0x00001720                __aeabi_d2uiz
                0x00001720                __fixunsdfsi
 .text          0x0000175c       0x4c c:/program files (x86)/atmel/studio/7.0/toolchain/arm/arm-gnu-toolchain/bin/../lib/gcc/arm-none-eabi/6.3.1/thumb/v6-m\libgcc.a(eqsf2.o)
                0x0000175c                __eqsf2
                0x0000175c                __nesf2
 .text          0x000017a8       0x80 c:/program files (x86)/atmel/studio/7.0/toolchain/arm/arm-gnu-toolchain/bin/../lib/gcc/arm-none-eabi/6.3.1/thumb/v6-m\libgcc.a(gesf2.o)
                0x000017a8                __gesf2
                0x000017a8                __gtsf2
 .text          0x00001828       0x84 c:/program files (x86)/atmel/studio/7.0/toolchain/arm/arm-gnu-toolchain/bin/../lib/gcc/arm-none-eabi/6.3.1/thumb/v6-m\libgcc.a(lesf2.o)
                0x00001828                __ltsf2
                0x00001828                __lesf2
 .text          0x000018ac      0x240 c:/program files (x86)/atmel/studio/7.0/toolchain/arm/arm-gnu-toolchain/bin/../lib/gcc/arm-none-eabi/6.3.1/thumb/v6-m\libgcc.a(mulsf3.o)
                0x000018ac                __aeabi_fmul
 .text          0x00001aec      0x338 c:/program files (x86)/atmel/studio/7.0/toolchain/arm/arm-gnu-toolchain/bin/../lib/gcc/arm-none-eabi/6.3.1/thumb/v6-m\libgcc.a(subsf3.o)
                0x00001aec                __aeabi_fsub
 .text          0x00001e24       0x40 c:/program files (x86)/atmel/studio/7.0/toolchain/arm/arm-gnu-toolchain/bin/../lib/gcc/arm-none-eabi/6.3.1/thumb/v6-m\libgcc.a(fixsfsi.o)
                0x00001e24                __aeabi_f2iz
 .text          0x00001e64       0x8c c:/program files (x86)/atmel/studio/7.0/toolchain/arm/arm-gnu-toolchain/bin/../lib/gcc/arm-none-eabi/6.3.1/thumb/v6-m\libgcc.a(floatunsisf.o)
                0x00001e64                __aeabi_ui2f
 .text          0x00001ef0      0x500 c:/program files (x86)/atmel/studio/7.0/toolchain/arm/arm-gnu-toolchain/bin/../lib/gcc/arm-none-eabi/6.3.1/thumb/v6-m\libgcc.a(muldf3.o)
                0x00001ef0                __aeabi_dmul
 .text          0x000023f0      0x62c c:/program files (x86)/atmel/studio/7.0/toolchain/arm/arm-gnu-toolchain/bin/../lib/gcc/arm-none-eabi/6.3.1/thumb/v6-m\libgcc.a(subdf3.o)
                0x000023f0                __aeabi_dsub
 .text          0x00002a1c       0x68 c:/program files (x86)/atmel/studio/7.0/toolchain/arm/arm-gnu-toolchain/bin/../lib/gcc/arm-none-eabi/6.3.1/thumb/v6-m\libgcc.a(fixdfsi.o)
                0x00002a1c                __aeabi_d2iz
 .text          0x00002a84       0x70 c:/program files (x86)/atmel/studio/7.0/toolchain/arm/arm-gnu-toolchain/bin/../lib/gcc/arm-none-eabi/6.3.1/thumb/v6-m\libgcc.a(floatunsidf.o)
                0x00002a84                __aeabi_ui2d
 .text          0x00002af4       0x7c c:/program files (x86)/atmel/studio/7.0/toolchain/arm/arm-gnu-toolchain/bin/../lib/gcc/arm-none-eabi/6.3.1/thumb/v6-m\libgcc.a(_arm_cmpdf2.o)
                0x00002af4                __aeabi_cdrcmple
                0x00002b04                __aeabi_cdcmple
                0x00002b04                __aeabi_cdcmpeq
                0x00002b14                __aeabi_dcmpeq
                0x00002b20                __aeabi_dcmplt
                0x00002b34                __aeabi_dcmple
                0x00002b48                __aeabi_dcmpgt
                0x00002b5c                __aeabi_dcmpge
 .text          0x00002b70       0x3c c:/program files (x86)/atmel/studio/7.0/toolchain/arm/arm-gnu-toolchain/bin/../lib/gcc/arm-none-eabi/6.3.1/thumb/v6-m\libgcc.a(_clzsi2.o)
                0x00002b70                __clzsi2
 .text          0x00002bac       0x74 c:/program files (x86)/atmel/studio/7.0/toolchain/arm/arm-gnu-toolchain/bin/../lib/gcc/arm-none-eabi/6.3.1/thumb/v6-m\libgcc.a(eqdf2.o)
                0x00002bac                __nedf2
                0x00002bac                __eqdf2
 .text          0x00002c20       0xc8 c:/program files (x86)/atmel/studio/7.0/toolchain/arm/arm-gnu-toolchain/bin/../lib/gcc/arm-none-eabi/6.3.1/thumb/v6-m\libgcc.a(gedf2.o)
                0x00002c20                __gedf2
                0x00002c20                __gtdf2
 .text          0x00002ce8       0xc4 c:/program files (x86)/atmel/studio/7.0/toolchain/arm/arm-gnu-toolchain/bin/../lib/gcc/arm-none-eabi/6.3.1/thumb/v6-m\libgcc.a(ledf2.o)
                0x00002ce8                __ledf2
                0x00002ce8                __ltdf2
 .text.__libc_init_array
                0x00002dac       0x48 c:/program files (x86)/atmel/studio/7.0/toolchain/arm/arm-gnu-toolchain/bin/../lib/gcc/arm-none-eabi/6.3.1/../../../../arm-none-eabi/lib/thumb/v6-m\libc_nano.a(lib_a-init.o)
                0x00002dac                __libc_init_array
 .text.memset   0x00002df4       0x10 c:/program files (x86)/atmel/studio/7.0/toolchain/arm/arm-gnu-toolchain/bin/../lib/gcc/arm-none-eabi/6.3.1/../../../../arm-none-eabi/lib/thumb/v6-m\libc_nano.a(lib_a-memset.o)
                0x00002df4                memset
 .text.__sfputc_r
                0x00002e04       0x2a c:/program files (x86)/atmel/studio/7.0/toolchain/arm/arm-gnu-toolchain/bin/../lib/gcc/arm-none-eabi/6.3.1/../../../../arm-none-eabi/lib/thumb/v6-m\libc_nano.a(lib_a-nano-vfprintf.o)
 .text.__sfputs_r
                0x00002e2e       0x24 c:/program files (x86)/atmel/studio/7.0/toolchain/arm/arm-gnu-toolchain/bin/../lib/gcc/arm-none-eabi/6.3.1/../../../../arm-none-eabi/lib/thumb/v6-m\libc_nano.a(lib_a-nano-vfprintf.o)
                0x00002e2e                __sfputs_r
 *fill*         0x00002e52        0x2 
 .text._vfprintf_r
                0x00002e54      0x238 c:/program files (x86)/atmel/studio/7.0/toolchain/arm/arm-gnu-toolchain/bin/../lib/gcc/arm-none-eabi/6.3.1/../../../../arm-none-eabi/lib/thumb/v6-m\libc_nano.a(lib_a-nano-vfprintf.o)
                0x00002e54                _vfprintf_r
                0x00002e54                _vfiprintf_r
 .text._printf_common
                0x0000308c       0xda c:/program files (x86)/atmel/studio/7.0/toolchain/arm/arm-gnu-toolchain/bin/../lib/gcc/arm-none-eabi/6.3.1/../../../../arm-none-eabi/lib/thumb/v6-m\libc_nano.a(lib_a-nano-vfprintf_i.o)
                0x0000308c                _printf_common
 *fill*         0x00003166        0x2 
 .text._printf_i
                0x00003168      0x234 c:/program files (x86)/atmel/studio/7.0/toolchain/arm/arm-gnu-toolchain/bin/../lib/gcc/arm-none-eabi/6.3.1/../../../../arm-none-eabi/lib/thumb/v6-m\libc_nano.a(lib_a-nano-vfprintf_i.o)
                0x00003168                _printf_i
 .text.printf   0x0000339c       0x34 c:/program files (x86)/atmel/studio/7.0/toolchain/arm/arm-gnu-toolchain/bin/../lib/gcc/arm-none-eabi/6.3.1/../../../../arm-none-eabi/lib/thumb/v6-m\libc_nano.a(lib_a-printf.o)
                0x0000339c                iprintf
                0x0000339c                printf
 .text._puts_r  0x000033d0       0xc0 c:/program files (x86)/atmel/studio/7.0/toolchain/arm/arm-gnu-toolchain/bin/../lib/gcc/arm-none-eabi/6.3.1/../../../../arm-none-eabi/lib/thumb/v6-m\libc_nano.a(lib_a-puts.o)
                0x000033d0                _puts_r
 .text.puts     0x00003490       0x14 c:/program files (x86)/atmel/studio/7.0/toolchain/arm/arm-gnu-toolchain/bin/../lib/gcc/arm-none-eabi/6.3.1/../../../../arm-none-eabi/lib/thumb/v6-m\libc_nano.a(lib_a-puts.o)
                0x00003490                puts
 .text.setbuf   0x000034a4       0x12 c:/program files (x86)/atmel/studio/7.0/toolchain/arm/arm-gnu-toolchain/bin/../lib/gcc/arm-none-eabi/6.3.1/../../../../arm-none-eabi/lib/thumb/v6-m\libc_nano.a(lib_a-setbuf.o)
                0x000034a4                setbuf
 *fill*         0x000034b6        0x2 
 .text.setvbuf  0x000034b8      0x158 c:/program files (x86)/atmel/studio/7.0/toolchain/arm/arm-gnu-toolchain/bin/../lib/gcc/arm-none-eabi/6.3.1/../../../../arm-none-eabi/lib/thumb/v6-m\libc_nano.a(lib_a-setvbuf.o)
                0x000034b8                setvbuf
 .text.__swbuf_r
                0x00003610       0xac c:/program files (x86)/atmel/studio/7.0/toolchain/arm/arm-gnu-toolchain/bin/../lib/gcc/arm-none-eabi/6.3.1/../../../../arm-none-eabi/lib/thumb/v6-m\libc_nano.a(lib_a-wbuf.o)
                0x00003610                __swbuf_r
 .text.__swsetup_r
                0x000036bc       0xec c:/program files (x86)/atmel/studio/7.0/toolchain/arm/arm-gnu-toolchain/bin/../lib/gcc/arm-none-eabi/6.3.1/../../../../arm-none-eabi/lib/thumb/v6-m\libc_nano.a(lib_a-wsetup.o)
                0x000036bc                __swsetup_r
 .text.__sflush_r
                0x000037a8      0x114 c:/program files (x86)/atmel/studio/7.0/toolchain/arm/arm-gnu-toolchain/bin/../lib/gcc/arm-none-eabi/6.3.1/../../../../arm-none-eabi/lib/thumb/v6-m\libc_nano.a(lib_a-fflush.o)
                0x000037a8                __sflush_r
 .text._fflush_r
                0x000038bc       0x58 c:/program files (x86)/atmel/studio/7.0/toolchain/arm/arm-gnu-toolchain/bin/../lib/gcc/arm-none-eabi/6.3.1/../../../../arm-none-eabi/lib/thumb/v6-m\libc_nano.a(lib_a-fflush.o)
                0x000038bc                _fflush_r
 .text._cleanup_r
                0x00003914       0x10 c:/program files (x86)/atmel/studio/7.0/toolchain/arm/arm-gnu-toolchain/bin/../lib/gcc/arm-none-eabi/6.3.1/../../../../arm-none-eabi/lib/thumb/v6-m\libc_nano.a(lib_a-findfp.o)
                0x00003914                _cleanup_r
 .text.std.isra.0
                0x00003924       0x48 c:/program files (x86)/atmel/studio/7.0/toolchain/arm/arm-gnu-toolchain/bin/../lib/gcc/arm-none-eabi/6.3.1/../../../../arm-none-eabi/lib/thumb/v6-m\libc_nano.a(lib_a-findfp.o)
 .text.__sfmoreglue
                0x0000396c       0x2c c:/program files (x86)/atmel/studio/7.0/toolchain/arm/arm-gnu-toolchain/bin/../lib/gcc/arm-none-eabi/6.3.1/../../../../arm-none-eabi/lib/thumb/v6-m\libc_nano.a(lib_a-findfp.o)
                0x0000396c                __sfmoreglue
 .text.__sinit  0x00003998       0x68 c:/program files (x86)/atmel/studio/7.0/toolchain/arm/arm-gnu-toolchain/bin/../lib/gcc/arm-none-eabi/6.3.1/../../../../arm-none-eabi/lib/thumb/v6-m\libc_nano.a(lib_a-findfp.o)
                0x00003998                __sinit
 .text.__sfp    0x00003a00       0x80 c:/program files (x86)/atmel/studio/7.0/toolchain/arm/arm-gnu-toolchain/bin/../lib/gcc/arm-none-eabi/6.3.1/../../../../arm-none-eabi/lib/thumb/v6-m\libc_nano.a(lib_a-findfp.o)
                0x00003a00                __sfp
 .text._fwalk_reent
                0x00003a80       0x42 c:/program files (x86)/atmel/studio/7.0/toolchain/arm/arm-gnu-toolchain/bin/../lib/gcc/arm-none-eabi/6.3.1/../../../../arm-none-eabi/lib/thumb/v6-m\libc_nano.a(lib_a-fwalk.o)
                0x00003a80                _fwalk_reent
 *fill*         0x00003ac2        0x2 
 .text.__swhatbuf_r
                0x00003ac4       0x50 c:/program files (x86)/atmel/studio/7.0/toolchain/arm/arm-gnu-toolchain/bin/../lib/gcc/arm-none-eabi/6.3.1/../../../../arm-none-eabi/lib/thumb/v6-m\libc_nano.a(lib_a-makebuf.o)
                0x00003ac4                __swhatbuf_r
 .text.__smakebuf_r
                0x00003b14       0x88 c:/program files (x86)/atmel/studio/7.0/toolchain/arm/arm-gnu-toolchain/bin/../lib/gcc/arm-none-eabi/6.3.1/../../../../arm-none-eabi/lib/thumb/v6-m\libc_nano.a(lib_a-makebuf.o)
                0x00003b14                __smakebuf_r
 .text.malloc   0x00003b9c       0x14 c:/program files (x86)/atmel/studio/7.0/toolchain/arm/arm-gnu-toolchain/bin/../lib/gcc/arm-none-eabi/6.3.1/../../../../arm-none-eabi/lib/thumb/v6-m\libc_nano.a(lib_a-malloc.o)
                0x00003b9c                malloc
 .text.memchr   0x00003bb0       0x16 c:/program files (x86)/atmel/studio/7.0/toolchain/arm/arm-gnu-toolchain/bin/../lib/gcc/arm-none-eabi/6.3.1/../../../../arm-none-eabi/lib/thumb/v6-m\libc_nano.a(lib_a-memchr-stub.o)
                0x00003bb0                memchr
 *fill*         0x00003bc6        0x2 
 .text._free_r  0x00003bc8       0x94 c:/program files (x86)/atmel/studio/7.0/toolchain/arm/arm-gnu-toolchain/bin/../lib/gcc/arm-none-eabi/6.3.1/../../../../arm-none-eabi/lib/thumb/v6-m\libc_nano.a(lib_a-nano-freer.o)
                0x00003bc8                _free_r
 .text._malloc_r
                0x00003c5c       0xbc c:/program files (x86)/atmel/studio/7.0/toolchain/arm/arm-gnu-toolchain/bin/../lib/gcc/arm-none-eabi/6.3.1/../../../../arm-none-eabi/lib/thumb/v6-m\libc_nano.a(lib_a-nano-mallocr.o)
                0x00003c5c                _malloc_r
 .text._sbrk_r  0x00003d18       0x24 c:/program files (x86)/atmel/studio/7.0/toolchain/arm/arm-gnu-toolchain/bin/../lib/gcc/arm-none-eabi/6.3.1/../../../../arm-none-eabi/lib/thumb/v6-m\libc_nano.a(lib_a-sbrkr.o)
                0x00003d18                _sbrk_r
 .text.__sread  0x00003d3c       0x28 c:/program files (x86)/atmel/studio/7.0/toolchain/arm/arm-gnu-toolchain/bin/../lib/gcc/arm-none-eabi/6.3.1/../../../../arm-none-eabi/lib/thumb/v6-m\libc_nano.a(lib_a-stdio.o)
                0x00003d3c                __sread
 .text.__swrite
                0x00003d64       0x38 c:/program files (x86)/atmel/studio/7.0/toolchain/arm/arm-gnu-toolchain/bin/../lib/gcc/arm-none-eabi/6.3.1/../../../../arm-none-eabi/lib/thumb/v6-m\libc_nano.a(lib_a-stdio.o)
                0x00003d64                __swrite
 .text.__sseek  0x00003d9c       0x2c c:/program files (x86)/atmel/studio/7.0/toolchain/arm/arm-gnu-toolchain/bin/../lib/gcc/arm-none-eabi/6.3.1/../../../../arm-none-eabi/lib/thumb/v6-m\libc_nano.a(lib_a-stdio.o)
                0x00003d9c                __sseek
 .text.__sclose
                0x00003dc8        0xc c:/program files (x86)/atmel/studio/7.0/toolchain/arm/arm-gnu-toolchain/bin/../lib/gcc/arm-none-eabi/6.3.1/../../../../arm-none-eabi/lib/thumb/v6-m\libc_nano.a(lib_a-stdio.o)
                0x00003dc8                __sclose
 .text._write_r
                0x00003dd4       0x28 c:/program files (x86)/atmel/studio/7.0/toolchain/arm/arm-gnu-toolchain/bin/../lib/gcc/arm-none-eabi/6.3.1/../../../../arm-none-eabi/lib/thumb/v6-m\libc_nano.a(lib_a-writer.o)
                0x00003dd4                _write_r
 .text._close_r
                0x00003dfc       0x24 c:/program files (x86)/atmel/studio/7.0/toolchain/arm/arm-gnu-toolchain/bin/../lib/gcc/arm-none-eabi/6.3.1/../../../../arm-none-eabi/lib/thumb/v6-m\libc_nano.a(lib_a-closer.o)
                0x00003dfc                _close_r
 .text._fstat_r
                0x00003e20       0x24 c:/program files (x86)/atmel/studio/7.0/toolchain/arm/arm-gnu-toolchain/bin/../lib/gcc/arm-none-eabi/6.3.1/../../../../arm-none-eabi/lib/thumb/v6-m\libc_nano.a(lib_a-fstatr.o)
                0x00003e20                _fstat_r
 .text._isatty_r
                0x00003e44       0x24 c:/program files (x86)/atmel/studio/7.0/toolchain/arm/arm-gnu-toolchain/bin/../lib/gcc/arm-none-eabi/6.3.1/../../../../arm-none-eabi/lib/thumb/v6-m\libc_nano.a(lib_a-isattyr.o)
                0x00003e44                _isatty_r
 .text._lseek_r
                0x00003e68       0x28 c:/program files (x86)/atmel/studio/7.0/toolchain/arm/arm-gnu-toolchain/bin/../lib/gcc/arm-none-eabi/6.3.1/../../../../arm-none-eabi/lib/thumb/v6-m\libc_nano.a(lib_a-lseekr.o)
                0x00003e68                _lseek_r
 .text.__malloc_lock
                0x00003e90        0x2 c:/program files (x86)/atmel/studio/7.0/toolchain/arm/arm-gnu-toolchain/bin/../lib/gcc/arm-none-eabi/6.3.1/../../../../arm-none-eabi/lib/thumb/v6-m\libc_nano.a(lib_a-mlock.o)
                0x00003e90                __malloc_lock
 .text.__malloc_unlock
                0x00003e92        0x2 c:/program files (x86)/atmel/studio/7.0/toolchain/arm/arm-gnu-toolchain/bin/../lib/gcc/arm-none-eabi/6.3.1/../../../../arm-none-eabi/lib/thumb/v6-m\libc_nano.a(lib_a-mlock.o)
                0x00003e92                __malloc_unlock
 .text._read_r  0x00003e94       0x28 c:/program files (x86)/atmel/studio/7.0/toolchain/arm/arm-gnu-toolchain/bin/../lib/gcc/arm-none-eabi/6.3.1/../../../../arm-none-eabi/lib/thumb/v6-m\libc_nano.a(lib_a-readr.o)
                0x00003e94                _read_r
 *(.glue_7t)
 .glue_7t       0x00003ebc        0x0 linker stubs
 *(.glue_7)
 .glue_7        0x00003ebc        0x0 linker stubs
 *(.rodata .rodata* .gnu.linkonce.r.*)
 .rodata.str1.4
                0x00003ebc       0x1a hal/src/hal_adc_sync.o
 *fill*         0x00003ed6        0x2 
 .rodata.str1.4
                0x00003ed8       0x1b hal/src/hal_can_async.o
 *fill*         0x00003ef3        0x1 
 .rodata.str1.4
                0x00003ef4       0x14 hal/src/hal_io.o
 .rodata.str1.4
                0x00003f08       0x1b hal/src/hal_temp_sync.o
 *fill*         0x00003f23        0x1 
 .rodata.str1.4
                0x00003f24       0x1c hal/src/hal_usart_sync.o
 .rodata        0x00003f40       0x1c hpl/adc/hpl_adc.o
 .rodata.str1.4
                0x00003f5c       0x15 hpl/adc/hpl_adc.o
 *fill*         0x00003f71        0x3 
 .rodata.str1.4
                0x00003f74       0x1b hpl/sercom/hpl_sercom.o
 *fill*         0x00003f8f        0x1 
 .rodata.str1.4
                0x00003f90       0xd8 main.o
                                 0xd6 (size before relaxing)
 .rodata        0x00004068       0x40 c:/program files (x86)/atmel/studio/7.0/toolchain/arm/arm-gnu-toolchain/bin/../lib/gcc/arm-none-eabi/6.3.1/thumb/v6-m\libgcc.a(mulsf3.o)
 .rodata        0x000040a8       0x40 c:/program files (x86)/atmel/studio/7.0/toolchain/arm/arm-gnu-toolchain/bin/../lib/gcc/arm-none-eabi/6.3.1/thumb/v6-m\libgcc.a(muldf3.o)
 .rodata._global_impure_ptr
                0x000040e8        0x4 c:/program files (x86)/atmel/studio/7.0/toolchain/arm/arm-gnu-toolchain/bin/../lib/gcc/arm-none-eabi/6.3.1/../../../../arm-none-eabi/lib/thumb/v6-m\libc_nano.a(lib_a-impure.o)
                0x000040e8                _global_impure_ptr
 .rodata._vfprintf_r.str1.1
                0x000040ec       0x11 c:/program files (x86)/atmel/studio/7.0/toolchain/arm/arm-gnu-toolchain/bin/../lib/gcc/arm-none-eabi/6.3.1/../../../../arm-none-eabi/lib/thumb/v6-m\libc_nano.a(lib_a-nano-vfprintf.o)
 .rodata._printf_i.str1.1
                0x000040fd       0x22 c:/program files (x86)/atmel/studio/7.0/toolchain/arm/arm-gnu-toolchain/bin/../lib/gcc/arm-none-eabi/6.3.1/../../../../arm-none-eabi/lib/thumb/v6-m\libc_nano.a(lib_a-nano-vfprintf_i.o)
 *fill*         0x0000411f        0x1 
 .rodata.__sf_fake_stderr
                0x00004120       0x20 c:/program files (x86)/atmel/studio/7.0/toolchain/arm/arm-gnu-toolchain/bin/../lib/gcc/arm-none-eabi/6.3.1/../../../../arm-none-eabi/lib/thumb/v6-m\libc_nano.a(lib_a-findfp.o)
                0x00004120                __sf_fake_stderr
 .rodata.__sf_fake_stdin
                0x00004140       0x20 c:/program files (x86)/atmel/studio/7.0/toolchain/arm/arm-gnu-toolchain/bin/../lib/gcc/arm-none-eabi/6.3.1/../../../../arm-none-eabi/lib/thumb/v6-m\libc_nano.a(lib_a-findfp.o)
                0x00004140                __sf_fake_stdin
 .rodata.__sf_fake_stdout
                0x00004160       0x20 c:/program files (x86)/atmel/studio/7.0/toolchain/arm/arm-gnu-toolchain/bin/../lib/gcc/arm-none-eabi/6.3.1/../../../../arm-none-eabi/lib/thumb/v6-m\libc_nano.a(lib_a-findfp.o)
                0x00004160                __sf_fake_stdout
 *(.ARM.extab* .gnu.linkonce.armextab.*)
                0x00004180                . = ALIGN (0x4)
 *(.init)
 .init          0x00004180        0x4 c:/program files (x86)/atmel/studio/7.0/toolchain/arm/arm-gnu-toolchain/bin/../lib/gcc/arm-none-eabi/6.3.1/thumb/v6-m/crti.o
                0x00004180                _init
 .init          0x00004184        0x8 c:/program files (x86)/atmel/studio/7.0/toolchain/arm/arm-gnu-toolchain/bin/../lib/gcc/arm-none-eabi/6.3.1/thumb/v6-m/crtn.o
                0x0000418c                . = ALIGN (0x4)
                0x0000418c                __preinit_array_start = .
 *(.preinit_array)
                0x0000418c                __preinit_array_end = .
                0x0000418c                . = ALIGN (0x4)
                0x0000418c                __init_array_start = .
 *(SORT(.init_array.*))
 *(.init_array)
 .init_array    0x0000418c        0x4 c:/program files (x86)/atmel/studio/7.0/toolchain/arm/arm-gnu-toolchain/bin/../lib/gcc/arm-none-eabi/6.3.1/thumb/v6-m/crtbegin.o
                0x00004190                __init_array_end = .
                0x00004190                . = ALIGN (0x4)
 *crtbegin.o(.ctors)
 *(EXCLUDE_FILE(*crtend.o) .ctors)
 *(SORT(.ctors.*))
 *crtend.o(.ctors)
                0x00004190                . = ALIGN (0x4)
 *(.fini)
 .fini          0x00004190        0x4 c:/program files (x86)/atmel/studio/7.0/toolchain/arm/arm-gnu-toolchain/bin/../lib/gcc/arm-none-eabi/6.3.1/thumb/v6-m/crti.o
                0x00004190                _fini
 .fini          0x00004194        0x8 c:/program files (x86)/atmel/studio/7.0/toolchain/arm/arm-gnu-toolchain/bin/../lib/gcc/arm-none-eabi/6.3.1/thumb/v6-m/crtn.o
                0x0000419c                . = ALIGN (0x4)
                0x0000419c                __fini_array_start = .
 *(.fini_array)
 .fini_array    0x0000419c        0x4 c:/program files (x86)/atmel/studio/7.0/toolchain/arm/arm-gnu-toolchain/bin/../lib/gcc/arm-none-eabi/6.3.1/thumb/v6-m/crtbegin.o
 *(SORT(.fini_array.*))
                0x000041a0                __fini_array_end = .
 *crtbegin.o(.dtors)
 *(EXCLUDE_FILE(*crtend.o) .dtors)
 *(SORT(.dtors.*))
 *crtend.o(.dtors)
                0x000041a0                . = ALIGN (0x4)
                0x000041a0                _efixed = .
                [!provide]                PROVIDE (__exidx_start, .)

.vfp11_veneer   0x000041a0        0x0
 .vfp11_veneer  0x000041a0        0x0 linker stubs

.v4_bx          0x000041a0        0x0
 .v4_bx         0x000041a0        0x0 linker stubs

.iplt           0x000041a0        0x0
 .iplt          0x000041a0        0x0 c:/program files (x86)/atmel/studio/7.0/toolchain/arm/arm-gnu-toolchain/bin/../lib/gcc/arm-none-eabi/6.3.1/thumb/v6-m/crtbegin.o

.eh_frame       0x000041a0        0x0
 .eh_frame      0x000041a0        0x0 c:/program files (x86)/atmel/studio/7.0/toolchain/arm/arm-gnu-toolchain/bin/../lib/gcc/arm-none-eabi/6.3.1/thumb/v6-m/crtbegin.o

.rel.dyn        0x000041a0        0x0
 .rel.iplt      0x000041a0        0x0 c:/program files (x86)/atmel/studio/7.0/toolchain/arm/arm-gnu-toolchain/bin/../lib/gcc/arm-none-eabi/6.3.1/thumb/v6-m/crtbegin.o

.jcr            0x000041a0        0x0
 .jcr           0x000041a0        0x0 c:/program files (x86)/atmel/studio/7.0/toolchain/arm/arm-gnu-toolchain/bin/../lib/gcc/arm-none-eabi/6.3.1/thumb/v6-m/crtbegin.o

.igot.plt       0x000041a0        0x0
 .igot.plt      0x000041a0        0x0 c:/program files (x86)/atmel/studio/7.0/toolchain/arm/arm-gnu-toolchain/bin/../lib/gcc/arm-none-eabi/6.3.1/thumb/v6-m/crtbegin.o

.ARM.exidx
 *(.ARM.exidx* .gnu.linkonce.armexidx.*)
                [!provide]                PROVIDE (__exidx_end, .)
                0x000041a0                . = ALIGN (0x4)
                0x000041a0                _etext = .

.relocate       0x20000000       0x78 load address 0x000041a0
                0x20000000                . = ALIGN (0x4)
                0x20000000                _srelocate = .
 *(.ramfunc .ramfunc.*)
 *(.data .data.*)
 .data          0x20000000       0x14 hpl/can/hpl_can.o
                0x20000000                _can0_context
 .data._impure_ptr
                0x20000014        0x4 c:/program files (x86)/atmel/studio/7.0/toolchain/arm/arm-gnu-toolchain/bin/../lib/gcc/arm-none-eabi/6.3.1/../../../../arm-none-eabi/lib/thumb/v6-m\libc_nano.a(lib_a-impure.o)
                0x20000014                _impure_ptr
 .data.impure_data
                0x20000018       0x60 c:/program files (x86)/atmel/studio/7.0/toolchain/arm/arm-gnu-toolchain/bin/../lib/gcc/arm-none-eabi/6.3.1/../../../../arm-none-eabi/lib/thumb/v6-m\libc_nano.a(lib_a-impure.o)
                0x20000078                . = ALIGN (0x4)
                0x20000078                _erelocate = .

.bss            0x20000078      0x45c load address 0x00004218
                0x20000078                . = ALIGN (0x4)
                0x20000078                _sbss = .
                0x20000078                _szero = .
 *(.bss .bss.*)
 .bss           0x20000078       0x1c c:/program files (x86)/atmel/studio/7.0/toolchain/arm/arm-gnu-toolchain/bin/../lib/gcc/arm-none-eabi/6.3.1/thumb/v6-m/crtbegin.o
 .bss           0x20000094        0x4 hal/utils/src/utils_syscalls.o
 .bss           0x20000098       0x2c hpl/can/hpl_can.o
 .bss           0x200000c4        0x4 main.o
                0x200000c4                heap
 .bss           0x200000c8        0x4 stdio_redirect/stdio_io.o
 .bss.__malloc_free_list
                0x200000cc        0x4 c:/program files (x86)/atmel/studio/7.0/toolchain/arm/arm-gnu-toolchain/bin/../lib/gcc/arm-none-eabi/6.3.1/../../../../arm-none-eabi/lib/thumb/v6-m\libc_nano.a(lib_a-nano-mallocr.o)
                0x200000cc                __malloc_free_list
 .bss.__malloc_sbrk_start
                0x200000d0        0x4 c:/program files (x86)/atmel/studio/7.0/toolchain/arm/arm-gnu-toolchain/bin/../lib/gcc/arm-none-eabi/6.3.1/../../../../arm-none-eabi/lib/thumb/v6-m\libc_nano.a(lib_a-nano-mallocr.o)
                0x200000d0                __malloc_sbrk_start
 *(COMMON)
 COMMON         0x200000d4       0x3c driver_init.o
                0x200000d4                CAN_0
                0x200000fc                TEMPERATURE_SENSOR_0
                0x20000100                ADC_0
                0x20000104                DEBUG_UART
 COMMON         0x20000110      0x3c0 hpl/can/hpl_can.o
                0x20000110                can0_rx_fifo
                0x20000390                can0_tx_fifo
 COMMON         0x200004d0        0x4 c:/program files (x86)/atmel/studio/7.0/toolchain/arm/arm-gnu-toolchain/bin/../lib/gcc/arm-none-eabi/6.3.1/../../../../arm-none-eabi/lib/thumb/v6-m\libc_nano.a(lib_a-reent.o)
                0x200004d0                errno
                0x200004d4                . = ALIGN (0x4)
                0x200004d4                _ebss = .
                0x200004d4                _ezero = .

.stack          0x200004d4     0x1004 load address 0x00004674
                0x200004d8                . = ALIGN (0x8)
 *fill*         0x200004d4        0x4 
                0x200004d8                _sstack = .
                0x200014d8                . = (. + STACK_SIZE)
 *fill*         0x200004d8     0x1000 
                0x200014d8                . = ALIGN (0x8)
                0x200014d8                _estack = .
                0x200014d8                . = ALIGN (0x4)
                0x200014d8                _end = .
OUTPUT(PS-010.elf elf32-littlearm)

.ARM.attributes
                0x00000000       0x28
 .ARM.attributes
                0x00000000       0x1e c:/program files (x86)/atmel/studio/7.0/toolchain/arm/arm-gnu-toolchain/bin/../lib/gcc/arm-none-eabi/6.3.1/thumb/v6-m/crti.o
 .ARM.attributes
                0x0000001e       0x2c c:/program files (x86)/atmel/studio/7.0/toolchain/arm/arm-gnu-toolchain/bin/../lib/gcc/arm-none-eabi/6.3.1/thumb/v6-m/crtbegin.o
 .ARM.attributes
                0x0000004a       0x32 atmel_start.o
 .ARM.attributes
                0x0000007c       0x32 Device_Startup/startup_samc21.o
 .ARM.attributes
                0x000000ae       0x32 driver_init.o
 .ARM.attributes
                0x000000e0       0x32 hal/src/hal_adc_sync.o
 .ARM.attributes
                0x00000112       0x32 hal/src/hal_can_async.o
 .ARM.attributes
                0x00000144       0x32 hal/src/hal_io.o
 .ARM.attributes
                0x00000176       0x32 hal/src/hal_temp_sync.o
 .ARM.attributes
                0x000001a8       0x32 hal/src/hal_usart_sync.o
 .ARM.attributes
                0x000001da       0x32 hal/utils/src/utils_assert.o
 .ARM.attributes
                0x0000020c       0x32 hal/utils/src/utils_syscalls.o
 .ARM.attributes
                0x0000023e       0x32 hpl/adc/hpl_adc.o
 .ARM.attributes
                0x00000270       0x32 hpl/can/hpl_can.o
 .ARM.attributes
                0x000002a2       0x32 hpl/core/hpl_init.o
 .ARM.attributes
                0x000002d4       0x32 hpl/divas/hpl_divas.o
 .ARM.attributes
                0x00000306       0x32 hpl/gclk/hpl_gclk.o
 .ARM.attributes
                0x00000338       0x32 hpl/mclk/hpl_mclk.o
 .ARM.attributes
                0x0000036a       0x32 hpl/osc32kctrl/hpl_osc32kctrl.o
 .ARM.attributes
                0x0000039c       0x32 hpl/oscctrl/hpl_oscctrl.o
 .ARM.attributes
                0x000003ce       0x32 hpl/sercom/hpl_sercom.o
 .ARM.attributes
                0x00000400       0x32 hpl/tsens/hpl_tsens.o
 .ARM.attributes
                0x00000432       0x32 main.o
 .ARM.attributes
                0x00000464       0x32 stdio_redirect/gcc/read.o
 .ARM.attributes
                0x00000496       0x32 stdio_redirect/gcc/write.o
 .ARM.attributes
                0x000004c8       0x32 stdio_redirect/stdio_io.o
 .ARM.attributes
                0x000004fa       0x32 stdio_start.o
 .ARM.attributes
                0x0000052c       0x1e c:/program files (x86)/atmel/studio/7.0/toolchain/arm/arm-gnu-toolchain/bin/../lib/gcc/arm-none-eabi/6.3.1/thumb/v6-m\libgcc.a(_arm_cmpsf2.o)
 .ARM.attributes
                0x0000054a       0x2c c:/program files (x86)/atmel/studio/7.0/toolchain/arm/arm-gnu-toolchain/bin/../lib/gcc/arm-none-eabi/6.3.1/thumb/v6-m\libgcc.a(_fixunssfsi.o)
 .ARM.attributes
                0x00000576       0x2c c:/program files (x86)/atmel/studio/7.0/toolchain/arm/arm-gnu-toolchain/bin/../lib/gcc/arm-none-eabi/6.3.1/thumb/v6-m\libgcc.a(_fixunsdfsi.o)
 .ARM.attributes
                0x000005a2       0x2c c:/program files (x86)/atmel/studio/7.0/toolchain/arm/arm-gnu-toolchain/bin/../lib/gcc/arm-none-eabi/6.3.1/thumb/v6-m\libgcc.a(eqsf2.o)
 .ARM.attributes
                0x000005ce       0x2c c:/program files (x86)/atmel/studio/7.0/toolchain/arm/arm-gnu-toolchain/bin/../lib/gcc/arm-none-eabi/6.3.1/thumb/v6-m\libgcc.a(gesf2.o)
 .ARM.attributes
                0x000005fa       0x2c c:/program files (x86)/atmel/studio/7.0/toolchain/arm/arm-gnu-toolchain/bin/../lib/gcc/arm-none-eabi/6.3.1/thumb/v6-m\libgcc.a(lesf2.o)
 .ARM.attributes
                0x00000626       0x2c c:/program files (x86)/atmel/studio/7.0/toolchain/arm/arm-gnu-toolchain/bin/../lib/gcc/arm-none-eabi/6.3.1/thumb/v6-m\libgcc.a(mulsf3.o)
 .ARM.attributes
                0x00000652       0x2c c:/program files (x86)/atmel/studio/7.0/toolchain/arm/arm-gnu-toolchain/bin/../lib/gcc/arm-none-eabi/6.3.1/thumb/v6-m\libgcc.a(subsf3.o)
 .ARM.attributes
                0x0000067e       0x2c c:/program files (x86)/atmel/studio/7.0/toolchain/arm/arm-gnu-toolchain/bin/../lib/gcc/arm-none-eabi/6.3.1/thumb/v6-m\libgcc.a(fixsfsi.o)
 .ARM.attributes
                0x000006aa       0x2c c:/program files (x86)/atmel/studio/7.0/toolchain/arm/arm-gnu-toolchain/bin/../lib/gcc/arm-none-eabi/6.3.1/thumb/v6-m\libgcc.a(floatunsisf.o)
 .ARM.attributes
                0x000006d6       0x2c c:/program files (x86)/atmel/studio/7.0/toolchain/arm/arm-gnu-toolchain/bin/../lib/gcc/arm-none-eabi/6.3.1/thumb/v6-m\libgcc.a(muldf3.o)
 .ARM.attributes
                0x00000702       0x2c c:/program files (x86)/atmel/studio/7.0/toolchain/arm/arm-gnu-toolchain/bin/../lib/gcc/arm-none-eabi/6.3.1/thumb/v6-m\libgcc.a(subdf3.o)
 .ARM.attributes
                0x0000072e       0x2c c:/program files (x86)/atmel/studio/7.0/toolchain/arm/arm-gnu-toolchain/bin/../lib/gcc/arm-none-eabi/6.3.1/thumb/v6-m\libgcc.a(fixdfsi.o)
 .ARM.attributes
                0x0000075a       0x2c c:/program files (x86)/atmel/studio/7.0/toolchain/arm/arm-gnu-toolchain/bin/../lib/gcc/arm-none-eabi/6.3.1/thumb/v6-m\libgcc.a(floatunsidf.o)
 .ARM.attributes
                0x00000786       0x1e c:/program files (x86)/atmel/studio/7.0/toolchain/arm/arm-gnu-toolchain/bin/../lib/gcc/arm-none-eabi/6.3.1/thumb/v6-m\libgcc.a(_arm_cmpdf2.o)
 .ARM.attributes
                0x000007a4       0x1e c:/program files (x86)/atmel/studio/7.0/toolchain/arm/arm-gnu-toolchain/bin/../lib/gcc/arm-none-eabi/6.3.1/thumb/v6-m\libgcc.a(_clzsi2.o)
 .ARM.attributes
                0x000007c2       0x2c c:/program files (x86)/atmel/studio/7.0/toolchain/arm/arm-gnu-toolchain/bin/../lib/gcc/arm-none-eabi/6.3.1/thumb/v6-m\libgcc.a(eqdf2.o)
 .ARM.attributes
                0x000007ee       0x2c c:/program files (x86)/atmel/studio/7.0/toolchain/arm/arm-gnu-toolchain/bin/../lib/gcc/arm-none-eabi/6.3.1/thumb/v6-m\libgcc.a(gedf2.o)
 .ARM.attributes
                0x0000081a       0x2c c:/program files (x86)/atmel/studio/7.0/toolchain/arm/arm-gnu-toolchain/bin/../lib/gcc/arm-none-eabi/6.3.1/thumb/v6-m\libgcc.a(ledf2.o)
 .ARM.attributes
                0x00000846       0x2c c:/program files (x86)/atmel/studio/7.0/toolchain/arm/arm-gnu-toolchain/bin/../lib/gcc/arm-none-eabi/6.3.1/../../../../arm-none-eabi/lib/thumb/v6-m\libc_nano.a(lib_a-impure.o)
 .ARM.attributes
                0x00000872       0x2c c:/program files (x86)/atmel/studio/7.0/toolchain/arm/arm-gnu-toolchain/bin/../lib/gcc/arm-none-eabi/6.3.1/../../../../arm-none-eabi/lib/thumb/v6-m\libc_nano.a(lib_a-init.o)
 .ARM.attributes
                0x0000089e       0x2c c:/program files (x86)/atmel/studio/7.0/toolchain/arm/arm-gnu-toolchain/bin/../lib/gcc/arm-none-eabi/6.3.1/../../../../arm-none-eabi/lib/thumb/v6-m\libc_nano.a(lib_a-memset.o)
 .ARM.attributes
                0x000008ca       0x2c c:/program files (x86)/atmel/studio/7.0/toolchain/arm/arm-gnu-toolchain/bin/../lib/gcc/arm-none-eabi/6.3.1/../../../../arm-none-eabi/lib/thumb/v6-m\libc_nano.a(lib_a-nano-vfprintf.o)
 .ARM.attributes
                0x000008f6       0x2c c:/program files (x86)/atmel/studio/7.0/toolchain/arm/arm-gnu-toolchain/bin/../lib/gcc/arm-none-eabi/6.3.1/../../../../arm-none-eabi/lib/thumb/v6-m\libc_nano.a(lib_a-nano-vfprintf_i.o)
 .ARM.attributes
                0x00000922       0x2c c:/program files (x86)/atmel/studio/7.0/toolchain/arm/arm-gnu-toolchain/bin/../lib/gcc/arm-none-eabi/6.3.1/../../../../arm-none-eabi/lib/thumb/v6-m\libc_nano.a(lib_a-printf.o)
 .ARM.attributes
                0x0000094e       0x2c c:/program files (x86)/atmel/studio/7.0/toolchain/arm/arm-gnu-toolchain/bin/../lib/gcc/arm-none-eabi/6.3.1/../../../../arm-none-eabi/lib/thumb/v6-m\libc_nano.a(lib_a-puts.o)
 .ARM.attributes
                0x0000097a       0x2c c:/program files (x86)/atmel/studio/7.0/toolchain/arm/arm-gnu-toolchain/bin/../lib/gcc/arm-none-eabi/6.3.1/../../../../arm-none-eabi/lib/thumb/v6-m\libc_nano.a(lib_a-setbuf.o)
 .ARM.attributes
                0x000009a6       0x2c c:/program files (x86)/atmel/studio/7.0/toolchain/arm/arm-gnu-toolchain/bin/../lib/gcc/arm-none-eabi/6.3.1/../../../../arm-none-eabi/lib/thumb/v6-m\libc_nano.a(lib_a-setvbuf.o)
 .ARM.attributes
                0x000009d2       0x2c c:/program files (x86)/atmel/studio/7.0/toolchain/arm/arm-gnu-toolchain/bin/../lib/gcc/arm-none-eabi/6.3.1/../../../../arm-none-eabi/lib/thumb/v6-m\libc_nano.a(lib_a-wbuf.o)
 .ARM.attributes
                0x000009fe       0x2c c:/program files (x86)/atmel/studio/7.0/toolchain/arm/arm-gnu-toolchain/bin/../lib/gcc/arm-none-eabi/6.3.1/../../../../arm-none-eabi/lib/thumb/v6-m\libc_nano.a(lib_a-wsetup.o)
 .ARM.attributes
                0x00000a2a       0x2c c:/program files (x86)/atmel/studio/7.0/toolchain/arm/arm-gnu-toolchain/bin/../lib/gcc/arm-none-eabi/6.3.1/../../../../arm-none-eabi/lib/thumb/v6-m\libc_nano.a(lib_a-fflush.o)
 .ARM.attributes
                0x00000a56       0x2c c:/program files (x86)/atmel/studio/7.0/toolchain/arm/arm-gnu-toolchain/bin/../lib/gcc/arm-none-eabi/6.3.1/../../../../arm-none-eabi/lib/thumb/v6-m\libc_nano.a(lib_a-findfp.o)
 .ARM.attributes
                0x00000a82       0x2c c:/program files (x86)/atmel/studio/7.0/toolchain/arm/arm-gnu-toolchain/bin/../lib/gcc/arm-none-eabi/6.3.1/../../../../arm-none-eabi/lib/thumb/v6-m\libc_nano.a(lib_a-fwalk.o)
 .ARM.attributes
                0x00000aae       0x2c c:/program files (x86)/atmel/studio/7.0/toolchain/arm/arm-gnu-toolchain/bin/../lib/gcc/arm-none-eabi/6.3.1/../../../../arm-none-eabi/lib/thumb/v6-m\libc_nano.a(lib_a-makebuf.o)
 .ARM.attributes
                0x00000ada       0x2c c:/program files (x86)/atmel/studio/7.0/toolchain/arm/arm-gnu-toolchain/bin/../lib/gcc/arm-none-eabi/6.3.1/../../../../arm-none-eabi/lib/thumb/v6-m\libc_nano.a(lib_a-malloc.o)
 .ARM.attributes
                0x00000b06       0x2c c:/program files (x86)/atmel/studio/7.0/toolchain/arm/arm-gnu-toolchain/bin/../lib/gcc/arm-none-eabi/6.3.1/../../../../arm-none-eabi/lib/thumb/v6-m\libc_nano.a(lib_a-memchr-stub.o)
 .ARM.attributes
                0x00000b32       0x2c c:/program files (x86)/atmel/studio/7.0/toolchain/arm/arm-gnu-toolchain/bin/../lib/gcc/arm-none-eabi/6.3.1/../../../../arm-none-eabi/lib/thumb/v6-m\libc_nano.a(lib_a-nano-freer.o)
 .ARM.attributes
                0x00000b5e       0x2c c:/program files (x86)/atmel/studio/7.0/toolchain/arm/arm-gnu-toolchain/bin/../lib/gcc/arm-none-eabi/6.3.1/../../../../arm-none-eabi/lib/thumb/v6-m\libc_nano.a(lib_a-nano-mallocr.o)
 .ARM.attributes
                0x00000b8a       0x2c c:/program files (x86)/atmel/studio/7.0/toolchain/arm/arm-gnu-toolchain/bin/../lib/gcc/arm-none-eabi/6.3.1/../../../../arm-none-eabi/lib/thumb/v6-m\libc_nano.a(lib_a-sbrkr.o)
 .ARM.attributes
                0x00000bb6       0x2c c:/program files (x86)/atmel/studio/7.0/toolchain/arm/arm-gnu-toolchain/bin/../lib/gcc/arm-none-eabi/6.3.1/../../../../arm-none-eabi/lib/thumb/v6-m\libc_nano.a(lib_a-stdio.o)
 .ARM.attributes
                0x00000be2       0x2c c:/program files (x86)/atmel/studio/7.0/toolchain/arm/arm-gnu-toolchain/bin/../lib/gcc/arm-none-eabi/6.3.1/../../../../arm-none-eabi/lib/thumb/v6-m\libc_nano.a(lib_a-writer.o)
 .ARM.attributes
                0x00000c0e       0x2c c:/program files (x86)/atmel/studio/7.0/toolchain/arm/arm-gnu-toolchain/bin/../lib/gcc/arm-none-eabi/6.3.1/../../../../arm-none-eabi/lib/thumb/v6-m\libc_nano.a(lib_a-closer.o)
 .ARM.attributes
                0x00000c3a       0x2c c:/program files (x86)/atmel/studio/7.0/toolchain/arm/arm-gnu-toolchain/bin/../lib/gcc/arm-none-eabi/6.3.1/../../../../arm-none-eabi/lib/thumb/v6-m\libc_nano.a(lib_a-fstatr.o)
 .ARM.attributes
                0x00000c66       0x2c c:/program files (x86)/atmel/studio/7.0/toolchain/arm/arm-gnu-toolchain/bin/../lib/gcc/arm-none-eabi/6.3.1/../../../../arm-none-eabi/lib/thumb/v6-m\libc_nano.a(lib_a-isattyr.o)
 .ARM.attributes
                0x00000c92       0x2c c:/program files (x86)/atmel/studio/7.0/toolchain/arm/arm-gnu-toolchain/bin/../lib/gcc/arm-none-eabi/6.3.1/../../../../arm-none-eabi/lib/thumb/v6-m\libc_nano.a(lib_a-lseekr.o)
 .ARM.attributes
                0x00000cbe       0x2c c:/program files (x86)/atmel/studio/7.0/toolchain/arm/arm-gnu-toolchain/bin/../lib/gcc/arm-none-eabi/6.3.1/../../../../arm-none-eabi/lib/thumb/v6-m\libc_nano.a(lib_a-mlock.o)
 .ARM.attributes
                0x00000cea       0x2c c:/program files (x86)/atmel/studio/7.0/toolchain/arm/arm-gnu-toolchain/bin/../lib/gcc/arm-none-eabi/6.3.1/../../../../arm-none-eabi/lib/thumb/v6-m\libc_nano.a(lib_a-readr.o)
 .ARM.attributes
                0x00000d16       0x2c c:/program files (x86)/atmel/studio/7.0/toolchain/arm/arm-gnu-toolchain/bin/../lib/gcc/arm-none-eabi/6.3.1/../../../../arm-none-eabi/lib/thumb/v6-m\libc_nano.a(lib_a-reent.o)
 .ARM.attributes
                0x00000d42       0x1e c:/program files (x86)/atmel/studio/7.0/toolchain/arm/arm-gnu-toolchain/bin/../lib/gcc/arm-none-eabi/6.3.1/thumb/v6-m/crtn.o

.comment        0x00000000       0x59
 .comment       0x00000000       0x59 atmel_start.o
                                 0x5a (size before relaxing)
 .comment       0x00000059       0x5a Device_Startup/startup_samc21.o
 .comment       0x00000059       0x5a driver_init.o
 .comment       0x00000059       0x5a hal/src/hal_adc_sync.o
 .comment       0x00000059       0x5a hal/src/hal_can_async.o
 .comment       0x00000059       0x5a hal/src/hal_io.o
 .comment       0x00000059       0x5a hal/src/hal_temp_sync.o
 .comment       0x00000059       0x5a hal/src/hal_usart_sync.o
 .comment       0x00000059       0x5a hal/utils/src/utils_assert.o
 .comment       0x00000059       0x5a hal/utils/src/utils_syscalls.o
 .comment       0x00000059       0x5a hpl/adc/hpl_adc.o
 .comment       0x00000059       0x5a hpl/can/hpl_can.o
 .comment       0x00000059       0x5a hpl/core/hpl_init.o
 .comment       0x00000059       0x5a hpl/divas/hpl_divas.o
 .comment       0x00000059       0x5a hpl/gclk/hpl_gclk.o
 .comment       0x00000059       0x5a hpl/mclk/hpl_mclk.o
 .comment       0x00000059       0x5a hpl/osc32kctrl/hpl_osc32kctrl.o
 .comment       0x00000059       0x5a hpl/oscctrl/hpl_oscctrl.o
 .comment       0x00000059       0x5a hpl/sercom/hpl_sercom.o
 .comment       0x00000059       0x5a hpl/tsens/hpl_tsens.o
 .comment       0x00000059       0x5a main.o
 .comment       0x00000059       0x5a stdio_redirect/gcc/read.o
 .comment       0x00000059       0x5a stdio_redirect/gcc/write.o
 .comment       0x00000059       0x5a stdio_redirect/stdio_io.o
 .comment       0x00000059       0x5a stdio_start.o

.debug_info     0x00000000    0x2db9d
 .debug_info    0x00000000      0xd6b atmel_start.o
 .debug_info    0x00000d6b      0x523 Device_Startup/startup_samc21.o
 .debug_info    0x0000128e     0xa980 driver_init.o
 .debug_info    0x0000bc0e      0xb29 hal/src/hal_adc_sync.o
 .debug_info    0x0000c737      0xa21 hal/src/hal_can_async.o
 .debug_info    0x0000d158      0x2b2 hal/src/hal_io.o
 .debug_info    0x0000d40a      0x375 hal/src/hal_temp_sync.o
 .debug_info    0x0000d77f      0xc56 hal/src/hal_usart_sync.o
 .debug_info    0x0000e3d5      0x107 hal/utils/src/utils_assert.o
 .debug_info    0x0000e4dc      0xdca hal/utils/src/utils_syscalls.o
 .debug_info    0x0000f2a6     0x3d3d hpl/adc/hpl_adc.o
 .debug_info    0x00012fe3     0x57d4 hpl/can/hpl_can.o
 .debug_info    0x000187b7      0x76f hpl/core/hpl_init.o
 .debug_info    0x00018f26      0x854 hpl/divas/hpl_divas.o
 .debug_info    0x0001977a      0x76e hpl/gclk/hpl_gclk.o
 .debug_info    0x00019ee8      0x7c2 hpl/mclk/hpl_mclk.o
 .debug_info    0x0001a6aa      0x770 hpl/osc32kctrl/hpl_osc32kctrl.o
 .debug_info    0x0001ae1a     0x133f hpl/oscctrl/hpl_oscctrl.o
 .debug_info    0x0001c159     0xb445 hpl/sercom/hpl_sercom.o
 .debug_info    0x0002759e     0x1df8 hpl/tsens/hpl_tsens.o
 .debug_info    0x00029396     0x1a01 main.o
 .debug_info    0x0002ad97      0xa34 stdio_redirect/gcc/read.o
 .debug_info    0x0002b7cb      0xa34 stdio_redirect/gcc/write.o
 .debug_info    0x0002c1ff      0xbe2 stdio_redirect/stdio_io.o
 .debug_info    0x0002cde1      0xdbc stdio_start.o

.debug_abbrev   0x00000000     0x39ef
 .debug_abbrev  0x00000000      0x1c7 atmel_start.o
 .debug_abbrev  0x000001c7      0x14f Device_Startup/startup_samc21.o
 .debug_abbrev  0x00000316      0x36c driver_init.o
 .debug_abbrev  0x00000682      0x168 hal/src/hal_adc_sync.o
 .debug_abbrev  0x000007ea      0x18b hal/src/hal_can_async.o
 .debug_abbrev  0x00000975      0x115 hal/src/hal_io.o
 .debug_abbrev  0x00000a8a      0x10c hal/src/hal_temp_sync.o
 .debug_abbrev  0x00000b96      0x217 hal/src/hal_usart_sync.o
 .debug_abbrev  0x00000dad       0x86 hal/utils/src/utils_assert.o
 .debug_abbrev  0x00000e33      0x269 hal/utils/src/utils_syscalls.o
 .debug_abbrev  0x0000109c      0x499 hpl/adc/hpl_adc.o
 .debug_abbrev  0x00001535      0x4b0 hpl/can/hpl_can.o
 .debug_abbrev  0x000019e5      0x1ce hpl/core/hpl_init.o
 .debug_abbrev  0x00001bb3      0x232 hpl/divas/hpl_divas.o
 .debug_abbrev  0x00001de5      0x1ab hpl/gclk/hpl_gclk.o
 .debug_abbrev  0x00001f90      0x1ac hpl/mclk/hpl_mclk.o
 .debug_abbrev  0x0000213c      0x1d1 hpl/osc32kctrl/hpl_osc32kctrl.o
 .debug_abbrev  0x0000230d      0x265 hpl/oscctrl/hpl_oscctrl.o
 .debug_abbrev  0x00002572      0x58f hpl/sercom/hpl_sercom.o
 .debug_abbrev  0x00002b01      0x373 hpl/tsens/hpl_tsens.o
 .debug_abbrev  0x00002e74      0x38d main.o
 .debug_abbrev  0x00003201      0x1e8 stdio_redirect/gcc/read.o
 .debug_abbrev  0x000033e9      0x1e8 stdio_redirect/gcc/write.o
 .debug_abbrev  0x000035d1      0x229 stdio_redirect/stdio_io.o
 .debug_abbrev  0x000037fa      0x1f5 stdio_start.o

.debug_loc      0x00000000    0x10971
 .debug_loc     0x00000000       0x20 atmel_start.o
 .debug_loc     0x00000020       0x40 Device_Startup/startup_samc21.o
 .debug_loc     0x00000060     0x23dd driver_init.o
 .debug_loc     0x0000243d      0x8c0 hal/src/hal_adc_sync.o
 .debug_loc     0x00002cfd      0x682 hal/src/hal_can_async.o
 .debug_loc     0x0000337f      0x18a hal/src/hal_io.o
 .debug_loc     0x00003509      0x216 hal/src/hal_temp_sync.o
 .debug_loc     0x0000371f      0x9b2 hal/src/hal_usart_sync.o
 .debug_loc     0x000040d1      0x13b hal/utils/src/utils_syscalls.o
 .debug_loc     0x0000420c     0x1df8 hpl/adc/hpl_adc.o
 .debug_loc     0x00006004      0xcad hpl/can/hpl_can.o
 .debug_loc     0x00006cb1       0x4c hpl/core/hpl_init.o
 .debug_loc     0x00006cfd      0x2a5 hpl/divas/hpl_divas.o
 .debug_loc     0x00006fa2      0x31e hpl/gclk/hpl_gclk.o
 .debug_loc     0x000072c0       0x2c hpl/mclk/hpl_mclk.o
 .debug_loc     0x000072ec       0x94 hpl/osc32kctrl/hpl_osc32kctrl.o
 .debug_loc     0x00007380      0x1b5 hpl/oscctrl/hpl_oscctrl.o
 .debug_loc     0x00007535     0x801f hpl/sercom/hpl_sercom.o
 .debug_loc     0x0000f554      0xd18 hpl/tsens/hpl_tsens.o
 .debug_loc     0x0001026c      0x3ae main.o
 .debug_loc     0x0001061a       0xe8 stdio_redirect/gcc/read.o
 .debug_loc     0x00010702       0xdc stdio_redirect/gcc/write.o
 .debug_loc     0x000107de      0x153 stdio_redirect/stdio_io.o
 .debug_loc     0x00010931       0x40 stdio_start.o

.debug_aranges  0x00000000      0xce0
 .debug_aranges
                0x00000000       0x20 atmel_start.o
 .debug_aranges
                0x00000020       0x28 Device_Startup/startup_samc21.o
 .debug_aranges
                0x00000048       0x70 driver_init.o
 .debug_aranges
                0x000000b8       0x98 hal/src/hal_adc_sync.o
 .debug_aranges
                0x00000150       0x90 hal/src/hal_can_async.o
 .debug_aranges
                0x000001e0       0x30 hal/src/hal_io.o
 .debug_aranges
                0x00000210       0x48 hal/src/hal_temp_sync.o
 .debug_aranges
                0x00000258       0xa8 hal/src/hal_usart_sync.o
 .debug_aranges
                0x00000300       0x20 hal/utils/src/utils_assert.o
 .debug_aranges
                0x00000320       0x60 hal/utils/src/utils_syscalls.o
 .debug_aranges
                0x00000380      0x1e0 hpl/adc/hpl_adc.o
 .debug_aranges
                0x00000560       0x78 hpl/can/hpl_can.o
 .debug_aranges
                0x000005d8       0x20 hpl/core/hpl_init.o
 .debug_aranges
                0x000005f8       0x40 hpl/divas/hpl_divas.o
 .debug_aranges
                0x00000638       0x28 hpl/gclk/hpl_gclk.o
 .debug_aranges
                0x00000660       0x20 hpl/mclk/hpl_mclk.o
 .debug_aranges
                0x00000680       0x20 hpl/osc32kctrl/hpl_osc32kctrl.o
 .debug_aranges
                0x000006a0       0x28 hpl/oscctrl/hpl_oscctrl.o
 .debug_aranges
                0x000006c8      0x4c8 hpl/sercom/hpl_sercom.o
 .debug_aranges
                0x00000b90       0x88 hpl/tsens/hpl_tsens.o
 .debug_aranges
                0x00000c18       0x28 main.o
 .debug_aranges
                0x00000c40       0x20 stdio_redirect/gcc/read.o
 .debug_aranges
                0x00000c60       0x20 stdio_redirect/gcc/write.o
 .debug_aranges
                0x00000c80       0x38 stdio_redirect/stdio_io.o
 .debug_aranges
                0x00000cb8       0x28 stdio_start.o

.debug_ranges   0x00000000     0x11c8
 .debug_ranges  0x00000000       0x10 atmel_start.o
 .debug_ranges  0x00000010       0x18 Device_Startup/startup_samc21.o
 .debug_ranges  0x00000028       0x60 driver_init.o
 .debug_ranges  0x00000088       0xa0 hal/src/hal_adc_sync.o
 .debug_ranges  0x00000128       0x80 hal/src/hal_can_async.o
 .debug_ranges  0x000001a8       0x20 hal/src/hal_io.o
 .debug_ranges  0x000001c8       0x38 hal/src/hal_temp_sync.o
 .debug_ranges  0x00000200       0x98 hal/src/hal_usart_sync.o
 .debug_ranges  0x00000298       0x10 hal/utils/src/utils_assert.o
 .debug_ranges  0x000002a8       0x50 hal/utils/src/utils_syscalls.o
 .debug_ranges  0x000002f8      0x1e8 hpl/adc/hpl_adc.o
 .debug_ranges  0x000004e0       0x98 hpl/can/hpl_can.o
 .debug_ranges  0x00000578       0x10 hpl/core/hpl_init.o
 .debug_ranges  0x00000588       0x30 hpl/divas/hpl_divas.o
 .debug_ranges  0x000005b8       0x18 hpl/gclk/hpl_gclk.o
 .debug_ranges  0x000005d0       0x10 hpl/mclk/hpl_mclk.o
 .debug_ranges  0x000005e0       0x10 hpl/osc32kctrl/hpl_osc32kctrl.o
 .debug_ranges  0x000005f0       0x30 hpl/oscctrl/hpl_oscctrl.o
 .debug_ranges  0x00000620      0x9f8 hpl/sercom/hpl_sercom.o
 .debug_ranges  0x00001018      0x138 hpl/tsens/hpl_tsens.o
 .debug_ranges  0x00001150       0x18 main.o
 .debug_ranges  0x00001168       0x10 stdio_redirect/gcc/read.o
 .debug_ranges  0x00001178       0x10 stdio_redirect/gcc/write.o
 .debug_ranges  0x00001188       0x28 stdio_redirect/stdio_io.o
 .debug_ranges  0x000011b0       0x18 stdio_start.o

.debug_macro    0x00000000    0x20181
 .debug_macro   0x00000000      0x7e9 atmel_start.o
 .debug_macro   0x000007e9       0x3f atmel_start.o
 .debug_macro   0x00000828       0x1c atmel_start.o
 .debug_macro   0x00000844       0x22 atmel_start.o
 .debug_macro   0x00000866       0xb5 atmel_start.o
 .debug_macro   0x0000091b      0x4da atmel_start.o
 .debug_macro   0x00000df5      0x11f atmel_start.o
 .debug_macro   0x00000f14      0x897 atmel_start.o
 .debug_macro   0x000017ab      0x8c0 atmel_start.o
 .debug_macro   0x0000206b     0x2d61 atmel_start.o
 .debug_macro   0x00004dcc      0x21e atmel_start.o
 .debug_macro   0x00004fea      0x282 atmel_start.o
 .debug_macro   0x0000526c      0x130 atmel_start.o
 .debug_macro   0x0000539c      0xd32 atmel_start.o
 .debug_macro   0x000060ce      0x61f atmel_start.o
 .debug_macro   0x000066ed      0x5be atmel_start.o
 .debug_macro   0x00006cab      0x824 atmel_start.o
 .debug_macro   0x000074cf      0x172 atmel_start.o
 .debug_macro   0x00007641      0x306 atmel_start.o
 .debug_macro   0x00007947      0x55f atmel_start.o
 .debug_macro   0x00007ea6      0x421 atmel_start.o
 .debug_macro   0x000082c7      0x21c atmel_start.o
 .debug_macro   0x000084e3      0x719 atmel_start.o
 .debug_macro   0x00008bfc      0x5ab atmel_start.o
 .debug_macro   0x000091a7      0x335 atmel_start.o
 .debug_macro   0x000094dc      0x68d atmel_start.o
 .debug_macro   0x00009b69       0xc4 atmel_start.o
 .debug_macro   0x00009c2d      0x340 atmel_start.o
 .debug_macro   0x00009f6d       0x6a atmel_start.o
 .debug_macro   0x00009fd7     0x124b atmel_start.o
 .debug_macro   0x0000b222      0x5a5 atmel_start.o
 .debug_macro   0x0000b7c7      0xfc4 atmel_start.o
 .debug_macro   0x0000c78b      0x59e atmel_start.o
 .debug_macro   0x0000cd29      0x8ae atmel_start.o
 .debug_macro   0x0000d5d7     0x19be atmel_start.o
 .debug_macro   0x0000ef95      0x39c atmel_start.o
 .debug_macro   0x0000f331      0x36a atmel_start.o
 .debug_macro   0x0000f69b       0x94 atmel_start.o
 .debug_macro   0x0000f72f       0xac atmel_start.o
 .debug_macro   0x0000f7db       0xac atmel_start.o
 .debug_macro   0x0000f887      0x149 atmel_start.o
 .debug_macro   0x0000f9d0      0x149 atmel_start.o
 .debug_macro   0x0000fb19       0x4c atmel_start.o
 .debug_macro   0x0000fb65       0x58 atmel_start.o
 .debug_macro   0x0000fbbd       0x3a atmel_start.o
 .debug_macro   0x0000fbf7       0xd6 atmel_start.o
 .debug_macro   0x0000fccd       0xb8 atmel_start.o
 .debug_macro   0x0000fd85       0x64 atmel_start.o
 .debug_macro   0x0000fde9      0x5d7 atmel_start.o
 .debug_macro   0x000103c0       0x4c atmel_start.o
 .debug_macro   0x0001040c      0x1be atmel_start.o
 .debug_macro   0x000105ca      0x184 atmel_start.o
 .debug_macro   0x0001074e       0x52 atmel_start.o
 .debug_macro   0x000107a0       0xa0 atmel_start.o
 .debug_macro   0x00010840       0xd6 atmel_start.o
 .debug_macro   0x00010916       0x94 atmel_start.o
 .debug_macro   0x000109aa       0x4c atmel_start.o
 .debug_macro   0x000109f6       0x64 atmel_start.o
 .debug_macro   0x00010a5a       0x22 atmel_start.o
 .debug_macro   0x00010a7c      0x16c atmel_start.o
 .debug_macro   0x00010be8       0x2e atmel_start.o
 .debug_macro   0x00010c16       0x16 atmel_start.o
 .debug_macro   0x00010c2c       0xd6 atmel_start.o
 .debug_macro   0x00010d02       0xa0 atmel_start.o
 .debug_macro   0x00010da2      0x133 atmel_start.o
 .debug_macro   0x00010ed5      0x133 atmel_start.o
 .debug_macro   0x00011008      0x133 atmel_start.o
 .debug_macro   0x0001113b      0x133 atmel_start.o
 .debug_macro   0x0001126e      0x133 atmel_start.o
 .debug_macro   0x000113a1      0x133 atmel_start.o
 .debug_macro   0x000114d4       0x4c atmel_start.o
 .debug_macro   0x00011520       0xfa atmel_start.o
 .debug_macro   0x0001161a       0xfa atmel_start.o
 .debug_macro   0x00011714       0xfa atmel_start.o
 .debug_macro   0x0001180e       0xfa atmel_start.o
 .debug_macro   0x00011908       0xfa atmel_start.o
 .debug_macro   0x00011a02      0x124 atmel_start.o
 .debug_macro   0x00011b26       0xfa atmel_start.o
 .debug_macro   0x00011c20       0xee atmel_start.o
 .debug_macro   0x00011d0e       0x76 atmel_start.o
 .debug_macro   0x00011d84       0x3a atmel_start.o
 .debug_macro   0x00011dbe      0x46b atmel_start.o
 .debug_macro   0x00012229     0x1de3 atmel_start.o
 .debug_macro   0x0001400c       0x82 atmel_start.o
 .debug_macro   0x0001408e       0x10 atmel_start.o
 .debug_macro   0x0001409e       0x10 atmel_start.o
 .debug_macro   0x000140ae       0x16 atmel_start.o
 .debug_macro   0x000140c4       0x16 atmel_start.o
 .debug_macro   0x000140da       0x16 atmel_start.o
 .debug_macro   0x000140f0       0x16 atmel_start.o
 .debug_macro   0x00014106       0x16 atmel_start.o
 .debug_macro   0x0001411c       0x16 atmel_start.o
 .debug_macro   0x00014132       0x16 atmel_start.o
 .debug_macro   0x00014148       0x16 atmel_start.o
 .debug_macro   0x0001415e       0x16 atmel_start.o
 .debug_macro   0x00014174       0x16 atmel_start.o
 .debug_macro   0x0001418a       0x16 atmel_start.o
 .debug_macro   0x000141a0       0x16 atmel_start.o
 .debug_macro   0x000141b6       0x16 atmel_start.o
 .debug_macro   0x000141cc       0x16 atmel_start.o
 .debug_macro   0x000141e2       0x16 atmel_start.o
 .debug_macro   0x000141f8       0x16 atmel_start.o
 .debug_macro   0x0001420e       0x16 atmel_start.o
 .debug_macro   0x00014224       0x16 atmel_start.o
 .debug_macro   0x0001423a       0x16 atmel_start.o
 .debug_macro   0x00014250       0x16 atmel_start.o
 .debug_macro   0x00014266       0x16 atmel_start.o
 .debug_macro   0x0001427c      0x262 atmel_start.o
 .debug_macro   0x000144de       0x16 atmel_start.o
 .debug_macro   0x000144f4       0x94 atmel_start.o
 .debug_macro   0x00014588       0x16 atmel_start.o
 .debug_macro   0x0001459e       0xbe atmel_start.o
 .debug_macro   0x0001465c      0x28c atmel_start.o
 .debug_macro   0x000148e8       0x16 atmel_start.o
 .debug_macro   0x000148fe       0x16 atmel_start.o
 .debug_macro   0x00014914       0xca atmel_start.o
 .debug_macro   0x000149de       0x1c atmel_start.o
 .debug_macro   0x000149fa       0x16 atmel_start.o
 .debug_macro   0x00014a10       0xcf atmel_start.o
 .debug_macro   0x00014adf       0xd0 atmel_start.o
 .debug_macro   0x00014baf       0xc9 atmel_start.o
 .debug_macro   0x00014c78       0x16 atmel_start.o
 .debug_macro   0x00014c8e      0x34d atmel_start.o
 .debug_macro   0x00014fdb       0x10 atmel_start.o
 .debug_macro   0x00014feb       0x10 atmel_start.o
 .debug_macro   0x00014ffb       0x1c atmel_start.o
 .debug_macro   0x00015017       0x52 atmel_start.o
 .debug_macro   0x00015069       0x40 atmel_start.o
 .debug_macro   0x000150a9       0x10 atmel_start.o
 .debug_macro   0x000150b9       0x40 atmel_start.o
 .debug_macro   0x000150f9       0xd7 atmel_start.o
 .debug_macro   0x000151d0       0x16 atmel_start.o
 .debug_macro   0x000151e6      0x18b atmel_start.o
 .debug_macro   0x00015371      0x3ba Device_Startup/startup_samc21.o
 .debug_macro   0x0001572b       0x39 Device_Startup/startup_samc21.o
 .debug_macro   0x00015764      0x690 driver_init.o
 .debug_macro   0x00015df4       0x50 driver_init.o
 .debug_macro   0x00015e44      0x572 hal/src/hal_adc_sync.o
 .debug_macro   0x000163b6      0x580 hal/src/hal_can_async.o
 .debug_macro   0x00016936       0x10 hal/src/hal_can_async.o
 .debug_macro   0x00016946      0x54f hal/src/hal_io.o
 .debug_macro   0x00016e95      0x560 hal/src/hal_temp_sync.o
 .debug_macro   0x000173f5      0x57a hal/src/hal_usart_sync.o
 .debug_macro   0x0001796f      0x544 hal/utils/src/utils_assert.o
 .debug_macro   0x00017eb3      0x1d6 hal/utils/src/utils_syscalls.o
 .debug_macro   0x00018089       0x52 hal/utils/src/utils_syscalls.o
 .debug_macro   0x000180db       0x8d hal/utils/src/utils_syscalls.o
 .debug_macro   0x00018168       0x57 hal/utils/src/utils_syscalls.o
 .debug_macro   0x000181bf       0x97 hal/utils/src/utils_syscalls.o
 .debug_macro   0x00018256       0xf6 hal/utils/src/utils_syscalls.o
 .debug_macro   0x0001834c       0x4c hal/utils/src/utils_syscalls.o
 .debug_macro   0x00018398       0x16 hal/utils/src/utils_syscalls.o
 .debug_macro   0x000183ae       0x10 hal/utils/src/utils_syscalls.o
 .debug_macro   0x000183be       0x10 hal/utils/src/utils_syscalls.o
 .debug_macro   0x000183ce       0x35 hal/utils/src/utils_syscalls.o
 .debug_macro   0x00018403      0x122 hal/utils/src/utils_syscalls.o
 .debug_macro   0x00018525      0x5a3 hpl/adc/hpl_adc.o
 .debug_macro   0x00018ac8      0x6cc hpl/adc/hpl_adc.o
 .debug_macro   0x00019194      0x6ba hpl/adc/hpl_adc.o
 .debug_macro   0x0001984e       0xf4 hpl/adc/hpl_adc.o
 .debug_macro   0x00019942      0x649 hpl/can/hpl_can.o
 .debug_macro   0x00019f8b      0x167 hpl/can/hpl_can.o
 .debug_macro   0x0001a0f2       0x9e hpl/can/hpl_can.o
 .debug_macro   0x0001a190      0x5c9 hpl/core/hpl_init.o
 .debug_macro   0x0001a759       0x1c hpl/core/hpl_init.o
 .debug_macro   0x0001a775      0x772 hpl/core/hpl_init.o
 .debug_macro   0x0001aee7      0x562 hpl/divas/hpl_divas.o
 .debug_macro   0x0001b449      0x553 hpl/gclk/hpl_gclk.o
 .debug_macro   0x0001b99c      0x1f4 hpl/gclk/hpl_gclk.o
 .debug_macro   0x0001bb90      0x54e hpl/mclk/hpl_mclk.o
 .debug_macro   0x0001c0de      0x549 hpl/osc32kctrl/hpl_osc32kctrl.o
 .debug_macro   0x0001c627       0xb8 hpl/osc32kctrl/hpl_osc32kctrl.o
 .debug_macro   0x0001c6df      0x549 hpl/oscctrl/hpl_oscctrl.o
 .debug_macro   0x0001cc28      0x137 hpl/oscctrl/hpl_oscctrl.o
 .debug_macro   0x0001cd5f      0x79d hpl/sercom/hpl_sercom.o
 .debug_macro   0x0001d4fc       0x70 hpl/sercom/hpl_sercom.o
 .debug_macro   0x0001d56c       0xba hpl/sercom/hpl_sercom.o
 .debug_macro   0x0001d626       0x10 hpl/sercom/hpl_sercom.o
 .debug_macro   0x0001d636       0x1c hpl/sercom/hpl_sercom.o
 .debug_macro   0x0001d652       0x22 hpl/sercom/hpl_sercom.o
 .debug_macro   0x0001d674       0x10 hpl/sercom/hpl_sercom.o
 .debug_macro   0x0001d684      0x579 hpl/tsens/hpl_tsens.o
 .debug_macro   0x0001dbfd       0x6a hpl/tsens/hpl_tsens.o
 .debug_macro   0x0001dc67      0x87a main.o
 .debug_macro   0x0001e4e1       0x10 main.o
 .debug_macro   0x0001e4f1      0x6aa stdio_redirect/gcc/read.o
 .debug_macro   0x0001eb9b      0x6aa stdio_redirect/gcc/write.o
 .debug_macro   0x0001f245      0x6a3 stdio_redirect/stdio_io.o
 .debug_macro   0x0001f8e8       0xaf stdio_redirect/stdio_io.o
 .debug_macro   0x0001f997      0x7ea stdio_start.o

.debug_line     0x00000000    0x1508e
 .debug_line    0x00000000      0xdd5 atmel_start.o
 .debug_line    0x00000dd5      0x7c3 Device_Startup/startup_samc21.o
 .debug_line    0x00001598      0xfce driver_init.o
 .debug_line    0x00002566      0xc77 hal/src/hal_adc_sync.o
 .debug_line    0x000031dd      0xc5a hal/src/hal_can_async.o
 .debug_line    0x00003e37      0xb06 hal/src/hal_io.o
 .debug_line    0x0000493d      0xb60 hal/src/hal_temp_sync.o
 .debug_line    0x0000549d      0xcde hal/src/hal_usart_sync.o
 .debug_line    0x0000617b      0xabc hal/utils/src/utils_assert.o
 .debug_line    0x00006c37      0x40b hal/utils/src/utils_syscalls.o
 .debug_line    0x00007042     0x141f hpl/adc/hpl_adc.o
 .debug_line    0x00008461      0xf6c hpl/can/hpl_can.o
 .debug_line    0x000093cd      0xbaa hpl/core/hpl_init.o
 .debug_line    0x00009f77      0xbc4 hpl/divas/hpl_divas.o
 .debug_line    0x0000ab3b      0xb56 hpl/gclk/hpl_gclk.o
 .debug_line    0x0000b691      0xae4 hpl/mclk/hpl_mclk.o
 .debug_line    0x0000c175      0xaf9 hpl/osc32kctrl/hpl_osc32kctrl.o
 .debug_line    0x0000cc6e      0xb6b hpl/oscctrl/hpl_oscctrl.o
 .debug_line    0x0000d7d9     0x298d hpl/sercom/hpl_sercom.o
 .debug_line    0x00010166      0xea6 hpl/tsens/hpl_tsens.o
 .debug_line    0x0001100c      0xec4 main.o
 .debug_line    0x00011ed0      0xbe5 stdio_redirect/gcc/read.o
 .debug_line    0x00012ab5      0xbe6 stdio_redirect/gcc/write.o
 .debug_line    0x0001369b      0xc09 stdio_redirect/stdio_io.o
 .debug_line    0x000142a4      0xdea stdio_start.o

.debug_str      0x00000000    0x9eee9
 .debug_str     0x00000000    0x8aaca atmel_start.o
                              0x8b6f3 (size before relaxing)
 .debug_str     0x0008aaca      0x3e2 Device_Startup/startup_samc21.o
                              0x81c6a (size before relaxing)
 .debug_str     0x0008aeac     0x211e driver_init.o
                              0x89aa2 (size before relaxing)
 .debug_str     0x0008cfca      0x403 hal/src/hal_adc_sync.o
                              0x869d9 (size before relaxing)
 .debug_str     0x0008d3cd      0x22e hal/src/hal_can_async.o
                              0x86cd7 (size before relaxing)
 .debug_str     0x0008d5fb       0x2c hal/src/hal_io.o
                              0x86488 (size before relaxing)
 .debug_str     0x0008d627       0x88 hal/src/hal_temp_sync.o
                              0x8651e (size before relaxing)
 .debug_str     0x0008d6af      0x4aa hal/src/hal_usart_sync.o
                              0x86f28 (size before relaxing)
 .debug_str     0x0008db59       0x2a hal/utils/src/utils_assert.o
                              0x863eb (size before relaxing)
 .debug_str     0x0008db83      0x77f hal/utils/src/utils_syscalls.o
                               0x72f6 (size before relaxing)
 .debug_str     0x0008e302     0x6e17 hpl/adc/hpl_adc.o
                              0x8d9ea (size before relaxing)
 .debug_str     0x00095119     0x128a hpl/can/hpl_can.o
                              0x8b87b (size before relaxing)
 .debug_str     0x000963a3     0x1aae hpl/core/hpl_init.o
                              0x889c6 (size before relaxing)
 .debug_str     0x00097e51      0x2b3 hpl/divas/hpl_divas.o
                              0x8665c (size before relaxing)
 .debug_str     0x00098104      0x81e hpl/gclk/hpl_gclk.o
                              0x86d23 (size before relaxing)
 .debug_str     0x00098922       0x47 hpl/mclk/hpl_mclk.o
                              0x8682f (size before relaxing)
 .debug_str     0x00098969      0x521 hpl/osc32kctrl/hpl_osc32kctrl.o
                              0x868fb (size before relaxing)
 .debug_str     0x00098e8a      0x9d9 hpl/oscctrl/hpl_oscctrl.o
                              0x86f3c (size before relaxing)
 .debug_str     0x00099863     0x47a0 hpl/sercom/hpl_sercom.o
                              0x8c11b (size before relaxing)
 .debug_str     0x0009e003      0x974 hpl/tsens/hpl_tsens.o
                              0x87454 (size before relaxing)
 .debug_str     0x0009e977      0x4a3 main.o
                              0x8c1c9 (size before relaxing)
 .debug_str     0x0009ee1a       0x2b stdio_redirect/gcc/read.o
                              0x8a198 (size before relaxing)
 .debug_str     0x0009ee45       0x2d stdio_redirect/gcc/write.o
                              0x8a19a (size before relaxing)
 .debug_str     0x0009ee72       0x4b stdio_redirect/stdio_io.o
                              0x8a233 (size before relaxing)
 .debug_str     0x0009eebd       0x2c stdio_start.o
                              0x8b723 (size before relaxing)

.debug_frame    0x00000000     0x2a94
 .debug_frame   0x00000000       0x28 atmel_start.o
 .debug_frame   0x00000028       0x38 Device_Startup/startup_samc21.o
 .debug_frame   0x00000060      0x124 driver_init.o
 .debug_frame   0x00000184      0x1d4 hal/src/hal_adc_sync.o
 .debug_frame   0x00000358      0x18c hal/src/hal_can_async.o
 .debug_frame   0x000004e4       0x58 hal/src/hal_io.o
 .debug_frame   0x0000053c       0xa0 hal/src/hal_temp_sync.o
 .debug_frame   0x000005dc      0x200 hal/src/hal_usart_sync.o
 .debug_frame   0x000007dc       0x20 hal/utils/src/utils_assert.o
 .debug_frame   0x000007fc       0xa8 hal/utils/src/utils_syscalls.o
 .debug_frame   0x000008a4      0x430 hpl/adc/hpl_adc.o
 .debug_frame   0x00000cd4      0x120 hpl/can/hpl_can.o
 .debug_frame   0x00000df4       0x28 hpl/core/hpl_init.o
 .debug_frame   0x00000e1c       0x90 hpl/divas/hpl_divas.o
 .debug_frame   0x00000eac       0x30 hpl/gclk/hpl_gclk.o
 .debug_frame   0x00000edc       0x20 hpl/mclk/hpl_mclk.o
 .debug_frame   0x00000efc       0x20 hpl/osc32kctrl/hpl_osc32kctrl.o
 .debug_frame   0x00000f1c       0x38 hpl/oscctrl/hpl_oscctrl.o
 .debug_frame   0x00000f54      0xddc hpl/sercom/hpl_sercom.o
 .debug_frame   0x00001d30      0x120 hpl/tsens/hpl_tsens.o
 .debug_frame   0x00001e50       0x58 main.o
 .debug_frame   0x00001ea8       0x28 stdio_redirect/gcc/read.o
 .debug_frame   0x00001ed0       0x28 stdio_redirect/gcc/write.o
 .debug_frame   0x00001ef8       0x6c stdio_redirect/stdio_io.o
 .debug_frame   0x00001f64       0x40 stdio_start.o
 .debug_frame   0x00001fa4       0x28 c:/program files (x86)/atmel/studio/7.0/toolchain/arm/arm-gnu-toolchain/bin/../lib/gcc/arm-none-eabi/6.3.1/thumb/v6-m\libgcc.a(_fixunssfsi.o)
 .debug_frame   0x00001fcc       0x2c c:/program files (x86)/atmel/studio/7.0/toolchain/arm/arm-gnu-toolchain/bin/../lib/gcc/arm-none-eabi/6.3.1/thumb/v6-m\libgcc.a(_fixunsdfsi.o)
 .debug_frame   0x00001ff8       0x2c c:/program files (x86)/atmel/studio/7.0/toolchain/arm/arm-gnu-toolchain/bin/../lib/gcc/arm-none-eabi/6.3.1/thumb/v6-m\libgcc.a(eqsf2.o)
 .debug_frame   0x00002024       0x30 c:/program files (x86)/atmel/studio/7.0/toolchain/arm/arm-gnu-toolchain/bin/../lib/gcc/arm-none-eabi/6.3.1/thumb/v6-m\libgcc.a(gesf2.o)
 .debug_frame   0x00002054       0x30 c:/program files (x86)/atmel/studio/7.0/toolchain/arm/arm-gnu-toolchain/bin/../lib/gcc/arm-none-eabi/6.3.1/thumb/v6-m\libgcc.a(lesf2.o)
 .debug_frame   0x00002084       0x3c c:/program files (x86)/atmel/studio/7.0/toolchain/arm/arm-gnu-toolchain/bin/../lib/gcc/arm-none-eabi/6.3.1/thumb/v6-m\libgcc.a(mulsf3.o)
 .debug_frame   0x000020c0       0x38 c:/program files (x86)/atmel/studio/7.0/toolchain/arm/arm-gnu-toolchain/bin/../lib/gcc/arm-none-eabi/6.3.1/thumb/v6-m\libgcc.a(subsf3.o)
 .debug_frame   0x000020f8       0x20 c:/program files (x86)/atmel/studio/7.0/toolchain/arm/arm-gnu-toolchain/bin/../lib/gcc/arm-none-eabi/6.3.1/thumb/v6-m\libgcc.a(fixsfsi.o)
 .debug_frame   0x00002118       0x28 c:/program files (x86)/atmel/studio/7.0/toolchain/arm/arm-gnu-toolchain/bin/../lib/gcc/arm-none-eabi/6.3.1/thumb/v6-m\libgcc.a(floatunsisf.o)
 .debug_frame   0x00002140       0x3c c:/program files (x86)/atmel/studio/7.0/toolchain/arm/arm-gnu-toolchain/bin/../lib/gcc/arm-none-eabi/6.3.1/thumb/v6-m\libgcc.a(muldf3.o)
 .debug_frame   0x0000217c       0x38 c:/program files (x86)/atmel/studio/7.0/toolchain/arm/arm-gnu-toolchain/bin/../lib/gcc/arm-none-eabi/6.3.1/thumb/v6-m\libgcc.a(subdf3.o)
 .debug_frame   0x000021b4       0x2c c:/program files (x86)/atmel/studio/7.0/toolchain/arm/arm-gnu-toolchain/bin/../lib/gcc/arm-none-eabi/6.3.1/thumb/v6-m\libgcc.a(fixdfsi.o)
 .debug_frame   0x000021e0       0x28 c:/program files (x86)/atmel/studio/7.0/toolchain/arm/arm-gnu-toolchain/bin/../lib/gcc/arm-none-eabi/6.3.1/thumb/v6-m\libgcc.a(floatunsidf.o)
 .debug_frame   0x00002208       0x38 c:/program files (x86)/atmel/studio/7.0/toolchain/arm/arm-gnu-toolchain/bin/../lib/gcc/arm-none-eabi/6.3.1/thumb/v6-m\libgcc.a(eqdf2.o)
 .debug_frame   0x00002240       0x38 c:/program files (x86)/atmel/studio/7.0/toolchain/arm/arm-gnu-toolchain/bin/../lib/gcc/arm-none-eabi/6.3.1/thumb/v6-m\libgcc.a(gedf2.o)
 .debug_frame   0x00002278       0x38 c:/program files (x86)/atmel/studio/7.0/toolchain/arm/arm-gnu-toolchain/bin/../lib/gcc/arm-none-eabi/6.3.1/thumb/v6-m\libgcc.a(ledf2.o)
 .debug_frame   0x000022b0       0x2c c:/program files (x86)/atmel/studio/7.0/toolchain/arm/arm-gnu-toolchain/bin/../lib/gcc/arm-none-eabi/6.3.1/../../../../arm-none-eabi/lib/thumb/v6-m\libc_nano.a(lib_a-init.o)
 .debug_frame   0x000022dc       0x20 c:/program files (x86)/atmel/studio/7.0/toolchain/arm/arm-gnu-toolchain/bin/../lib/gcc/arm-none-eabi/6.3.1/../../../../arm-none-eabi/lib/thumb/v6-m\libc_nano.a(lib_a-memset.o)
 .debug_frame   0x000022fc       0x9c c:/program files (x86)/atmel/studio/7.0/toolchain/arm/arm-gnu-toolchain/bin/../lib/gcc/arm-none-eabi/6.3.1/../../../../arm-none-eabi/lib/thumb/v6-m\libc_nano.a(lib_a-nano-vfprintf.o)
 .debug_frame   0x00002398       0x54 c:/program files (x86)/atmel/studio/7.0/toolchain/arm/arm-gnu-toolchain/bin/../lib/gcc/arm-none-eabi/6.3.1/../../../../arm-none-eabi/lib/thumb/v6-m\libc_nano.a(lib_a-nano-vfprintf_i.o)
 .debug_frame   0x000023ec       0x50 c:/program files (x86)/atmel/studio/7.0/toolchain/arm/arm-gnu-toolchain/bin/../lib/gcc/arm-none-eabi/6.3.1/../../../../arm-none-eabi/lib/thumb/v6-m\libc_nano.a(lib_a-printf.o)
 .debug_frame   0x0000243c       0x44 c:/program files (x86)/atmel/studio/7.0/toolchain/arm/arm-gnu-toolchain/bin/../lib/gcc/arm-none-eabi/6.3.1/../../../../arm-none-eabi/lib/thumb/v6-m\libc_nano.a(lib_a-puts.o)
 .debug_frame   0x00002480       0x28 c:/program files (x86)/atmel/studio/7.0/toolchain/arm/arm-gnu-toolchain/bin/../lib/gcc/arm-none-eabi/6.3.1/../../../../arm-none-eabi/lib/thumb/v6-m\libc_nano.a(lib_a-setbuf.o)
 .debug_frame   0x000024a8       0x30 c:/program files (x86)/atmel/studio/7.0/toolchain/arm/arm-gnu-toolchain/bin/../lib/gcc/arm-none-eabi/6.3.1/../../../../arm-none-eabi/lib/thumb/v6-m\libc_nano.a(lib_a-setvbuf.o)
 .debug_frame   0x000024d8       0x48 c:/program files (x86)/atmel/studio/7.0/toolchain/arm/arm-gnu-toolchain/bin/../lib/gcc/arm-none-eabi/6.3.1/../../../../arm-none-eabi/lib/thumb/v6-m\libc_nano.a(lib_a-wbuf.o)
 .debug_frame   0x00002520       0x2c c:/program files (x86)/atmel/studio/7.0/toolchain/arm/arm-gnu-toolchain/bin/../lib/gcc/arm-none-eabi/6.3.1/../../../../arm-none-eabi/lib/thumb/v6-m\libc_nano.a(lib_a-wsetup.o)
 .debug_frame   0x0000254c       0x68 c:/program files (x86)/atmel/studio/7.0/toolchain/arm/arm-gnu-toolchain/bin/../lib/gcc/arm-none-eabi/6.3.1/../../../../arm-none-eabi/lib/thumb/v6-m\libc_nano.a(lib_a-fflush.o)
 .debug_frame   0x000025b4      0x140 c:/program files (x86)/atmel/studio/7.0/toolchain/arm/arm-gnu-toolchain/bin/../lib/gcc/arm-none-eabi/6.3.1/../../../../arm-none-eabi/lib/thumb/v6-m\libc_nano.a(lib_a-findfp.o)
 .debug_frame   0x000026f4       0x58 c:/program files (x86)/atmel/studio/7.0/toolchain/arm/arm-gnu-toolchain/bin/../lib/gcc/arm-none-eabi/6.3.1/../../../../arm-none-eabi/lib/thumb/v6-m\libc_nano.a(lib_a-fwalk.o)
 .debug_frame   0x0000274c       0x54 c:/program files (x86)/atmel/studio/7.0/toolchain/arm/arm-gnu-toolchain/bin/../lib/gcc/arm-none-eabi/6.3.1/../../../../arm-none-eabi/lib/thumb/v6-m\libc_nano.a(lib_a-makebuf.o)
 .debug_frame   0x000027a0       0x40 c:/program files (x86)/atmel/studio/7.0/toolchain/arm/arm-gnu-toolchain/bin/../lib/gcc/arm-none-eabi/6.3.1/../../../../arm-none-eabi/lib/thumb/v6-m\libc_nano.a(lib_a-malloc.o)
 .debug_frame   0x000027e0       0x20 c:/program files (x86)/atmel/studio/7.0/toolchain/arm/arm-gnu-toolchain/bin/../lib/gcc/arm-none-eabi/6.3.1/../../../../arm-none-eabi/lib/thumb/v6-m\libc_nano.a(lib_a-memchr-stub.o)
 .debug_frame   0x00002800       0x2c c:/program files (x86)/atmel/studio/7.0/toolchain/arm/arm-gnu-toolchain/bin/../lib/gcc/arm-none-eabi/6.3.1/../../../../arm-none-eabi/lib/thumb/v6-m\libc_nano.a(lib_a-nano-freer.o)
 .debug_frame   0x0000282c       0x2c c:/program files (x86)/atmel/studio/7.0/toolchain/arm/arm-gnu-toolchain/bin/../lib/gcc/arm-none-eabi/6.3.1/../../../../arm-none-eabi/lib/thumb/v6-m\libc_nano.a(lib_a-nano-mallocr.o)
 .debug_frame   0x00002858       0x2c c:/program files (x86)/atmel/studio/7.0/toolchain/arm/arm-gnu-toolchain/bin/../lib/gcc/arm-none-eabi/6.3.1/../../../../arm-none-eabi/lib/thumb/v6-m\libc_nano.a(lib_a-sbrkr.o)
 .debug_frame   0x00002884       0x90 c:/program files (x86)/atmel/studio/7.0/toolchain/arm/arm-gnu-toolchain/bin/../lib/gcc/arm-none-eabi/6.3.1/../../../../arm-none-eabi/lib/thumb/v6-m\libc_nano.a(lib_a-stdio.o)
 .debug_frame   0x00002914       0x2c c:/program files (x86)/atmel/studio/7.0/toolchain/arm/arm-gnu-toolchain/bin/../lib/gcc/arm-none-eabi/6.3.1/../../../../arm-none-eabi/lib/thumb/v6-m\libc_nano.a(lib_a-writer.o)
 .debug_frame   0x00002940       0x2c c:/program files (x86)/atmel/studio/7.0/toolchain/arm/arm-gnu-toolchain/bin/../lib/gcc/arm-none-eabi/6.3.1/../../../../arm-none-eabi/lib/thumb/v6-m\libc_nano.a(lib_a-closer.o)
 .debug_frame   0x0000296c       0x2c c:/program files (x86)/atmel/studio/7.0/toolchain/arm/arm-gnu-toolchain/bin/../lib/gcc/arm-none-eabi/6.3.1/../../../../arm-none-eabi/lib/thumb/v6-m\libc_nano.a(lib_a-fstatr.o)
 .debug_frame   0x00002998       0x2c c:/program files (x86)/atmel/studio/7.0/toolchain/arm/arm-gnu-toolchain/bin/../lib/gcc/arm-none-eabi/6.3.1/../../../../arm-none-eabi/lib/thumb/v6-m\libc_nano.a(lib_a-isattyr.o)
 .debug_frame   0x000029c4       0x2c c:/program files (x86)/atmel/studio/7.0/toolchain/arm/arm-gnu-toolchain/bin/../lib/gcc/arm-none-eabi/6.3.1/../../../../arm-none-eabi/lib/thumb/v6-m\libc_nano.a(lib_a-lseekr.o)
 .debug_frame   0x000029f0       0x30 c:/program files (x86)/atmel/studio/7.0/toolchain/arm/arm-gnu-toolchain/bin/../lib/gcc/arm-none-eabi/6.3.1/../../../../arm-none-eabi/lib/thumb/v6-m\libc_nano.a(lib_a-mlock.o)
 .debug_frame   0x00002a20       0x2c c:/program files (x86)/atmel/studio/7.0/toolchain/arm/arm-gnu-toolchain/bin/../lib/gcc/arm-none-eabi/6.3.1/../../../../arm-none-eabi/lib/thumb/v6-m\libc_nano.a(lib_a-readr.o)
 .debug_frame   0x00002a4c       0x48 c:/program files (x86)/atmel/studio/7.0/toolchain/arm/arm-gnu-toolchain/bin/../lib/gcc/arm-none-eabi/6.3.1/../../../../arm-none-eabi/lib/thumb/v6-m\libc_nano.a(lib_a-reent.o)
